Component: ARM Compiler 5.06 update 5 (build 528) Tool: armlink [4d35e2]

==============================================================================

Section Cross References

    startup_stm32f405xx.o(RESET) refers to startup_stm32f405xx.o(STACK) for __initial_sp
    startup_stm32f405xx.o(RESET) refers to startup_stm32f405xx.o(.text) for Reset_Handler
    startup_stm32f405xx.o(RESET) refers to stm32f4xx_it.o(i.NMI_Handler) for NMI_Handler
    startup_stm32f405xx.o(RESET) refers to stm32f4xx_it.o(i.HardFault_Handler) for HardFault_Handler
    startup_stm32f405xx.o(RESET) refers to stm32f4xx_it.o(i.MemManage_Handler) for MemManage_Handler
    startup_stm32f405xx.o(RESET) refers to stm32f4xx_it.o(i.BusFault_Handler) for BusFault_Handler
    startup_stm32f405xx.o(RESET) refers to stm32f4xx_it.o(i.UsageFault_Handler) for UsageFault_Handler
    startup_stm32f405xx.o(RESET) refers to stm32f4xx_it.o(i.SVC_Handler) for SVC_Handler
    startup_stm32f405xx.o(RESET) refers to stm32f4xx_it.o(i.DebugMon_Handler) for DebugMon_Handler
    startup_stm32f405xx.o(RESET) refers to stm32f4xx_it.o(i.PendSV_Handler) for PendSV_Handler
    startup_stm32f405xx.o(RESET) refers to stm32f4xx_it.o(i.SysTick_Handler) for SysTick_Handler
    startup_stm32f405xx.o(RESET) refers to stm32f4xx_it.o(i.DMA1_Stream6_IRQHandler) for DMA1_Stream6_IRQHandler
    startup_stm32f405xx.o(RESET) refers to stm32f4xx_it.o(i.CAN1_RX0_IRQHandler) for CAN1_RX0_IRQHandler
    startup_stm32f405xx.o(RESET) refers to stm32f4xx_it.o(i.CAN1_SCE_IRQHandler) for CAN1_SCE_IRQHandler
    startup_stm32f405xx.o(RESET) refers to stm32f4xx_it.o(i.USART1_IRQHandler) for USART1_IRQHandler
    startup_stm32f405xx.o(RESET) refers to stm32f4xx_it.o(i.USART2_IRQHandler) for USART2_IRQHandler
    startup_stm32f405xx.o(RESET) refers to stm32f4xx_it.o(i.DMA2_Stream2_IRQHandler) for DMA2_Stream2_IRQHandler
    startup_stm32f405xx.o(RESET) refers to stm32f4xx_it.o(i.CAN2_RX1_IRQHandler) for CAN2_RX1_IRQHandler
    startup_stm32f405xx.o(RESET) refers to stm32f4xx_it.o(i.CAN2_SCE_IRQHandler) for CAN2_SCE_IRQHandler
    startup_stm32f405xx.o(.text) refers to system_stm32f4xx.o(i.SystemInit) for SystemInit
    startup_stm32f405xx.o(.text) refers to entry.o(.ARM.Collect$$$$00000000) for __main
    rm3508.o(i.FabsD) refers to cdrcmple.o(.text) for __aeabi_cdrcmple
    rm3508.o(i.FabsD) refers to cdcmple.o(.text) for __aeabi_cdcmple
    rm3508.o(i.Head_Set_Speed) refers to rm3508.o(i.RM3508_Get_Speed) for RM3508_Get_Speed
    rm3508.o(i.Head_Set_Speed) refers to rm3508.o(i.RM3508_Set_I) for RM3508_Set_I
    rm3508.o(i.Head_Set_Speed) refers to rm3508.o(.data) for M3508_Speed_Pid
    rm3508.o(i.RM3508_Ang2Cnt) refers to rm3508.o(.constdata) for RM3508_Reduction_Ratio
    rm3508.o(i.RM3508_CAN_Send_Data) refers to stm32f4xx_hal_can.o(i.HAL_CAN_GetTxMailboxesFreeLevel) for HAL_CAN_GetTxMailboxesFreeLevel
    rm3508.o(i.RM3508_CAN_Send_Data) refers to stm32f4xx_hal_can.o(i.HAL_CAN_AddTxMessage) for HAL_CAN_AddTxMessage
    rm3508.o(i.RM3508_Cnt2Ang) refers to dflti.o(.text) for __aeabi_i2d
    rm3508.o(i.RM3508_Cnt2Ang) refers to dmul.o(.text) for __aeabi_dmul
    rm3508.o(i.RM3508_Cnt2Ang) refers to ddiv.o(.text) for __aeabi_ddiv
    rm3508.o(i.RM3508_Cnt2Ang) refers to rm3508.o(.constdata) for RM3508_Reduction_Ratio
    rm3508.o(i.RM3508_Get_Feedback) refers to rm3508.o(i.RM3508_Pos_Rec) for RM3508_Pos_Rec
    rm3508.o(i.RM3508_Get_Feedback) refers to rm3508.o(.bss) for RM3508_Feedback_Buf
    rm3508.o(i.RM3508_Get_Pos) refers to rm3508.o(.bss) for RM3508_Pos
    rm3508.o(i.RM3508_Get_Speed) refers to rm3508.o(.bss) for RM3508_Feedback_Buf
    rm3508.o(i.RM3508_Get_Torque) refers to rm3508.o(.bss) for RM3508_Feedback_Buf
    rm3508.o(i.RM3508_Pos_Rec) refers to rm3508.o(.bss) for RM3508_Feedback_Buf
    rm3508.o(i.RM3508_Set_Ang) refers to rm3508.o(i.RM3508_Ang2Cnt) for RM3508_Ang2Cnt
    rm3508.o(i.RM3508_Set_Ang) refers to rm3508.o(i.RM3508_Get_Pos) for RM3508_Get_Pos
    rm3508.o(i.RM3508_Set_Ang) refers to f2d.o(.text) for __aeabi_f2d
    rm3508.o(i.RM3508_Set_Ang) refers to rm3508.o(i.FabsD) for FabsD
    rm3508.o(i.RM3508_Set_Ang) refers to cdcmple.o(.text) for __aeabi_cdcmple
    rm3508.o(i.RM3508_Set_Ang) refers to rm3508.o(i.RM3508_Set_Speed) for RM3508_Set_Speed
    rm3508.o(i.RM3508_Set_Ang) refers to rm3508.o(.data) for M3508_Pos_Pid
    rm3508.o(i.RM3508_Set_I) refers to rm3508.o(i.RM3508_CAN_Send_Data) for RM3508_CAN_Send_Data
    rm3508.o(i.RM3508_Set_I) refers to rm3508.o(.data) for RM3508_Sendbuf2
    rm3508.o(i.RM3508_Set_I) refers to can.o(.bss) for hcan1
    rm3508.o(i.RM3508_Set_NowPos) refers to rm3508.o(.bss) for RM3508_base
    rm3508.o(i.RM3508_Set_Pos) refers to rm3508.o(i.RM3508_Get_Pos) for RM3508_Get_Pos
    rm3508.o(i.RM3508_Set_Pos) refers to f2d.o(.text) for __aeabi_f2d
    rm3508.o(i.RM3508_Set_Pos) refers to rm3508.o(i.FabsD) for FabsD
    rm3508.o(i.RM3508_Set_Pos) refers to cdcmple.o(.text) for __aeabi_cdcmple
[...]
    Removing stm32f4xx_hal_can.o(i.HAL_CAN_MspInit), (2 bytes).
    Removing stm32f4xx_hal_can.o(i.HAL_CAN_RequestSleep), (42 bytes).
    Removing stm32f4xx_hal_can.o(i.HAL_CAN_ResetError), (34 bytes).
    Removing stm32f4xx_hal_can.o(i.HAL_CAN_RxFifo0MsgPendingCallback), (2 bytes).
    Removing stm32f4xx_hal_can.o(i.HAL_CAN_Stop), (106 bytes).
    Removing stm32f4xx_hal_can.o(i.HAL_CAN_WakeUp), (92 bytes).
    Removing stm32f4xx_hal_rcc.o(.rev16_text), (4 bytes).
    Removing stm32f4xx_hal_rcc.o(.revsh_text), (4 bytes).
    Removing stm32f4xx_hal_rcc.o(.rrx_text), (6 bytes).
    Removing stm32f4xx_hal_rcc.o(i.HAL_RCC_CSSCallback), (2 bytes).
    Removing stm32f4xx_hal_rcc.o(i.HAL_RCC_DeInit), (4 bytes).
    Removing stm32f4xx_hal_rcc.o(i.HAL_RCC_DisableCSS), (12 bytes).
    Removing stm32f4xx_hal_rcc.o(i.HAL_RCC_EnableCSS), (12 bytes).
    Removing stm32f4xx_hal_rcc.o(i.HAL_RCC_GetClockConfig), (68 bytes).
    Removing stm32f4xx_hal_rcc.o(i.HAL_RCC_GetOscConfig), (244 bytes).
    Removing stm32f4xx_hal_rcc.o(i.HAL_RCC_MCOConfig), (192 bytes).
    Removing stm32f4xx_hal_rcc.o(i.HAL_RCC_NMI_IRQHandler), (32 bytes).
    Removing stm32f4xx_hal_rcc_ex.o(.rev16_text), (4 bytes).
    Removing stm32f4xx_hal_rcc_ex.o(.revsh_text), (4 bytes).
    Removing stm32f4xx_hal_rcc_ex.o(.rrx_text), (6 bytes).
    Removing stm32f4xx_hal_rcc_ex.o(i.HAL_RCCEx_DisablePLLI2S), (56 bytes).
    Removing stm32f4xx_hal_rcc_ex.o(i.HAL_RCCEx_EnablePLLI2S), (112 bytes).
    Removing stm32f4xx_hal_rcc_ex.o(i.HAL_RCCEx_GetPeriphCLKConfig), (56 bytes).
    Removing stm32f4xx_hal_rcc_ex.o(i.HAL_RCCEx_GetPeriphCLKFreq), (144 bytes).
    Removing stm32f4xx_hal_rcc_ex.o(i.HAL_RCCEx_PeriphCLKConfig), (416 bytes).
    Removing stm32f4xx_hal_rcc_ex.o(i.HAL_RCC_DeInit), (384 bytes).
    Removing stm32f4xx_hal_flash.o(.rev16_text), (4 bytes).
    Removing stm32f4xx_hal_flash.o(.revsh_text), (4 bytes).
    Removing stm32f4xx_hal_flash.o(.rrx_text), (6 bytes).
    Removing stm32f4xx_hal_flash.o(i.FLASH_Program_Byte), (36 bytes).
    Removing stm32f4xx_hal_flash.o(i.FLASH_Program_DoubleWord), (60 bytes).
    Removing stm32f4xx_hal_flash.o(i.FLASH_Program_HalfWord), (40 bytes).
    Removing stm32f4xx_hal_flash.o(i.FLASH_Program_Word), (40 bytes).
    Removing stm32f4xx_hal_flash.o(i.FLASH_SetErrorCode), (152 bytes).
    Removing stm32f4xx_hal_flash.o(i.FLASH_WaitForLastOperation), (100 bytes).
    Removing stm32f4xx_hal_flash.o(i.HAL_FLASH_EndOfOperationCallback), (2 bytes).
    Removing stm32f4xx_hal_flash.o(i.HAL_FLASH_GetError), (12 bytes).
    Removing stm32f4xx_hal_flash.o(i.HAL_FLASH_IRQHandler), (272 bytes).
    Removing stm32f4xx_hal_flash.o(i.HAL_FLASH_Lock), (20 bytes).
    Removing stm32f4xx_hal_flash.o(i.HAL_FLASH_OB_Launch), (28 bytes).
    Removing stm32f4xx_hal_flash.o(i.HAL_FLASH_OB_Lock), (20 bytes).
    Removing stm32f4xx_hal_flash.o(i.HAL_FLASH_OB_Unlock), (44 bytes).
    Removing stm32f4xx_hal_flash.o(i.HAL_FLASH_OperationErrorCallback), (2 bytes).
    Removing stm32f4xx_hal_flash.o(i.HAL_FLASH_Program), (152 bytes).
    Removing stm32f4xx_hal_flash.o(i.HAL_FLASH_Program_IT), (136 bytes).
    Removing stm32f4xx_hal_flash.o(i.HAL_FLASH_Unlock), (52 bytes).
    Removing stm32f4xx_hal_flash.o(.bss), (32 bytes).
    Removing stm32f4xx_hal_flash_ex.o(.rev16_text), (4 bytes).
    Removing stm32f4xx_hal_flash_ex.o(.revsh_text), (4 bytes).
    Removing stm32f4xx_hal_flash_ex.o(.rrx_text), (6 bytes).
    Removing stm32f4xx_hal_flash_ex.o(i.FLASH_Erase_Sector), (92 bytes).
    Removing stm32f4xx_hal_flash_ex.o(i.FLASH_FlushCaches), (120 bytes).
    Removing stm32f4xx_hal_flash_ex.o(i.FLASH_MassErase), (48 bytes).
    Removing stm32f4xx_hal_flash_ex.o(i.FLASH_OB_BOR_LevelConfig), (32 bytes).
    Removing stm32f4xx_hal_flash_ex.o(i.FLASH_OB_DisableWRP), (40 bytes).
    Removing stm32f4xx_hal_flash_ex.o(i.FLASH_OB_EnableWRP), (40 bytes).
    Removing stm32f4xx_hal_flash_ex.o(i.FLASH_OB_GetBOR), (16 bytes).
    Removing stm32f4xx_hal_flash_ex.o(i.FLASH_OB_GetRDP), (36 bytes).
    Removing stm32f4xx_hal_flash_ex.o(i.FLASH_OB_GetUser), (16 bytes).
    Removing stm32f4xx_hal_flash_ex.o(i.FLASH_OB_GetWRP), (12 bytes).
    Removing stm32f4xx_hal_flash_ex.o(i.FLASH_OB_RDP_LevelConfig), (32 bytes).
    Removing stm32f4xx_hal_flash_ex.o(i.FLASH_OB_UserConfig), (60 bytes).
    Removing stm32f4xx_hal_flash_ex.o(i.HAL_FLASHEx_Erase), (172 bytes).
    Removing stm32f4xx_hal_flash_ex.o(i.HAL_FLASHEx_Erase_IT), (120 bytes).
    Removing stm32f4xx_hal_flash_ex.o(i.HAL_FLASHEx_OBGetConfig), (34 bytes).
    Removing stm32f4xx_hal_flash_ex.o(i.HAL_FLASHEx_OBProgram), (148 bytes).
    Removing stm32f4xx_hal_flash_ramfunc.o(.rev16_text), (4 bytes).
    Removing stm32f4xx_hal_flash_ramfunc.o(.revsh_text), (4 bytes).
    Removing stm32f4xx_hal_flash_ramfunc.o(.rrx_text), (6 bytes).
    Removing stm32f4xx_hal_gpio.o(.rev16_text), (4 bytes).
    Removing stm32f4xx_hal_gpio.o(.revsh_text), (4 bytes).
    Removing stm32f4xx_hal_gpio.o(.rrx_text), (6 bytes).
    Removing stm32f4xx_hal_gpio.o(i.HAL_GPIO_DeInit), (356 bytes).
    Removing stm32f4xx_hal_gpio.o(i.HAL_GPIO_EXTI_Callback), (2 bytes).
    Removing stm32f4xx_hal_gpio.o(i.HAL_GPIO_EXTI_IRQHandler), (28 bytes).
    Removing stm32f4xx_hal_gpio.o(i.HAL_GPIO_LockPin), (46 bytes).
    Removing stm32f4xx_hal_gpio.o(i.HAL_GPIO_ReadPin), (16 bytes).
    Removing stm32f4xx_hal_gpio.o(i.HAL_GPIO_TogglePin), (18 bytes).
    Removing stm32f4xx_hal_gpio.o(i.HAL_GPIO_WritePin), (12 bytes).
    Removing stm32f4xx_hal_dma_ex.o(.rev16_text), (4 bytes).
    Removing stm32f4xx_hal_dma_ex.o(.revsh_text), (4 bytes).
    Removing stm32f4xx_hal_dma_ex.o(.rrx_text), (6 bytes).
    Removing stm32f4xx_hal_dma_ex.o(i.DMA_MultiBufferSetConfig), (32 bytes).
    Removing stm32f4xx_hal_dma_ex.o(i.HAL_DMAEx_ChangeMemory), (18 bytes).
    Removing stm32f4xx_hal_dma_ex.o(i.HAL_DMAEx_MultiBufferStart), (124 bytes).
    Removing stm32f4xx_hal_dma_ex.o(i.HAL_DMAEx_MultiBufferStart_IT), (4056 bytes).
    Removing stm32f4xx_hal_dma.o(.rev16_text), (4 bytes).
    Removing stm32f4xx_hal_dma.o(.revsh_text), (4 bytes).
    Removing stm32f4xx_hal_dma.o(.rrx_text), (6 bytes).
    Removing stm32f4xx_hal_dma.o(i.HAL_DMA_DeInit), (112 bytes).
    Removing stm32f4xx_hal_dma.o(i.HAL_DMA_GetError), (6 bytes).
    Removing stm32f4xx_hal_dma.o(i.HAL_DMA_GetState), (8 bytes).
    Removing stm32f4xx_hal_dma.o(i.HAL_DMA_PollForTransfer), (346 bytes).
    Removing stm32f4xx_hal_dma.o(i.HAL_DMA_RegisterCallback), (94 bytes).
    Removing stm32f4xx_hal_dma.o(i.HAL_DMA_Start), (102 bytes).
    Removing stm32f4xx_hal_dma.o(i.HAL_DMA_UnRegisterCallback), (124 bytes).
    Removing stm32f4xx_hal_pwr.o(.rev16_text), (4 bytes).
    Removing stm32f4xx_hal_pwr.o(.revsh_text), (4 bytes).
    Removing stm32f4xx_hal_pwr.o(.rrx_text), (6 bytes).
    Removing stm32f4xx_hal_pwr.o(i.HAL_PWR_ConfigPVD), (180 bytes).
    Removing stm32f4xx_hal_pwr.o(i.HAL_PWR_DeInit), (28 bytes).
    Removing stm32f4xx_hal_pwr.o(i.HAL_PWR_DisableBkUpAccess), (12 bytes).
    Removing stm32f4xx_hal_pwr.o(i.HAL_PWR_DisablePVD), (12 bytes).
    Removing stm32f4xx_hal_pwr.o(i.HAL_PWR_DisableSEVOnPend), (20 bytes).
    Removing stm32f4xx_hal_pwr.o(i.HAL_PWR_DisableSleepOnExit), (20 bytes).
    Removing stm32f4xx_hal_pwr.o(i.HAL_PWR_DisableWakeUpPin), (16 bytes).
    Removing stm32f4xx_hal_pwr.o(i.HAL_PWR_EnableBkUpAccess), (12 bytes).
    Removing stm32f4xx_hal_pwr.o(i.HAL_PWR_EnablePVD), (12 bytes).
    Removing stm32f4xx_hal_pwr.o(i.HAL_PWR_EnableSEVOnPend), (20 bytes).
    Removing stm32f4xx_hal_pwr.o(i.HAL_PWR_EnableSleepOnExit), (20 bytes).
    Removing stm32f4xx_hal_pwr.o(i.HAL_PWR_EnableWakeUpPin), (16 bytes).
    Removing stm32f4xx_hal_pwr.o(i.HAL_PWR_EnterSLEEPMode), (32 bytes).
    Removing stm32f4xx_hal_pwr.o(i.HAL_PWR_EnterSTANDBYMode), (40 bytes).
    Removing stm32f4xx_hal_pwr.o(i.HAL_PWR_EnterSTOPMode), (64 bytes).
    Removing stm32f4xx_hal_pwr.o(i.HAL_PWR_PVDCallback), (2 bytes).
    Removing stm32f4xx_hal_pwr.o(i.HAL_PWR_PVD_IRQHandler), (32 bytes).
    Removing stm32f4xx_hal_pwr_ex.o(.rev16_text), (4 bytes).
    Removing stm32f4xx_hal_pwr_ex.o(.revsh_text), (4 bytes).
    Removing stm32f4xx_hal_pwr_ex.o(.rrx_text), (6 bytes).
    Removing stm32f4xx_hal_pwr_ex.o(i.HAL_PWREx_ControlVoltageScaling), (120 bytes).
    Removing stm32f4xx_hal_pwr_ex.o(i.HAL_PWREx_DisableBkUpReg), (60 bytes).
    Removing stm32f4xx_hal_pwr_ex.o(i.HAL_PWREx_DisableFlashPowerDown), (12 bytes).
    Removing stm32f4xx_hal_pwr_ex.o(i.HAL_PWREx_EnableBkUpReg), (60 bytes).
    Removing stm32f4xx_hal_pwr_ex.o(i.HAL_PWREx_EnableFlashPowerDown), (12 bytes).
    Removing stm32f4xx_hal_pwr_ex.o(i.HAL_PWREx_GetVoltageRange), (16 bytes).
    Removing stm32f4xx_hal_cortex.o(.rev16_text), (4 bytes).
    Removing stm32f4xx_hal_cortex.o(.revsh_text), (4 bytes).
    Removing stm32f4xx_hal_cortex.o(.rrx_text), (6 bytes).
    Removing stm32f4xx_hal_cortex.o(i.HAL_MPU_ConfigRegion), (92 bytes).
    Removing stm32f4xx_hal_cortex.o(i.HAL_MPU_Disable), (44 bytes).
    Removing stm32f4xx_hal_cortex.o(i.HAL_MPU_Enable), (64 bytes).
    Removing stm32f4xx_hal_cortex.o(i.HAL_NVIC_ClearPendingIRQ), (36 bytes).
    Removing stm32f4xx_hal_cortex.o(i.HAL_NVIC_DisableIRQ), (68 bytes).
    Removing stm32f4xx_hal_cortex.o(i.HAL_NVIC_GetActive), (48 bytes).
    Removing stm32f4xx_hal_cortex.o(i.HAL_NVIC_GetPendingIRQ), (48 bytes).
    Removing stm32f4xx_hal_cortex.o(i.HAL_NVIC_GetPriority), (148 bytes).
    Removing stm32f4xx_hal_cortex.o(i.HAL_NVIC_GetPriorityGrouping), (8 bytes).
    Removing stm32f4xx_hal_cortex.o(i.HAL_NVIC_SetPendingIRQ), (36 bytes).
    Removing stm32f4xx_hal_cortex.o(i.HAL_NVIC_SystemReset), (68 bytes).
    Removing stm32f4xx_hal_cortex.o(i.HAL_SYSTICK_CLKSourceConfig), (40 bytes).
    Removing stm32f4xx_hal_cortex.o(i.HAL_SYSTICK_Callback), (2 bytes).
    Removing stm32f4xx_hal_cortex.o(i.HAL_SYSTICK_IRQHandler), (8 bytes).
    Removing stm32f4xx_hal.o(.rev16_text), (4 bytes).
    Removing stm32f4xx_hal.o(.revsh_text), (4 bytes).
    Removing stm32f4xx_hal.o(.rrx_text), (6 bytes).
    Removing stm32f4xx_hal.o(i.HAL_DBGMCU_DisableDBGSleepMode), (20 bytes).
    Removing stm32f4xx_hal.o(i.HAL_DBGMCU_DisableDBGStandbyMode), (20 bytes).
    Removing stm32f4xx_hal.o(i.HAL_DBGMCU_DisableDBGStopMode), (20 bytes).
    Removing stm32f4xx_hal.o(i.HAL_DBGMCU_EnableDBGSleepMode), (20 bytes).
    Removing stm32f4xx_hal.o(i.HAL_DBGMCU_EnableDBGStandbyMode), (20 bytes).
    Removing stm32f4xx_hal.o(i.HAL_DBGMCU_EnableDBGStopMode), (20 bytes).
    Removing stm32f4xx_hal.o(i.HAL_DeInit), (68 bytes).
    Removing stm32f4xx_hal.o(i.HAL_Delay), (40 bytes).
    Removing stm32f4xx_hal.o(i.HAL_DisableCompensationCell), (12 bytes).
    Removing stm32f4xx_hal.o(i.HAL_EnableCompensationCell), (12 bytes).
    Removing stm32f4xx_hal.o(i.HAL_GetDEVID), (16 bytes).
    Removing stm32f4xx_hal.o(i.HAL_GetHalVersion), (8 bytes).
    Removing stm32f4xx_hal.o(i.HAL_GetREVID), (12 bytes).
    Removing stm32f4xx_hal.o(i.HAL_GetTickFreq), (12 bytes).
    Removing stm32f4xx_hal.o(i.HAL_GetTickPrio), (12 bytes).
    Removing stm32f4xx_hal.o(i.HAL_GetUIDw0), (12 bytes).
    Removing stm32f4xx_hal.o(i.HAL_GetUIDw1), (12 bytes).
    Removing stm32f4xx_hal.o(i.HAL_GetUIDw2), (12 bytes).
    Removing stm32f4xx_hal.o(i.HAL_MspDeInit), (2 bytes).
    Removing stm32f4xx_hal.o(i.HAL_MspInit), (2 bytes).
    Removing stm32f4xx_hal.o(i.HAL_ResumeTick), (18 bytes).
    Removing stm32f4xx_hal.o(i.HAL_SetTickFreq), (48 bytes).
    Removing stm32f4xx_hal.o(i.HAL_SuspendTick), (18 bytes).
    Removing stm32f4xx_hal_exti.o(.rev16_text), (4 bytes).
    Removing stm32f4xx_hal_exti.o(.revsh_text), (4 bytes).
    Removing stm32f4xx_hal_exti.o(.rrx_text), (6 bytes).
    Removing stm32f4xx_hal_exti.o(i.HAL_EXTI_ClearConfigLine), (120 bytes).
    Removing stm32f4xx_hal_exti.o(i.HAL_EXTI_ClearPending), (28 bytes).
    Removing stm32f4xx_hal_exti.o(i.HAL_EXTI_GenerateSWI), (24 bytes).
    Removing stm32f4xx_hal_exti.o(i.HAL_EXTI_GetConfigLine), (176 bytes).
    Removing stm32f4xx_hal_exti.o(i.HAL_EXTI_GetHandle), (14 bytes).
    Removing stm32f4xx_hal_exti.o(i.HAL_EXTI_GetPending), (36 bytes).
    Removing stm32f4xx_hal_exti.o(i.HAL_EXTI_IRQHandler), (44 bytes).
    Removing stm32f4xx_hal_exti.o(i.HAL_EXTI_RegisterCallback), (20 bytes).
    Removing stm32f4xx_hal_exti.o(i.HAL_EXTI_SetConfigLine), (240 bytes).
    Removing stm32f4xx_hal_tim.o(.rev16_text), (4 bytes).
    Removing stm32f4xx_hal_tim.o(.revsh_text), (4 bytes).
    Removing stm32f4xx_hal_tim.o(.rrx_text), (6 bytes).
    Removing stm32f4xx_hal_tim_ex.o(.rev16_text), (4 bytes).
    Removing stm32f4xx_hal_tim_ex.o(.revsh_text), (4 bytes).
    Removing stm32f4xx_hal_tim_ex.o(.rrx_text), (6 bytes).
    Removing stm32f4xx_hal_uart.o(.rev16_text), (4 bytes).
    Removing stm32f4xx_hal_uart.o(.revsh_text), (4 bytes).
    Removing stm32f4xx_hal_uart.o(.rrx_text), (6 bytes).
    Removing stm32f4xx_hal_uart.o(i.HAL_HalfDuplex_EnableReceiver), (68 bytes).
    Removing stm32f4xx_hal_uart.o(i.HAL_HalfDuplex_EnableTransmitter), (68 bytes).
    Removing stm32f4xx_hal_uart.o(i.HAL_HalfDuplex_Init), (118 bytes).
    Removing stm32f4xx_hal_uart.o(i.HAL_LIN_Init), (142 bytes).
    Removing stm32f4xx_hal_uart.o(i.HAL_LIN_SendBreak), (62 bytes).
    Removing stm32f4xx_hal_uart.o(i.HAL_MultiProcessor_EnterMuteMode), (62 bytes).
    Removing stm32f4xx_hal_uart.o(i.HAL_MultiProcessor_ExitMuteMode), (62 bytes).
    Removing stm32f4xx_hal_uart.o(i.HAL_MultiProcessor_Init), (154 bytes).
    Removing stm32f4xx_hal_uart.o(i.HAL_UART_Abort), (170 bytes).
    Removing stm32f4xx_hal_uart.o(i.HAL_UART_AbortCpltCallback), (2 bytes).
    Removing stm32f4xx_hal_uart.o(i.HAL_UART_AbortReceive), (102 bytes).
    Removing stm32f4xx_hal_uart.o(i.HAL_UART_AbortReceiveCpltCallback), (2 bytes).
    Removing stm32f4xx_hal_uart.o(i.HAL_UART_AbortReceive_IT), (120 bytes).
    Removing stm32f4xx_hal_uart.o(i.HAL_UART_AbortTransmit), (90 bytes).
    Removing stm32f4xx_hal_uart.o(i.HAL_UART_AbortTransmitCpltCallback), (2 bytes).
    Removing stm32f4xx_hal_uart.o(i.HAL_UART_AbortTransmit_IT), (108 bytes).
    Removing stm32f4xx_hal_uart.o(i.HAL_UART_Abort_IT), (224 bytes).
    Removing stm32f4xx_hal_uart.o(i.HAL_UART_DMAPause), (124 bytes).
    Removing stm32f4xx_hal_uart.o(i.HAL_UART_DMAResume), (126 bytes).
    Removing stm32f4xx_hal_uart.o(i.HAL_UART_DeInit), (58 bytes).
    Removing stm32f4xx_hal_uart.o(i.HAL_UART_GetError), (6 bytes).
    Removing stm32f4xx_hal_uart.o(i.HAL_UART_GetState), (20 bytes).
    Removing stm32f4xx_hal_uart.o(i.HAL_UART_MspDeInit), (2 bytes).
    Removing stm32f4xx_hal_uart.o(i.HAL_UART_MspInit), (2 bytes).
    Removing stm32f4xx_hal_uart.o(i.HAL_UART_Receive), (224 bytes).
    Removing stm32f4xx_hal_uart.o(i.HAL_UART_Receive_IT), (112 bytes).
    Removing stm32f4xx_hal_uart.o(i.HAL_UART_Transmit), (216 bytes).
    Removing stm32f4xx_hal_uart.o(i.HAL_UART_Transmit_IT), (88 bytes).
    Removing stm32f4xx_hal_uart.o(i.UART_DMARxAbortCallback), (52 bytes).
    Removing stm32f4xx_hal_uart.o(i.UART_DMARxOnlyAbortCallback), (24 bytes).
    Removing stm32f4xx_hal_uart.o(i.UART_DMATxAbortCallback), (52 bytes).
    Removing stm32f4xx_hal_uart.o(i.UART_DMATxOnlyAbortCallback), (24 bytes).
    Removing stm32f4xx_hal_uart.o(i.UART_WaitOnFlagUntilTimeout), (108 bytes).
    Removing system_stm32f4xx.o(.rev16_text), (4 bytes).
    Removing system_stm32f4xx.o(.revsh_text), (4 bytes).
    Removing system_stm32f4xx.o(.rrx_text), (6 bytes).
    Removing system_stm32f4xx.o(i.SystemCoreClockUpdate), (192 bytes).
    Removing ddiv.o(.text), (222 bytes).
    Removing dneg.o(.text), (6 bytes).

288 unused section(s) (total 19418 bytes) removed from the image.

==============================================================================

Image Symbol Table

    Local Symbols

    Symbol Name                              Value     Ov Type        Size  Object(Section)

    ../Drivers/STM32F4xx_HAL_Driver/Src/stm32f4xx_hal.c 0x00000000   Number         0  stm32f4xx_hal.o ABSOLUTE
    ../Drivers/STM32F4xx_HAL_Driver/Src/stm32f4xx_hal_can.c 0x00000000   Number         0  stm32f4xx_hal_can.o ABSOLUTE
    ../Drivers/STM32F4xx_HAL_Driver/Src/stm32f4xx_hal_cortex.c 0x00000000   Number         0  stm32f4xx_hal_cortex.o ABSOLUTE
    ../Drivers/STM32F4xx_HAL_Driver/Src/stm32f4xx_hal_dma.c 0x00000000   Number         0  stm32f4xx_hal_dma.o ABSOLUTE
    ../Drivers/STM32F4xx_HAL_Driver/Src/stm32f4xx_hal_dma_ex.c 0x00000000   Number         0  stm32f4xx_hal_dma_ex.o ABSOLUTE
    ../Drivers/STM32F4xx_HAL_Driver/Src/stm32f4xx_hal_exti.c 0x00000000   Number         0  stm32f4xx_hal_exti.o ABSOLUTE
    ../Drivers/STM32F4xx_HAL_Driver/Src/stm32f4xx_hal_flash.c 0x00000000   Number         0  stm32f4xx_hal_flash.o ABSOLUTE
    ../Drivers/STM32F4xx_HAL_Driver/Src/stm32f4xx_hal_flash_ex.c 0x00000000   Number         0  stm32f4xx_hal_flash_ex.o ABSOLUTE
    ../Drivers/STM32F4xx_HAL_Driver/Src/stm32f4xx_hal_flash_ramfunc.c 0x00000000   Number         0  stm32f4xx_hal_flash_ramfunc.o ABSOLUTE
    ../Drivers/STM32F4xx_HAL_Driver/Src/stm32f4xx_hal_gpio.c 0x00000000   Number         0  stm32f4xx_hal_gpio.o ABSOLUTE
    ../Drivers/STM32F4xx_HAL_Driver/Src/stm32f4xx_hal_pwr.c 0x00000000   Number         0  stm32f4xx_hal_pwr.o ABSOLUTE
    ../Drivers/STM32F4xx_HAL_Driver/Src/stm32f4xx_hal_pwr_ex.c 0x00000000   Number         0  stm32f4xx_hal_pwr_ex.o ABSOLUTE
    ../Drivers/STM32F4xx_HAL_Driver/Src/stm32f4xx_hal_rcc.c 0x00000000   Number         0  stm32f4xx_hal_rcc.o ABSOLUTE
    ../Drivers/STM32F4xx_HAL_Driver/Src/stm32f4xx_hal_rcc_ex.c 0x00000000   Number         0  stm32f4xx_hal_rcc_ex.o ABSOLUTE
    ../Drivers/STM32F4xx_HAL_Driver/Src/stm32f4xx_hal_tim.c 0x00000000   Number         0  stm32f4xx_hal_tim.o ABSOLUTE
    ../Drivers/STM32F4xx_HAL_Driver/Src/stm32f4xx_hal_tim_ex.c 0x00000000   Number         0  stm32f4xx_hal_tim_ex.o ABSOLUTE
    ../Drivers/STM32F4xx_HAL_Driver/Src/stm32f4xx_hal_uart.c 0x00000000   Number         0  stm32f4xx_hal_uart.o ABSOLUTE
    ../Src/can.c                             0x00000000   Number         0  can.o ABSOLUTE
    ../Src/dma.c                             0x00000000   Number         0  dma.o ABSOLUTE
    ../Src/gpio.c                            0x00000000   Number         0  gpio.o ABSOLUTE
    ../Src/main.c                            0x00000000   Number         0  main.o ABSOLUTE
    ../Src/stm32f4xx_hal_msp.c               0x00000000   Number         0  stm32f4xx_hal_msp.o ABSOLUTE
    ../Src/stm32f4xx_it.c                    0x00000000   Number         0  stm32f4xx_it.o ABSOLUTE
    ../Src/system_stm32f4xx.c                0x00000000   Number         0  system_stm32f4xx.o ABSOLUTE
    ../Src/usart.c                           0x00000000   Number         0  usart.o ABSOLUTE
    ../clib/../cmprslib/zerorunl2.c          0x00000000   Number         0  __dczerorl2.o ABSOLUTE
    ../clib/microlib/division.c              0x00000000   Number         0  uldiv.o ABSOLUTE
    ../clib/microlib/init/entry.s            0x00000000   Number         0  entry7b.o ABSOLUTE
    ../clib/microlib/init/entry.s            0x00000000   Number         0  entry9a.o ABSOLUTE
    ../clib/microlib/init/entry.s            0x00000000   Number         0  entry8a.o ABSOLUTE
    ../clib/microlib/init/entry.s            0x00000000   Number         0  entry9b.o ABSOLUTE
    ../clib/microlib/init/entry.s            0x00000000   Number         0  entry.o ABSOLUTE
    ../clib/microlib/init/entry.s            0x00000000   Number         0  entry11b.o ABSOLUTE
    ../clib/microlib/init/entry.s            0x00000000   Number         0  entry8b.o ABSOLUTE
    ../clib/microlib/init/entry.s            0x00000000   Number         0  entry2.o ABSOLUTE
    ../clib/microlib/init/entry.s            0x00000000   Number         0  entry11a.o ABSOLUTE
    ../clib/microlib/init/entry.s            0x00000000   Number         0  entry10b.o ABSOLUTE
    ../clib/microlib/init/entry.s            0x00000000   Number         0  entry5.o ABSOLUTE
    ../clib/microlib/init/entry.s            0x00000000   Number         0  entry7a.o ABSOLUTE
    ../clib/microlib/init/entry.s            0x00000000   Number         0  entry10a.o ABSOLUTE
    ../clib/microlib/longlong.c              0x00000000   Number         0  llshl.o ABSOLUTE
    ../clib/microlib/longlong.c              0x00000000   Number         0  llushr.o ABSOLUTE
    ../clib/microlib/string/memset.c         0x00000000   Number         0  memseta.o ABSOLUTE
    ../clib/microlib/stubs.s                 0x00000000   Number         0  iusefp.o ABSOLUTE
    ../fplib/microlib/d2f.c                  0x00000000   Number         0  d2f.o ABSOLUTE
    ../fplib/microlib/f2d.c                  0x00000000   Number         0  f2d.o ABSOLUTE
    ../fplib/microlib/fpdiv.c                0x00000000   Number         0  ddiv.o ABSOLUTE
    ../fplib/microlib/fpepilogue.c           0x00000000   Number         0  depilogue.o ABSOLUTE
    ../fplib/microlib/fpepilogue.c           0x00000000   Number         0  fepilogue.o ABSOLUTE
    ../fplib/microlib/fpflt.c                0x00000000   Number         0  dflti.o ABSOLUTE
    ../fplib/microlib/fpmul.c                0x00000000   Number         0  dmul.o ABSOLUTE
    ../fplib/microlib/fpneg.c                0x00000000   Number         0  dneg.o ABSOLUTE
    ..\Drivers\STM32F4xx_HAL_Driver\Src\stm32f4xx_hal.c 0x00000000   Number         0  stm32f4xx_hal.o ABSOLUTE
    ..\Drivers\STM32F4xx_HAL_Driver\Src\stm32f4xx_hal_can.c 0x00000000   Number         0  stm32f4xx_hal_can.o ABSOLUTE
    ..\Drivers\STM32F4xx_HAL_Driver\Src\stm32f4xx_hal_cortex.c 0x00000000   Number         0  stm32f4xx_hal_cortex.o ABSOLUTE
    ..\Drivers\STM32F4xx_HAL_Driver\Src\stm32f4xx_hal_dma.c 0x00000000   Number         0  stm32f4xx_hal_dma.o ABSOLUTE
    ..\Drivers\STM32F4xx_HAL_Driver\Src\stm32f4xx_hal_dma_ex.c 0x00000000   Number         0  stm32f4xx_hal_dma_ex.o ABSOLUTE
    ..\Drivers\STM32F4xx_HAL_Driver\Src\stm32f4xx_hal_exti.c 0x00000000   Number         0  stm32f4xx_hal_exti.o ABSOLUTE
    ..\Drivers\STM32F4xx_HAL_Driver\Src\stm32f4xx_hal_flash.c 0x00000000   Number         0  stm32f4xx_hal_flash.o ABSOLUTE
    ..\Drivers\STM32F4xx_HAL_Driver\Src\stm32f4xx_hal_flash_ex.c 0x00000000   Number         0  stm32f4xx_hal_flash_ex.o ABSOLUTE
    ..\Drivers\STM32F4xx_HAL_Driver\Src\stm32f4xx_hal_flash_ramfunc.c 0x00000000   Number         0  stm32f4xx_hal_flash_ramfunc.o ABSOLUTE
    ..\Drivers\STM32F4xx_HAL_Driver\Src\stm32f4xx_hal_gpio.c 0x00000000   Number         0  stm32f4xx_hal_gpio.o ABSOLUTE
    ..\Drivers\STM32F4xx_HAL_Driver\Src\stm32f4xx_hal_pwr.c 0x00000000   Number         0  stm32f4xx_hal_pwr.o ABSOLUTE
    ..\Drivers\STM32F4xx_HAL_Driver\Src\stm32f4xx_hal_pwr_ex.c 0x00000000   Number         0  stm32f4xx_hal_pwr_ex.o ABSOLUTE
    ..\Drivers\STM32F4xx_HAL_Driver\Src\stm32f4xx_hal_rcc.c 0x00000000   Number         0  stm32f4xx_hal_rcc.o ABSOLUTE
    ..\Drivers\STM32F4xx_HAL_Driver\Src\stm32f4xx_hal_rcc_ex.c 0x00000000   Number         0  stm32f4xx_hal_rcc_ex.o ABSOLUTE
    ..\Drivers\STM32F4xx_HAL_Driver\Src\stm32f4xx_hal_tim.c 0x00000000   Number         0  stm32f4xx_hal_tim.o ABSOLUTE
    ..\Drivers\STM32F4xx_HAL_Driver\Src\stm32f4xx_hal_tim_ex.c 0x00000000   Number         0  stm32f4xx_hal_tim_ex.o ABSOLUTE
    ..\Drivers\STM32F4xx_HAL_Driver\Src\stm32f4xx_hal_uart.c 0x00000000   Number         0  stm32f4xx_hal_uart.o ABSOLUTE
    ..\Src\RM3508.c                          0x00000000   Number         0  rm3508.o ABSOLUTE
    ..\Src\can.c                             0x00000000   Number         0  can.o ABSOLUTE
    ..\Src\can_bsp.c                         0x00000000   Number         0  can_bsp.o ABSOLUTE
    ..\Src\catch_data.c                      0x00000000   Number         0  catch_data.o ABSOLUTE
    ..\Src\dma.c                             0x00000000   Number         0  dma.o ABSOLUTE
    ..\Src\gpio.c                            0x00000000   Number         0  gpio.o ABSOLUTE
    ..\Src\main.c                            0x00000000   Number         0  main.o ABSOLUTE
    ..\Src\stm32f4xx_hal_msp.c               0x00000000   Number         0  stm32f4xx_hal_msp.o ABSOLUTE
    ..\Src\stm32f4xx_it.c                    0x00000000   Number         0  stm32f4xx_it.o ABSOLUTE
    ..\Src\system_stm32f4xx.c                0x00000000   Number         0  system_stm32f4xx.o ABSOLUTE
    ..\Src\usart.c                           0x00000000   Number         0  usart.o ABSOLUTE
    ..\Src\wheel_run.c                       0x00000000   Number         0  wheel_run.o ABSOLUTE
    ..\\Src\\RM3508.c                        0x00000000   Number         0  rm3508.o ABSOLUTE
    ..\\Src\\can_bsp.c                       0x00000000   Number         0  can_bsp.o ABSOLUTE
    ..\\Src\\catch_data.c                    0x00000000   Number         0  catch_data.o ABSOLUTE
    ..\\Src\\wheel_run.c                     0x00000000   Number         0  wheel_run.o ABSOLUTE
    cdcmple.s                                0x00000000   Number         0  cdcmple.o ABSOLUTE
    cdrcmple.s                               0x00000000   Number         0  cdrcmple.o ABSOLUTE
    dc.s                                     0x00000000   Number         0  dc.o ABSOLUTE
    handlers.s                               0x00000000   Number         0  handlers.o ABSOLUTE
    init.s                                   0x00000000   Number         0  init.o ABSOLUTE
    startup_stm32f405xx.s                    0x00000000   Number         0  startup_stm32f405xx.o ABSOLUTE
    RESET                                    0x08000000   Section      392  startup_stm32f405xx.o(RESET)
    .ARM.Collect$$$$00000000                 0x08000188   Section        0  entry.o(.ARM.Collect$$$$00000000)
    .ARM.Collect$$$$00000001                 0x08000188   Section        4  entry2.o(.ARM.Collect$$$$00000001)
    .ARM.Collect$$$$00000004                 0x0800018c   Section        4  entry5.o(.ARM.Collect$$$$00000004)
    .ARM.Collect$$$$00000008                 0x08000190   Section        0  entry7b.o(.ARM.Collect$$$$00000008)
    .ARM.Collect$$$$0000000A                 0x08000190   Section        0  entry8b.o(.ARM.Collect$$$$0000000A)
    .ARM.Collect$$$$0000000B                 0x08000190   Section        8  entry9a.o(.ARM.Collect$$$$0000000B)
    .ARM.Collect$$$$0000000D                 0x08000198   Section        0  entry10a.o(.ARM.Collect$$$$0000000D)
    .ARM.Collect$$$$0000000F                 0x08000198   Section        0  entry11a.o(.ARM.Collect$$$$0000000F)
    .ARM.Collect$$$$00002712                 0x08000198   Section        4  entry2.o(.ARM.Collect$$$$00002712)
    __lit__00000000                          0x08000198   Data           4  entry2.o(.ARM.Collect$$$$00002712)
    .text                                    0x0800019c   Section       36  startup_stm32f405xx.o(.text)
    $v0                                      0x0800019c   Number         0  startup_stm32f405xx.o(.text)
    .text                                    0x080001c0   Section        0  uldiv.o(.text)
    .text                                    0x08000222   Section        0  memseta.o(.text)
    .text                                    0x08000246   Section        0  dmul.o(.text)
    .text                                    0x0800032a   Section        0  dflti.o(.text)
    .text                                    0x0800034c   Section        0  f2d.o(.text)
    .text                                    0x08000374   Section       48  cdcmple.o(.text)
    .text                                    0x080003a4   Section       48  cdrcmple.o(.text)
    .text                                    0x080003d4   Section        0  d2f.o(.text)
    .text                                    0x0800040c   Section        0  llshl.o(.text)
    .text                                    0x0800042a   Section        0  llushr.o(.text)
    .text                                    0x0800044a   Section        0  fepilogue.o(.text)
    .text                                    0x0800044a   Section        0  iusefp.o(.text)
    .text                                    0x080004b8   Section        0  depilogue.o(.text)
    .text                                    0x08000574   Section       36  init.o(.text)
    .text                                    0x08000598   Section        0  __dczerorl2.o(.text)
    i.BusFault_Handler                       0x080005ee   Section        0  stm32f4xx_it.o(i.BusFault_Handler)
    i.CAN1_RX0_IRQHandler                    0x080005f4   Section        0  stm32f4xx_it.o(i.CAN1_RX0_IRQHandler)
    i.CAN1_SCE_IRQHandler                    0x08000604   Section        0  stm32f4xx_it.o(i.CAN1_SCE_IRQHandler)
    i.CAN2_RX1_IRQHandler                    0x08000614   Section        0  stm32f4xx_it.o(i.CAN2_RX1_IRQHandler)
    i.CAN2_SCE_IRQHandler                    0x08000624   Section        0  stm32f4xx_it.o(i.CAN2_SCE_IRQHandler)
    i.CAN_Init                               0x08000634   Section        0  can_bsp.o(i.CAN_Init)
    i.DMA1_Stream6_IRQHandler                0x080006d0   Section        0  stm32f4xx_it.o(i.DMA1_Stream6_IRQHandler)
    i.DMA2_Stream2_IRQHandler                0x080006e0   Section        0  stm32f4xx_it.o(i.DMA2_Stream2_IRQHandler)
    i.DMA_CalcBaseAndBitshift                0x080006f0   Section        0  stm32f4xx_hal_dma.o(i.DMA_CalcBaseAndBitshift)
    DMA_CalcBaseAndBitshift                  0x080006f1   Thumb Code    46  stm32f4xx_hal_dma.o(i.DMA_CalcBaseAndBitshift)
    i.DMA_CheckFifoParam                     0x08000724   Section        0  stm32f4xx_hal_dma.o(i.DMA_CheckFifoParam)
    DMA_CheckFifoParam                       0x08000725   Thumb Code   170  stm32f4xx_hal_dma.o(i.DMA_CheckFifoParam)
    i.DMA_SetConfig                          0x080007ce   Section        0  stm32f4xx_hal_dma.o(i.DMA_SetConfig)
    DMA_SetConfig                            0x080007cf   Thumb Code    44  stm32f4xx_hal_dma.o(i.DMA_SetConfig)
    i.DebugMon_Handler                       0x080007fa   Section        0  stm32f4xx_it.o(i.DebugMon_Handler)
    i.Error_Handler                          0x080007fc   Section        0  main.o(i.Error_Handler)
    i.FabsD                                  0x08000800   Section        0  rm3508.o(i.FabsD)
    i.HAL_CAN_ActivateNotification           0x08000858   Section        0  stm32f4xx_hal_can.o(i.HAL_CAN_ActivateNotification)
    i.HAL_CAN_AddTxMessage                   0x08000882   Section        0  stm32f4xx_hal_can.o(i.HAL_CAN_AddTxMessage)
    i.HAL_CAN_ConfigFilter                   0x080009d8   Section        0  stm32f4xx_hal_can.o(i.HAL_CAN_ConfigFilter)
    i.HAL_CAN_ErrorCallback                  0x08000afc   Section        0  stm32f4xx_hal_can.o(i.HAL_CAN_ErrorCallback)
    i.HAL_CAN_GetRxMessage                   0x08000afe   Section        0  stm32f4xx_hal_can.o(i.HAL_CAN_GetRxMessage)
    i.HAL_CAN_GetTxMailboxesFreeLevel        0x08000c78   Section        0  stm32f4xx_hal_can.o(i.HAL_CAN_GetTxMailboxesFreeLevel)
    i.HAL_CAN_IRQHandler                     0x08000cae   Section        0  stm32f4xx_hal_can.o(i.HAL_CAN_IRQHandler)
    i.HAL_CAN_Init                           0x08000efc   Section        0  stm32f4xx_hal_can.o(i.HAL_CAN_Init)
    i.HAL_CAN_MspInit                        0x08001070   Section        0  can.o(i.HAL_CAN_MspInit)
    i.HAL_CAN_RxFifo0FullCallback            0x080011f4   Section        0  stm32f4xx_hal_can.o(i.HAL_CAN_RxFifo0FullCallback)
    i.HAL_CAN_RxFifo0MsgPendingCallback      0x080011f8   Section        0  main.o(i.HAL_CAN_RxFifo0MsgPendingCallback)
    i.HAL_CAN_RxFifo1FullCallback            0x0800123c   Section        0  stm32f4xx_hal_can.o(i.HAL_CAN_RxFifo1FullCallback)
    i.HAL_CAN_RxFifo1MsgPendingCallback      0x0800123e   Section        0  stm32f4xx_hal_can.o(i.HAL_CAN_RxFifo1MsgPendingCallback)
    i.HAL_CAN_SleepCallback                  0x08001240   Section        0  stm32f4xx_hal_can.o(i.HAL_CAN_SleepCallback)
    i.HAL_CAN_Start                          0x08001242   Section        0  stm32f4xx_hal_can.o(i.HAL_CAN_Start)
    i.HAL_CAN_TxMailbox0AbortCallback        0x080012a0   Section        0  stm32f4xx_hal_can.o(i.HAL_CAN_TxMailbox0AbortCallback)
    i.HAL_CAN_TxMailbox0CompleteCallback     0x080012a2   Section        0  stm32f4xx_hal_can.o(i.HAL_CAN_TxMailbox0CompleteCallback)
    i.HAL_CAN_TxMailbox1AbortCallback        0x080012a4   Section        0  stm32f4xx_hal_can.o(i.HAL_CAN_TxMailbox1AbortCallback)
    i.HAL_CAN_TxMailbox1CompleteCallback     0x080012a6   Section        0  stm32f4xx_hal_can.o(i.HAL_CAN_TxMailbox1CompleteCallback)
    i.HAL_CAN_TxMailbox2AbortCallback        0x080012a8   Section        0  stm32f4xx_hal_can.o(i.HAL_CAN_TxMailbox2AbortCallback)
    i.HAL_CAN_TxMailbox2CompleteCallback     0x080012aa   Section        0  stm32f4xx_hal_can.o(i.HAL_CAN_TxMailbox2CompleteCallback)
    i.HAL_CAN_WakeUpFromRxMsgCallback        0x080012ac   Section        0  stm32f4xx_hal_can.o(i.HAL_CAN_WakeUpFromRxMsgCallback)
    i.HAL_DMA_Abort                          0x080012ae   Section        0  stm32f4xx_hal_dma.o(i.HAL_DMA_Abort)
    i.HAL_DMA_Abort_IT                       0x08001358   Section        0  stm32f4xx_hal_dma.o(i.HAL_DMA_Abort_IT)
    i.HAL_DMA_IRQHandler                     0x08001380   Section        0  stm32f4xx_hal_dma.o(i.HAL_DMA_IRQHandler)
    i.HAL_DMA_Init                           0x080015c0   Section        0  stm32f4xx_hal_dma.o(i.HAL_DMA_Init)
    i.HAL_DMA_Start_IT                       0x080016ac   Section        0  stm32f4xx_hal_dma.o(i.HAL_DMA_Start_IT)
    i.HAL_GPIO_Init                          0x08001740   Section        0  stm32f4xx_hal_gpio.o(i.HAL_GPIO_Init)
    i.HAL_GetTick                            0x08001940   Section        0  stm32f4xx_hal.o(i.HAL_GetTick)
    i.HAL_IncTick                            0x0800194c   Section        0  stm32f4xx_hal.o(i.HAL_IncTick)
    i.HAL_Init                               0x08001964   Section        0  stm32f4xx_hal.o(i.HAL_Init)
    i.HAL_InitTick                           0x080019a0   Section        0  stm32f4xx_hal.o(i.HAL_InitTick)
    i.HAL_MspInit                            0x080019ec   Section        0  stm32f4xx_hal_msp.o(i.HAL_MspInit)
    i.HAL_NVIC_EnableIRQ                     0x08001a34   Section        0  stm32f4xx_hal_cortex.o(i.HAL_NVIC_EnableIRQ)
    i.HAL_NVIC_SetPriority                   0x08001a54   Section        0  stm32f4xx_hal_cortex.o(i.HAL_NVIC_SetPriority)
    i.HAL_NVIC_SetPriorityGrouping           0x08001ad0   Section        0  stm32f4xx_hal_cortex.o(i.HAL_NVIC_SetPriorityGrouping)
    i.HAL_RCC_ClockConfig                    0x08001af8   Section        0  stm32f4xx_hal_rcc.o(i.HAL_RCC_ClockConfig)
    i.HAL_RCC_GetHCLKFreq                    0x08001c7c   Section        0  stm32f4xx_hal_rcc.o(i.HAL_RCC_GetHCLKFreq)
    i.HAL_RCC_GetPCLK1Freq                   0x08001c88   Section        0  stm32f4xx_hal_rcc.o(i.HAL_RCC_GetPCLK1Freq)
    i.HAL_RCC_GetPCLK2Freq                   0x08001ca8   Section        0  stm32f4xx_hal_rcc.o(i.HAL_RCC_GetPCLK2Freq)
    i.HAL_RCC_GetSysClockFreq                0x08001cc8   Section        0  stm32f4xx_hal_rcc.o(i.HAL_RCC_GetSysClockFreq)
    i.HAL_RCC_OscConfig                      0x08001d78   Section        0  stm32f4xx_hal_rcc.o(i.HAL_RCC_OscConfig)
    i.HAL_SYSTICK_Config                     0x08002200   Section        0  stm32f4xx_hal_cortex.o(i.HAL_SYSTICK_Config)
    i.HAL_UART_DMAStop                       0x08002234   Section        0  stm32f4xx_hal_uart.o(i.HAL_UART_DMAStop)
    i.HAL_UART_ErrorCallback                 0x0800229a   Section        0  stm32f4xx_hal_uart.o(i.HAL_UART_ErrorCallback)
    i.HAL_UART_IRQHandler                    0x0800229c   Section        0  stm32f4xx_hal_uart.o(i.HAL_UART_IRQHandler)
    i.HAL_UART_Init                          0x080023f0   Section        0  stm32f4xx_hal_uart.o(i.HAL_UART_Init)
    i.HAL_UART_MspInit                       0x08002464   Section        0  usart.o(i.HAL_UART_MspInit)
    i.HAL_UART_Receive_DMA                   0x08002628   Section        0  stm32f4xx_hal_uart.o(i.HAL_UART_Receive_DMA)
    i.HAL_UART_RxCpltCallback                0x080026ec   Section        0  stm32f4xx_hal_uart.o(i.HAL_UART_RxCpltCallback)
    i.HAL_UART_RxHalfCpltCallback            0x080026ee   Section        0  stm32f4xx_hal_uart.o(i.HAL_UART_RxHalfCpltCallback)
    i.HAL_UART_Transmit_DMA                  0x080026f0   Section        0  stm32f4xx_hal_uart.o(i.HAL_UART_Transmit_DMA)
    i.HAL_UART_TxCpltCallback                0x0800278c   Section        0  stm32f4xx_hal_uart.o(i.HAL_UART_TxCpltCallback)
    i.HAL_UART_TxHalfCpltCallback            0x0800278e   Section        0  stm32f4xx_hal_uart.o(i.HAL_UART_TxHalfCpltCallback)
    i.HardFault_Handler                      0x08002790   Section        0  stm32f4xx_it.o(i.HardFault_Handler)
    i.MX_CAN1_Init                           0x08002794   Section        0  can.o(i.MX_CAN1_Init)
    i.MX_CAN2_Init                           0x080027d4   Section        0  can.o(i.MX_CAN2_Init)
    i.MX_DMA_Init                            0x08002814   Section        0  dma.o(i.MX_DMA_Init)
    i.MX_GPIO_Init                           0x0800287c   Section        0  gpio.o(i.MX_GPIO_Init)
    i.MX_USART1_UART_Init                    0x080028e0   Section        0  usart.o(i.MX_USART1_UART_Init)
    i.MX_USART2_UART_Init                    0x08002918   Section        0  usart.o(i.MX_USART2_UART_Init)
    i.MemManage_Handler                      0x08002950   Section        0  stm32f4xx_it.o(i.MemManage_Handler)
    i.NMI_Handler                            0x08002954   Section        0  stm32f4xx_it.o(i.NMI_Handler)
    i.PendSV_Handler                         0x08002956   Section        0  stm32f4xx_it.o(i.PendSV_Handler)
    i.RM3508_CAN_Send_Data                   0x08002958   Section        0  rm3508.o(i.RM3508_CAN_Send_Data)
    i.RM3508_Get_Feedback                    0x080029b4   Section        0  rm3508.o(i.RM3508_Get_Feedback)
    i.RM3508_Get_Speed                       0x080029f4   Section        0  rm3508.o(i.RM3508_Get_Speed)
    i.RM3508_Pos_Rec                         0x08002a54   Section        0  rm3508.o(i.RM3508_Pos_Rec)
    i.RM3508_Set_I                           0x08002af0   Section        0  rm3508.o(i.RM3508_Set_I)
    i.RM3508_Set_Speed                       0x08002b84   Section        0  rm3508.o(i.RM3508_Set_Speed)
    i.SVC_Handler                            0x08002e28   Section        0  stm32f4xx_it.o(i.SVC_Handler)
    i.Speed_Robot_Coordinate                 0x08002e2c   Section        0  wheel_run.o(i.Speed_Robot_Coordinate)
    i.SysTick_Handler                        0x08002ea8   Section        0  stm32f4xx_it.o(i.SysTick_Handler)
    i.SystemClock_Config                     0x08002eb0   Section        0  main.o(i.SystemClock_Config)
    i.SystemInit                             0x08002f64   Section        0  system_stm32f4xx.o(i.SystemInit)
    i.UART_DMAAbortOnError                   0x08002f80   Section        0  stm32f4xx_hal_uart.o(i.UART_DMAAbortOnError)
    UART_DMAAbortOnError                     0x08002f81   Thumb Code    20  stm32f4xx_hal_uart.o(i.UART_DMAAbortOnError)
    i.UART_DMAError                          0x08002f94   Section        0  stm32f4xx_hal_uart.o(i.UART_DMAError)
    UART_DMAError                            0x08002f95   Thumb Code    80  stm32f4xx_hal_uart.o(i.UART_DMAError)
    i.UART_DMAReceiveCplt                    0x08002fe4   Section        0  stm32f4xx_hal_uart.o(i.UART_DMAReceiveCplt)
    UART_DMAReceiveCplt                      0x08002fe5   Thumb Code    70  stm32f4xx_hal_uart.o(i.UART_DMAReceiveCplt)
    i.UART_DMARxHalfCplt                     0x0800302a   Section        0  stm32f4xx_hal_uart.o(i.UART_DMARxHalfCplt)
    UART_DMARxHalfCplt                       0x0800302b   Thumb Code    14  stm32f4xx_hal_uart.o(i.UART_DMARxHalfCplt)
    i.UART_DMATransmitCplt                   0x08003038   Section        0  stm32f4xx_hal_uart.o(i.UART_DMATransmitCplt)
    UART_DMATransmitCplt                     0x08003039   Thumb Code    54  stm32f4xx_hal_uart.o(i.UART_DMATransmitCplt)
    i.UART_DMATxHalfCplt                     0x0800306e   Section        0  stm32f4xx_hal_uart.o(i.UART_DMATxHalfCplt)
    UART_DMATxHalfCplt                       0x0800306f   Thumb Code    14  stm32f4xx_hal_uart.o(i.UART_DMATxHalfCplt)
    i.UART_EndRxTransfer                     0x0800307c   Section        0  stm32f4xx_hal_uart.o(i.UART_EndRxTransfer)
    UART_EndRxTransfer                       0x0800307d   Thumb Code    32  stm32f4xx_hal_uart.o(i.UART_EndRxTransfer)
    i.UART_EndTransmit_IT                    0x0800309c   Section        0  stm32f4xx_hal_uart.o(i.UART_EndTransmit_IT)
    UART_EndTransmit_IT                      0x0800309d   Thumb Code    32  stm32f4xx_hal_uart.o(i.UART_EndTransmit_IT)
    i.UART_EndTxTransfer                     0x080030bc   Section        0  stm32f4xx_hal_uart.o(i.UART_EndTxTransfer)
    UART_EndTxTransfer                       0x080030bd   Thumb Code    20  stm32f4xx_hal_uart.o(i.UART_EndTxTransfer)
    i.UART_Receive_IT                        0x080030d0   Section        0  stm32f4xx_hal_uart.o(i.UART_Receive_IT)
    UART_Receive_IT                          0x080030d1   Thumb Code   166  stm32f4xx_hal_uart.o(i.UART_Receive_IT)
    i.UART_SetConfig                         0x08003178   Section        0  stm32f4xx_hal_uart.o(i.UART_SetConfig)
    UART_SetConfig                           0x08003179   Thumb Code   992  stm32f4xx_hal_uart.o(i.UART_SetConfig)
    i.UART_Transmit_IT                       0x08003560   Section        0  stm32f4xx_hal_uart.o(i.UART_Transmit_IT)
    UART_Transmit_IT                         0x08003561   Thumb Code   104  stm32f4xx_hal_uart.o(i.UART_Transmit_IT)
    i.USART1_IRQHandler                      0x080035c8   Section        0  stm32f4xx_it.o(i.USART1_IRQHandler)
    i.USART2_IRQHandler                      0x080035dc   Section        0  stm32f4xx_it.o(i.USART2_IRQHandler)
    i.USAR_UART_IDLECallback                 0x080035ec   Section        0  usart.o(i.USAR_UART_IDLECallback)
    i.USER_UART_IRQHandler                   0x0800369c   Section        0  usart.o(i.USER_UART_IRQHandler)
    i.UsageFault_Handler                     0x080036e0   Section        0  stm32f4xx_it.o(i.UsageFault_Handler)
    i.Wheels_Run                             0x080036e4   Section        0  wheel_run.o(i.Wheels_Run)
    i.__NVIC_GetPriorityGrouping             0x08003720   Section        0  stm32f4xx_hal_cortex.o(i.__NVIC_GetPriorityGrouping)
    __NVIC_GetPriorityGrouping               0x08003721   Thumb Code    10  stm32f4xx_hal_cortex.o(i.__NVIC_GetPriorityGrouping)
    i.__NVIC_SetPriority                     0x08003730   Section        0  stm32f4xx_hal_cortex.o(i.__NVIC_SetPriority)
    __NVIC_SetPriority                       0x08003731   Thumb Code    32  stm32f4xx_hal_cortex.o(i.__NVIC_SetPriority)
    i.__scatterload_copy                     0x08003758   Section       14  handlers.o(i.__scatterload_copy)
    i.__scatterload_null                     0x08003766   Section        2  handlers.o(i.__scatterload_null)
    i.__scatterload_zeroinit                 0x08003768   Section       14  handlers.o(i.__scatterload_zeroinit)
    i.catch_data                             0x08003778   Section        0  catch_data.o(i.catch_data)
    i.main                                   0x080038f0   Section        0  main.o(i.main)
    .constdata                               0x0800396c   Section        8  stm32f4xx_hal_dma.o(.constdata)
    flagBitshiftOffset                       0x0800396c   Data           8  stm32f4xx_hal_dma.o(.constdata)
    .constdata                               0x08003974   Section       24  system_stm32f4xx.o(.constdata)
    .data                                    0x20000000   Section     1040  rm3508.o(.data)
    .data                                    0x20000410   Section       32  main.o(.data)
    .data                                    0x20000430   Section        4  can.o(.data)
    HAL_RCC_CAN1_CLK_ENABLED                 0x20000430   Data           4  can.o(.data)
    .data                                    0x20000434   Section       44  wheel_run.o(.data)
    .data                                    0x20000460   Section        9  stm32f4xx_hal.o(.data)
    .data                                    0x2000046c   Section        4  system_stm32f4xx.o(.data)
    .bss                                     0x20000470   Section      152  rm3508.o(.bss)
    RM3508_base                              0x200004c8   Data          32  rm3508.o(.bss)
    RM3508tmp_pre                            0x200004e8   Data          32  rm3508.o(.bss)
    .bss                                     0x20000508   Section      255  main.o(.bss)
    .bss                                     0x20000608   Section       80  can.o(.bss)
    .bss                                     0x20000658   Section      320  usart.o(.bss)
    STACK                                    0x20000798   Section     1024  startup_stm32f405xx.o(STACK)

    Global Symbols

    Symbol Name                              Value     Ov Type        Size  Object(Section)

    BuildAttributes$$THM_ISAv4$E$P$D$K$B$S$7EM$VFPi3$EXTD16$VFPS$VFMA$PE$A:L22UL41UL21$X:L11$S22US41US21$IEEE1$IW$USESV6$~STKCKD$USESV7$~SHL$OTIME$ROPI$EBA8$MICROLIB$REQ8$PRES8$EABIv2 0x00000000   Number         0  anon$$obj.o ABSOLUTE
    __ARM_use_no_argv                        0x00000000   Number         0  main.o ABSOLUTE
    __cpp_initialize__aeabi_                  - Undefined Weak Reference
    __cxa_finalize                            - Undefined Weak Reference
    _clock_init                               - Undefined Weak Reference
    _microlib_exit                            - Undefined Weak Reference
    __Vectors_Size                           0x00000188   Number         0  startup_stm32f405xx.o ABSOLUTE
    __Vectors                                0x08000000   Data           4  startup_stm32f405xx.o(RESET)
    __Vectors_End                            0x08000188   Data           0  startup_stm32f405xx.o(RESET)
    __main                                   0x08000189   Thumb Code     0  entry.o(.ARM.Collect$$$$00000000)
    _main_stk                                0x08000189   Thumb Code     0  entry2.o(.ARM.Collect$$$$00000001)
    _main_scatterload                        0x0800018d   Thumb Code     0  entry5.o(.ARM.Collect$$$$00000004)
    __main_after_scatterload                 0x08000191   Thumb Code     0  entry5.o(.ARM.Collect$$$$00000004)
    _main_clock                              0x08000191   Thumb Code     0  entry7b.o(.ARM.Collect$$$$00000008)
    _main_cpp_init                           0x08000191   Thumb Code     0  entry8b.o(.ARM.Collect$$$$0000000A)
    _main_init                               0x08000191   Thumb Code     0  entry9a.o(.ARM.Collect$$$$0000000B)
    __rt_final_cpp                           0x08000199   Thumb Code     0  entry10a.o(.ARM.Collect$$$$0000000D)
    __rt_final_exit                          0x08000199   Thumb Code     0  entry11a.o(.ARM.Collect$$$$0000000F)
    Reset_Handler                            0x0800019d   Thumb Code     8  startup_stm32f405xx.o(.text)
    ADC_IRQHandler                           0x080001b7   Thumb Code     0  startup_stm32f405xx.o(.text)
    CAN1_RX1_IRQHandler                      0x080001b7   Thumb Code     0  startup_stm32f405xx.o(.text)
    CAN1_TX_IRQHandler                       0x080001b7   Thumb Code     0  startup_stm32f405xx.o(.text)
    CAN2_RX0_IRQHandler                      0x080001b7   Thumb Code     0  startup_stm32f405xx.o(.text)
    CAN2_TX_IRQHandler                       0x080001b7   Thumb Code     0  startup_stm32f405xx.o(.text)
    DMA1_Stream0_IRQHandler                  0x080001b7   Thumb Code     0  startup_stm32f405xx.o(.text)
    DMA1_Stream1_IRQHandler                  0x080001b7   Thumb Code     0  startup_stm32f405xx.o(.text)
    DMA1_Stream2_IRQHandler                  0x080001b7   Thumb Code     0  startup_stm32f405xx.o(.text)
    DMA1_Stream3_IRQHandler                  0x080001b7   Thumb Code     0  startup_stm32f405xx.o(.text)
    DMA1_Stream4_IRQHandler                  0x080001b7   Thumb Code     0  startup_stm32f405xx.o(.text)
    DMA1_Stream5_IRQHandler                  0x080001b7   Thumb Code     0  startup_stm32f405xx.o(.text)
    DMA1_Stream7_IRQHandler                  0x080001b7   Thumb Code     0  startup_stm32f405xx.o(.text)
    DMA2_Stream0_IRQHandler                  0x080001b7   Thumb Code     0  startup_stm32f405xx.o(.text)
    DMA2_Stream1_IRQHandler                  0x080001b7   Thumb Code     0  startup_stm32f405xx.o(.text)
    DMA2_Stream3_IRQHandler                  0x080001b7   Thumb Code     0  startup_stm32f405xx.o(.text)
    DMA2_Stream4_IRQHandler                  0x080001b7   Thumb Code     0  startup_stm32f405xx.o(.text)
    DMA2_Stream5_IRQHandler                  0x080001b7   Thumb Code     0  startup_stm32f405xx.o(.text)
    DMA2_Stream6_IRQHandler                  0x080001b7   Thumb Code     0  startup_stm32f405xx.o(.text)
    DMA2_Stream7_IRQHandler                  0x080001b7   Thumb Code     0  startup_stm32f405xx.o(.text)
    EXTI0_IRQHandler                         0x080001b7   Thumb Code     0  startup_stm32f405xx.o(.text)
    EXTI15_10_IRQHandler                     0x080001b7   Thumb Code     0  startup_stm32f405xx.o(.text)
    EXTI1_IRQHandler                         0x080001b7   Thumb Code     0  startup_stm32f405xx.o(.text)
    EXTI2_IRQHandler                         0x080001b7   Thumb Code     0  startup_stm32f405xx.o(.text)
    EXTI3_IRQHandler                         0x080001b7   Thumb Code     0  startup_stm32f405xx.o(.text)
    EXTI4_IRQHandler                         0x080001b7   Thumb Code     0  startup_stm32f405xx.o(.text)
    EXTI9_5_IRQHandler                       0x080001b7   Thumb Code     0  startup_stm32f405xx.o(.text)
    FLASH_IRQHandler                         0x080001b7   Thumb Code     0  startup_stm32f405xx.o(.text)
    FMC_IRQHandler                           0x080001b7   Thumb Code     0  startup_stm32f405xx.o(.text)
    FPU_IRQHandler                           0x080001b7   Thumb Code     0  startup_stm32f405xx.o(.text)
    HASH_RNG_IRQHandler                      0x080001b7   Thumb Code     0  startup_stm32f405xx.o(.text)
    I2C1_ER_IRQHandler                       0x080001b7   Thumb Code     0  startup_stm32f405xx.o(.text)
    I2C1_EV_IRQHandler                       0x080001b7   Thumb Code     0  startup_stm32f405xx.o(.text)
    I2C2_ER_IRQHandler                       0x080001b7   Thumb Code     0  startup_stm32f405xx.o(.text)
    I2C2_EV_IRQHandler                       0x080001b7   Thumb Code     0  startup_stm32f405xx.o(.text)
    I2C3_ER_IRQHandler                       0x080001b7   Thumb Code     0  startup_stm32f405xx.o(.text)
    I2C3_EV_IRQHandler                       0x080001b7   Thumb Code     0  startup_stm32f405xx.o(.text)
    OTG_FS_IRQHandler                        0x080001b7   Thumb Code     0  startup_stm32f405xx.o(.text)
    OTG_FS_WKUP_IRQHandler                   0x080001b7   Thumb Code     0  startup_stm32f405xx.o(.text)
    OTG_HS_EP1_IN_IRQHandler                 0x080001b7   Thumb Code     0  startup_stm32f405xx.o(.text)
    OTG_HS_EP1_OUT_IRQHandler                0x080001b7   Thumb Code     0  startup_stm32f405xx.o(.text)
    OTG_HS_IRQHandler                        0x080001b7   Thumb Code     0  startup_stm32f405xx.o(.text)
    OTG_HS_WKUP_IRQHandler                   0x080001b7   Thumb Code     0  startup_stm32f405xx.o(.text)
    PVD_IRQHandler                           0x080001b7   Thumb Code     0  startup_stm32f405xx.o(.text)
    RCC_IRQHandler                           0x080001b7   Thumb Code     0  startup_stm32f405xx.o(.text)
    RTC_Alarm_IRQHandler                     0x080001b7   Thumb Code     0  startup_stm32f405xx.o(.text)
    RTC_WKUP_IRQHandler                      0x080001b7   Thumb Code     0  startup_stm32f405xx.o(.text)
    SDIO_IRQHandler                          0x080001b7   Thumb Code     0  startup_stm32f405xx.o(.text)
    SPI1_IRQHandler                          0x080001b7   Thumb Code     0  startup_stm32f405xx.o(.text)
    SPI2_IRQHandler                          0x080001b7   Thumb Code     0  startup_stm32f405xx.o(.text)
    SPI3_IRQHandler                          0x080001b7   Thumb Code     0  startup_stm32f405xx.o(.text)
    TAMP_STAMP_IRQHandler                    0x080001b7   Thumb Code     0  startup_stm32f405xx.o(.text)
    TIM1_BRK_TIM9_IRQHandler                 0x080001b7   Thumb Code     0  startup_stm32f405xx.o(.text)
    TIM1_CC_IRQHandler                       0x080001b7   Thumb Code     0  startup_stm32f405xx.o(.text)
    TIM1_TRG_COM_TIM11_IRQHandler            0x080001b7   Thumb Code     0  startup_stm32f405xx.o(.text)
    TIM1_UP_TIM10_IRQHandler                 0x080001b7   Thumb Code     0  startup_stm32f405xx.o(.text)
    TIM2_IRQHandler                          0x080001b7   Thumb Code     0  startup_stm32f405xx.o(.text)
    TIM3_IRQHandler                          0x080001b7   Thumb Code     0  startup_stm32f405xx.o(.text)
    TIM4_IRQHandler                          0x080001b7   Thumb Code     0  startup_stm32f405xx.o(.text)
    TIM5_IRQHandler                          0x080001b7   Thumb Code     0  startup_stm32f405xx.o(.text)
    TIM6_DAC_IRQHandler                      0x080001b7   Thumb Code     0  startup_stm32f405xx.o(.text)
    TIM7_IRQHandler                          0x080001b7   Thumb Code     0  startup_stm32f405xx.o(.text)
    TIM8_BRK_TIM12_IRQHandler                0x080001b7   Thumb Code     0  startup_stm32f405xx.o(.text)
    TIM8_CC_IRQHandler                       0x080001b7   Thumb Code     0  startup_stm32f405xx.o(.text)
    TIM8_TRG_COM_TIM14_IRQHandler            0x080001b7   Thumb Code     0  startup_stm32f405xx.o(.text)
    TIM8_UP_TIM13_IRQHandler                 0x080001b7   Thumb Code     0  startup_stm32f405xx.o(.text)
    UART4_IRQHandler                         0x080001b7   Thumb Code     0  startup_stm32f405xx.o(.text)
    UART5_IRQHandler                         0x080001b7   Thumb Code     0  startup_stm32f405xx.o(.text)
    USART3_IRQHandler                        0x080001b7   Thumb Code     0  startup_stm32f405xx.o(.text)
    USART6_IRQHandler                        0x080001b7   Thumb Code     0  startup_stm32f405xx.o(.text)
    WWDG_IRQHandler                          0x080001b7   Thumb Code     0  startup_stm32f405xx.o(.text)
    __aeabi_uldivmod                         0x080001c1   Thumb Code    98  uldiv.o(.text)
    __aeabi_memset                           0x08000223   Thumb Code    14  memseta.o(.text)
    __aeabi_memset4                          0x08000223   Thumb Code     0  memseta.o(.text)
    __aeabi_memset8                          0x08000223   Thumb Code     0  memseta.o(.text)
    __aeabi_memclr                           0x08000231   Thumb Code     4  memseta.o(.text)
    __aeabi_memclr4                          0x08000231   Thumb Code     0  memseta.o(.text)
    __aeabi_memclr8                          0x08000231   Thumb Code     0  memseta.o(.text)
    _memset$wrapper                          0x08000235   Thumb Code    18  memseta.o(.text)
    __aeabi_dmul                             0x08000247   Thumb Code   228  dmul.o(.text)
    __aeabi_i2d                              0x0800032b   Thumb Code    34  dflti.o(.text)
    __aeabi_f2d                              0x0800034d   Thumb Code    38  f2d.o(.text)
    __aeabi_cdcmpeq                          0x08000375   Thumb Code     0  cdcmple.o(.text)
    __aeabi_cdcmple                          0x08000375   Thumb Code    48  cdcmple.o(.text)
    __aeabi_cdrcmple                         0x080003a5   Thumb Code    48  cdrcmple.o(.text)
    __aeabi_d2f                              0x080003d5   Thumb Code    56  d2f.o(.text)
    __aeabi_llsl                             0x0800040d   Thumb Code    30  llshl.o(.text)
    _ll_shift_l                              0x0800040d   Thumb Code     0  llshl.o(.text)
    __aeabi_llsr                             0x0800042b   Thumb Code    32  llushr.o(.text)
    _ll_ushift_r                             0x0800042b   Thumb Code     0  llushr.o(.text)
    __I$use$fp                               0x0800044b   Thumb Code     0  iusefp.o(.text)
    _float_round                             0x0800044b   Thumb Code    18  fepilogue.o(.text)
    _float_epilogue                          0x0800045d   Thumb Code    92  fepilogue.o(.text)
    _double_round                            0x080004b9   Thumb Code    30  depilogue.o(.text)
    _double_epilogue                         0x080004d7   Thumb Code   156  depilogue.o(.text)
    __scatterload                            0x08000575   Thumb Code    28  init.o(.text)
    __scatterload_rt2                        0x08000575   Thumb Code     0  init.o(.text)
    __decompress                             0x08000599   Thumb Code     0  __dczerorl2.o(.text)
    __decompress1                            0x08000599   Thumb Code    86  __dczerorl2.o(.text)
    BusFault_Handler                         0x080005ef   Thumb Code     4  stm32f4xx_it.o(i.BusFault_Handler)
    CAN1_RX0_IRQHandler                      0x080005f5   Thumb Code    10  stm32f4xx_it.o(i.CAN1_RX0_IRQHandler)
    CAN1_SCE_IRQHandler                      0x08000605   Thumb Code    10  stm32f4xx_it.o(i.CAN1_SCE_IRQHandler)
    CAN2_RX1_IRQHandler                      0x08000615   Thumb Code    10  stm32f4xx_it.o(i.CAN2_RX1_IRQHandler)
    CAN2_SCE_IRQHandler                      0x08000625   Thumb Code    10  stm32f4xx_it.o(i.CAN2_SCE_IRQHandler)
    CAN_Init                                 0x08000635   Thumb Code   146  can_bsp.o(i.CAN_Init)
    DMA1_Stream6_IRQHandler                  0x080006d1   Thumb Code    10  stm32f4xx_it.o(i.DMA1_Stream6_IRQHandler)
    DMA2_Stream2_IRQHandler                  0x080006e1   Thumb Code    10  stm32f4xx_it.o(i.DMA2_Stream2_IRQHandler)
    DebugMon_Handler                         0x080007fb   Thumb Code     2  stm32f4xx_it.o(i.DebugMon_Handler)
    Error_Handler                            0x080007fd   Thumb Code     2  main.o(i.Error_Handler)
    FabsD                                    0x08000801   Thumb Code    78  rm3508.o(i.FabsD)
    HAL_CAN_ActivateNotification             0x08000859   Thumb Code    42  stm32f4xx_hal_can.o(i.HAL_CAN_ActivateNotification)
    HAL_CAN_AddTxMessage                     0x08000883   Thumb Code   342  stm32f4xx_hal_can.o(i.HAL_CAN_AddTxMessage)
    HAL_CAN_ConfigFilter                     0x080009d9   Thumb Code   286  stm32f4xx_hal_can.o(i.HAL_CAN_ConfigFilter)
    HAL_CAN_ErrorCallback                    0x08000afd   Thumb Code     2  stm32f4xx_hal_can.o(i.HAL_CAN_ErrorCallback)
    HAL_CAN_GetRxMessage                     0x08000aff   Thumb Code   378  stm32f4xx_hal_can.o(i.HAL_CAN_GetRxMessage)
    HAL_CAN_GetTxMailboxesFreeLevel          0x08000c79   Thumb Code    54  stm32f4xx_hal_can.o(i.HAL_CAN_GetTxMailboxesFreeLevel)
    HAL_CAN_IRQHandler                       0x08000caf   Thumb Code   590  stm32f4xx_hal_can.o(i.HAL_CAN_IRQHandler)
    HAL_CAN_Init                             0x08000efd   Thumb Code   372  stm32f4xx_hal_can.o(i.HAL_CAN_Init)
    HAL_CAN_MspInit                          0x08001071   Thumb Code   364  can.o(i.HAL_CAN_MspInit)
    HAL_CAN_RxFifo0FullCallback              0x080011f5   Thumb Code     2  stm32f4xx_hal_can.o(i.HAL_CAN_RxFifo0FullCallback)
    HAL_CAN_RxFifo0MsgPendingCallback        0x080011f9   Thumb Code    64  main.o(i.HAL_CAN_RxFifo0MsgPendingCallback)
    HAL_CAN_RxFifo1FullCallback              0x0800123d   Thumb Code     2  stm32f4xx_hal_can.o(i.HAL_CAN_RxFifo1FullCallback)
    HAL_CAN_RxFifo1MsgPendingCallback        0x0800123f   Thumb Code     2  stm32f4xx_hal_can.o(i.HAL_CAN_RxFifo1MsgPendingCallback)
    HAL_CAN_SleepCallback                    0x08001241   Thumb Code     2  stm32f4xx_hal_can.o(i.HAL_CAN_SleepCallback)
    HAL_CAN_Start                            0x08001243   Thumb Code    94  stm32f4xx_hal_can.o(i.HAL_CAN_Start)
    HAL_CAN_TxMailbox0AbortCallback          0x080012a1   Thumb Code     2  stm32f4xx_hal_can.o(i.HAL_CAN_TxMailbox0AbortCallback)
    HAL_CAN_TxMailbox0CompleteCallback       0x080012a3   Thumb Code     2  stm32f4xx_hal_can.o(i.HAL_CAN_TxMailbox0CompleteCallback)
    HAL_CAN_TxMailbox1AbortCallback          0x080012a5   Thumb Code     2  stm32f4xx_hal_can.o(i.HAL_CAN_TxMailbox1AbortCallback)
    HAL_CAN_TxMailbox1CompleteCallback       0x080012a7   Thumb Code     2  stm32f4xx_hal_can.o(i.HAL_CAN_TxMailbox1CompleteCallback)
    HAL_CAN_TxMailbox2AbortCallback          0x080012a9   Thumb Code     2  stm32f4xx_hal_can.o(i.HAL_CAN_TxMailbox2AbortCallback)
    HAL_CAN_TxMailbox2CompleteCallback       0x080012ab   Thumb Code     2  stm32f4xx_hal_can.o(i.HAL_CAN_TxMailbox2CompleteCallback)
    HAL_CAN_WakeUpFromRxMsgCallback          0x080012ad   Thumb Code     2  stm32f4xx_hal_can.o(i.HAL_CAN_WakeUpFromRxMsgCallback)
    HAL_DMA_Abort                            0x080012af   Thumb Code   170  stm32f4xx_hal_dma.o(i.HAL_DMA_Abort)
    HAL_DMA_Abort_IT                         0x08001359   Thumb Code    40  stm32f4xx_hal_dma.o(i.HAL_DMA_Abort_IT)
    HAL_DMA_IRQHandler                       0x08001381   Thumb Code   570  stm32f4xx_hal_dma.o(i.HAL_DMA_IRQHandler)
    HAL_DMA_Init                             0x080015c1   Thumb Code   232  stm32f4xx_hal_dma.o(i.HAL_DMA_Init)
    HAL_DMA_Start_IT                         0x080016ad   Thumb Code   146  stm32f4xx_hal_dma.o(i.HAL_DMA_Start_IT)
    HAL_GPIO_Init                            0x08001741   Thumb Code   466  stm32f4xx_hal_gpio.o(i.HAL_GPIO_Init)
    HAL_GetTick                              0x08001941   Thumb Code     6  stm32f4xx_hal.o(i.HAL_GetTick)
    HAL_IncTick                              0x0800194d   Thumb Code    16  stm32f4xx_hal.o(i.HAL_IncTick)
    HAL_Init                                 0x08001965   Thumb Code    54  stm32f4xx_hal.o(i.HAL_Init)
    HAL_InitTick                             0x080019a1   Thumb Code    64  stm32f4xx_hal.o(i.HAL_InitTick)
    HAL_MspInit                              0x080019ed   Thumb Code    68  stm32f4xx_hal_msp.o(i.HAL_MspInit)
    HAL_NVIC_EnableIRQ                       0x08001a35   Thumb Code    32  stm32f4xx_hal_cortex.o(i.HAL_NVIC_EnableIRQ)
    HAL_NVIC_SetPriority                     0x08001a55   Thumb Code   124  stm32f4xx_hal_cortex.o(i.HAL_NVIC_SetPriority)
    HAL_NVIC_SetPriorityGrouping             0x08001ad1   Thumb Code    32  stm32f4xx_hal_cortex.o(i.HAL_NVIC_SetPriorityGrouping)
    HAL_RCC_ClockConfig                      0x08001af9   Thumb Code   368  stm32f4xx_hal_rcc.o(i.HAL_RCC_ClockConfig)
    HAL_RCC_GetHCLKFreq                      0x08001c7d   Thumb Code     6  stm32f4xx_hal_rcc.o(i.HAL_RCC_GetHCLKFreq)
    HAL_RCC_GetPCLK1Freq                     0x08001c89   Thumb Code    22  stm32f4xx_hal_rcc.o(i.HAL_RCC_GetPCLK1Freq)
    HAL_RCC_GetPCLK2Freq                     0x08001ca9   Thumb Code    22  stm32f4xx_hal_rcc.o(i.HAL_RCC_GetPCLK2Freq)
    HAL_RCC_GetSysClockFreq                  0x08001cc9   Thumb Code   162  stm32f4xx_hal_rcc.o(i.HAL_RCC_GetSysClockFreq)
    HAL_RCC_OscConfig                        0x08001d79   Thumb Code  1152  stm32f4xx_hal_rcc.o(i.HAL_RCC_OscConfig)
    HAL_SYSTICK_Config                       0x08002201   Thumb Code    52  stm32f4xx_hal_cortex.o(i.HAL_SYSTICK_Config)
    HAL_UART_DMAStop                         0x08002235   Thumb Code   102  stm32f4xx_hal_uart.o(i.HAL_UART_DMAStop)
    HAL_UART_ErrorCallback                   0x0800229b   Thumb Code     2  stm32f4xx_hal_uart.o(i.HAL_UART_ErrorCallback)
    HAL_UART_IRQHandler                      0x0800229d   Thumb Code   336  stm32f4xx_hal_uart.o(i.HAL_UART_IRQHandler)
    HAL_UART_Init                            0x080023f1   Thumb Code   114  stm32f4xx_hal_uart.o(i.HAL_UART_Init)
    HAL_UART_MspInit                         0x08002465   Thumb Code   418  usart.o(i.HAL_UART_MspInit)
    HAL_UART_Receive_DMA                     0x08002629   Thumb Code   182  stm32f4xx_hal_uart.o(i.HAL_UART_Receive_DMA)
    HAL_UART_RxCpltCallback                  0x080026ed   Thumb Code     2  stm32f4xx_hal_uart.o(i.HAL_UART_RxCpltCallback)
    HAL_UART_RxHalfCpltCallback              0x080026ef   Thumb Code     2  stm32f4xx_hal_uart.o(i.HAL_UART_RxHalfCpltCallback)
    HAL_UART_Transmit_DMA                    0x080026f1   Thumb Code   142  stm32f4xx_hal_uart.o(i.HAL_UART_Transmit_DMA)
    HAL_UART_TxCpltCallback                  0x0800278d   Thumb Code     2  stm32f4xx_hal_uart.o(i.HAL_UART_TxCpltCallback)
    HAL_UART_TxHalfCpltCallback              0x0800278f   Thumb Code     2  stm32f4xx_hal_uart.o(i.HAL_UART_TxHalfCpltCallback)
    HardFault_Handler                        0x08002791   Thumb Code     4  stm32f4xx_it.o(i.HardFault_Handler)
    MX_CAN1_Init                             0x08002795   Thumb Code    56  can.o(i.MX_CAN1_Init)
    MX_CAN2_Init                             0x080027d5   Thumb Code    56  can.o(i.MX_CAN2_Init)
    MX_DMA_Init                              0x08002815   Thumb Code    98  dma.o(i.MX_DMA_Init)
    MX_GPIO_Init                             0x0800287d   Thumb Code    96  gpio.o(i.MX_GPIO_Init)
    MX_USART1_UART_Init                      0x080028e1   Thumb Code    46  usart.o(i.MX_USART1_UART_Init)
    MX_USART2_UART_Init                      0x08002919   Thumb Code    46  usart.o(i.MX_USART2_UART_Init)
    MemManage_Handler                        0x08002951   Thumb Code     4  stm32f4xx_it.o(i.MemManage_Handler)
    NMI_Handler                              0x08002955   Thumb Code     2  stm32f4xx_it.o(i.NMI_Handler)
    PendSV_Handler                           0x08002957   Thumb Code     2  stm32f4xx_it.o(i.PendSV_Handler)
    RM3508_CAN_Send_Data                     0x08002959   Thumb Code    92  rm3508.o(i.RM3508_CAN_Send_Data)
    RM3508_Get_Feedback                      0x080029b5   Thumb Code    58  rm3508.o(i.RM3508_Get_Feedback)
    RM3508_Get_Speed                         0x080029f5   Thumb Code    92  rm3508.o(i.RM3508_Get_Speed)
    RM3508_Pos_Rec                           0x08002a55   Thumb Code   140  rm3508.o(i.RM3508_Pos_Rec)
    RM3508_Set_I                             0x08002af1   Thumb Code   132  rm3508.o(i.RM3508_Set_I)
    RM3508_Set_Speed                         0x08002b85   Thumb Code   666  rm3508.o(i.RM3508_Set_Speed)
    SVC_Handler                              0x08002e29   Thumb Code     2  stm32f4xx_it.o(i.SVC_Handler)
    Speed_Robot_Coordinate                   0x08002e2d   Thumb Code   108  wheel_run.o(i.Speed_Robot_Coordinate)
    SysTick_Handler                          0x08002ea9   Thumb Code     8  stm32f4xx_it.o(i.SysTick_Handler)
    SystemClock_Config                       0x08002eb1   Thumb Code   172  main.o(i.SystemClock_Config)
    SystemInit                               0x08002f65   Thumb Code    24  system_stm32f4xx.o(i.SystemInit)
    USART1_IRQHandler                        0x080035c9   Thumb Code    16  stm32f4xx_it.o(i.USART1_IRQHandler)
    USART2_IRQHandler                        0x080035dd   Thumb Code    10  stm32f4xx_it.o(i.USART2_IRQHandler)
    USAR_UART_IDLECallback                   0x080035ed   Thumb Code   142  usart.o(i.USAR_UART_IDLECallback)
    USER_UART_IRQHandler                     0x0800369d   Thumb Code    60  usart.o(i.USER_UART_IRQHandler)
    UsageFault_Handler                       0x080036e1   Thumb Code     4  stm32f4xx_it.o(i.UsageFault_Handler)
    Wheels_Run                               0x080036e5   Thumb Code    56  wheel_run.o(i.Wheels_Run)
    __scatterload_copy                       0x08003759   Thumb Code    14  handlers.o(i.__scatterload_copy)
    __scatterload_null                       0x08003767   Thumb Code     2  handlers.o(i.__scatterload_null)
    __scatterload_zeroinit                   0x08003769   Thumb Code    14  handlers.o(i.__scatterload_zeroinit)
    catch_data                               0x08003779   Thumb Code   354  catch_data.o(i.catch_data)
    main                                     0x080038f1   Thumb Code   100  main.o(i.main)
    AHBPrescTable                            0x08003974   Data          16  system_stm32f4xx.o(.constdata)
    APBPrescTable                            0x08003984   Data           8  system_stm32f4xx.o(.constdata)
    Region$$Table$$Base                      0x0800398c   Number         0  anon$$obj.o(Region$$Table)
    Region$$Table$$Limit                     0x080039ac   Number         0  anon$$obj.o(Region$$Table)
    M3508_Speed_Pid                          0x20000000   Data         512  rm3508.o(.data)
    M3508_Pos_Pid                            0x20000200   Data         512  rm3508.o(.data)
    RM3508_Sendbuf1                          0x20000400   Data           8  rm3508.o(.data)
    RM3508_Sendbuf2                          0x20000408   Data           8  rm3508.o(.data)
    tx_message1                              0x20000410   Data          20  main.o(.data)
    getdata_x                                0x20000424   Data           4  main.o(.data)
    getdata_y                                0x20000428   Data           4  main.o(.data)
    getdata_w                                0x2000042c   Data           4  main.o(.data)
    Wheel_Info                               0x20000434   Data          32  wheel_run.o(.data)
    VX                                       0x20000454   Data           4  wheel_run.o(.data)
    VY                                       0x20000458   Data           4  wheel_run.o(.data)
    VZ                                       0x2000045c   Data           4  wheel_run.o(.data)
    uwTick                                   0x20000460   Data           4  stm32f4xx_hal.o(.data)
    uwTickPrio                               0x20000464   Data           4  stm32f4xx_hal.o(.data)
    uwTickFreq                               0x20000468   Data           1  stm32f4xx_hal.o(.data)
    SystemCoreClock                          0x2000046c   Data           4  system_stm32f4xx.o(.data)
    RM3508_Feedback_Buf                      0x20000470   Data          56  rm3508.o(.bss)
    RM3508_Pos                               0x200004a8   Data          32  rm3508.o(.bss)
    receive_buff1                            0x20000508   Data         255  main.o(.bss)
    hcan1                                    0x20000608   Data          40  can.o(.bss)
    hcan2                                    0x20000630   Data          40  can.o(.bss)
    huart1                                   0x20000658   Data          64  usart.o(.bss)
    huart2                                   0x20000698   Data          64  usart.o(.bss)
    hdma_usart1_rx                           0x200006d8   Data          96  usart.o(.bss)
    hdma_usart2_tx                           0x20000738   Data          96  usart.o(.bss)
    __initial_sp                             0x20000b98   Data           0  startup_stm32f405xx.o(STACK)



==============================================================================

Memory Map of the image

  Image Entry point : 0x08000189

  Load Region LR_IROM1 (Base: 0x08000000, Size: 0x00003e1c, Max: 0x00100000, ABSOLUTE, COMPRESSED[0x00003a48])

    Execution Region ER_IROM1 (Exec base: 0x08000000, Load base: 0x08000000, Size: 0x000039ac, Max: 0x00100000, ABSOLUTE)

    Exec Addr    Load Addr    Size         Type   Attr      Idx    E Section Name        Object

    0x08000000   0x08000000   0x00000188   Data   RO            3    RESET               startup_stm32f405xx.o
    0x08000188   0x08000188   0x00000000   Code   RO         2530  * .ARM.Collect$$$$00000000  mc_w.l(entry.o)
    0x08000188   0x08000188   0x00000004   Code   RO         2553    .ARM.Collect$$$$00000001  mc_w.l(entry2.o)
    0x0800018c   0x0800018c   0x00000004   Code   RO         2556    .ARM.Collect$$$$00000004  mc_w.l(entry5.o)
    0x08000190   0x08000190   0x00000000   Code   RO         2558    .ARM.Collect$$$$00000008  mc_w.l(entry7b.o)
    0x08000190   0x08000190   0x00000000   Code   RO         2560    .ARM.Collect$$$$0000000A  mc_w.l(entry8b.o)
    0x08000190   0x08000190   0x00000008   Code   RO         2561    .ARM.Collect$$$$0000000B  mc_w.l(entry9a.o)
    0x08000198   0x08000198   0x00000000   Code   RO         2563    .ARM.Collect$$$$0000000D  mc_w.l(entry10a.o)
    0x08000198   0x08000198   0x00000000   Code   RO         2565    .ARM.Collect$$$$0000000F  mc_w.l(entry11a.o)
    0x08000198   0x08000198   0x00000004   Code   RO         2554    .ARM.Collect$$$$00002712  mc_w.l(entry2.o)
    0x0800019c   0x0800019c   0x00000024   Code   RO            4    .text               startup_stm32f405xx.o
    0x080001c0   0x080001c0   0x00000062   Code   RO         2533    .text               mc_w.l(uldiv.o)
    0x08000222   0x08000222   0x00000024   Code   RO         2535    .text               mc_w.l(memseta.o)
    0x08000246   0x08000246   0x000000e4   Code   RO         2537    .text               mf_w.l(dmul.o)
    0x0800032a   0x0800032a   0x00000022   Code   RO         2543    .text               mf_w.l(dflti.o)
    0x0800034c   0x0800034c   0x00000026   Code   RO         2545    .text               mf_w.l(f2d.o)
    0x08000372   0x08000372   0x00000002   PAD
    0x08000374   0x08000374   0x00000030   Code   RO         2547    .text               mf_w.l(cdcmple.o)
    0x080003a4   0x080003a4   0x00000030   Code   RO         2549    .text               mf_w.l(cdrcmple.o)
    0x080003d4   0x080003d4   0x00000038   Code   RO         2551    .text               mf_w.l(d2f.o)
    0x0800040c   0x0800040c   0x0000001e   Code   RO         2567    .text               mc_w.l(llshl.o)
    0x0800042a   0x0800042a   0x00000020   Code   RO         2569    .text               mc_w.l(llushr.o)
    0x0800044a   0x0800044a   0x00000000   Code   RO         2571    .text               mc_w.l(iusefp.o)
    0x0800044a   0x0800044a   0x0000006e   Code   RO         2572    .text               mf_w.l(fepilogue.o)
    0x080004b8   0x080004b8   0x000000ba   Code   RO         2574    .text               mf_w.l(depilogue.o)
    0x08000572   0x08000572   0x00000002   PAD
    0x08000574   0x08000574   0x00000024   Code   RO         2576    .text               mc_w.l(init.o)
    0x08000598   0x08000598   0x00000056   Code   RO         2586    .text               mc_w.l(__dczerorl2.o)
    0x080005ee   0x080005ee   0x00000004   Code   RO          500    i.BusFault_Handler  stm32f4xx_it.o
    0x080005f2   0x080005f2   0x00000002   PAD
    0x080005f4   0x080005f4   0x00000010   Code   RO          501    i.CAN1_RX0_IRQHandler  stm32f4xx_it.o
    0x08000604   0x08000604   0x00000010   Code   RO          502    i.CAN1_SCE_IRQHandler  stm32f4xx_it.o
    0x08000614   0x08000614   0x00000010   Code   RO          503    i.CAN2_RX1_IRQHandler  stm32f4xx_it.o
    0x08000624   0x08000624   0x00000010   Code   RO          504    i.CAN2_SCE_IRQHandler  stm32f4xx_it.o
    0x08000634   0x08000634   0x0000009c   Code   RO          237    i.CAN_Init          can_bsp.o
    0x080006d0   0x080006d0   0x00000010   Code   RO          505    i.DMA1_Stream6_IRQHandler  stm32f4xx_it.o
    0x080006e0   0x080006e0   0x00000010   Code   RO          506    i.DMA2_Stream2_IRQHandler  stm32f4xx_it.o
    0x080006f0   0x080006f0   0x00000034   Code   RO         1451    i.DMA_CalcBaseAndBitshift  stm32f4xx_hal_dma.o
    0x08000724   0x08000724   0x000000aa   Code   RO         1452    i.DMA_CheckFifoParam  stm32f4xx_hal_dma.o
    0x080007ce   0x080007ce   0x0000002c   Code   RO         1453    i.DMA_SetConfig     stm32f4xx_hal_dma.o
    0x080007fa   0x080007fa   0x00000002   Code   RO          507    i.DebugMon_Handler  stm32f4xx_it.o
    0x080007fc   0x080007fc   0x00000002   Code   RO          270    i.Error_Handler     main.o
    0x080007fe   0x080007fe   0x00000002   PAD
    0x08000800   0x08000800   0x00000058   Code   RO           13    i.FabsD             rm3508.o
    0x08000858   0x08000858   0x0000002a   Code   RO          714    i.HAL_CAN_ActivateNotification  stm32f4xx_hal_can.o
    0x08000882   0x08000882   0x00000156   Code   RO          715    i.HAL_CAN_AddTxMessage  stm32f4xx_hal_can.o
    0x080009d8   0x080009d8   0x00000124   Code   RO          716    i.HAL_CAN_ConfigFilter  stm32f4xx_hal_can.o
    0x08000afc   0x08000afc   0x00000002   Code   RO          719    i.HAL_CAN_ErrorCallback  stm32f4xx_hal_can.o
    0x08000afe   0x08000afe   0x0000017a   Code   RO          722    i.HAL_CAN_GetRxMessage  stm32f4xx_hal_can.o
    0x08000c78   0x08000c78   0x00000036   Code   RO          724    i.HAL_CAN_GetTxMailboxesFreeLevel  stm32f4xx_hal_can.o
    0x08000cae   0x08000cae   0x0000024e   Code   RO          726    i.HAL_CAN_IRQHandler  stm32f4xx_hal_can.o
    0x08000efc   0x08000efc   0x00000174   Code   RO          727    i.HAL_CAN_Init      stm32f4xx_hal_can.o
    0x08001070   0x08001070   0x00000184   Code   RO          358    i.HAL_CAN_MspInit   can.o
    0x080011f4   0x080011f4   0x00000002   Code   RO          734    i.HAL_CAN_RxFifo0FullCallback  stm32f4xx_hal_can.o
    0x080011f6   0x080011f6   0x00000002   PAD
    0x080011f8   0x080011f8   0x00000044   Code   RO          271    i.HAL_CAN_RxFifo0MsgPendingCallback  main.o
    0x0800123c   0x0800123c   0x00000002   Code   RO          736    i.HAL_CAN_RxFifo1FullCallback  stm32f4xx_hal_can.o
    0x0800123e   0x0800123e   0x00000002   Code   RO          737    i.HAL_CAN_RxFifo1MsgPendingCallback  stm32f4xx_hal_can.o
    0x08001240   0x08001240   0x00000002   Code   RO          738    i.HAL_CAN_SleepCallback  stm32f4xx_hal_can.o
    0x08001242   0x08001242   0x0000005e   Code   RO          739    i.HAL_CAN_Start     stm32f4xx_hal_can.o
    0x080012a0   0x080012a0   0x00000002   Code   RO          741    i.HAL_CAN_TxMailbox0AbortCallback  stm32f4xx_hal_can.o
    0x080012a2   0x080012a2   0x00000002   Code   RO          742    i.HAL_CAN_TxMailbox0CompleteCallback  stm32f4xx_hal_can.o
    0x080012a4   0x080012a4   0x00000002   Code   RO          743    i.HAL_CAN_TxMailbox1AbortCallback  stm32f4xx_hal_can.o
    0x080012a6   0x080012a6   0x00000002   Code   RO          744    i.HAL_CAN_TxMailbox1CompleteCallback  stm32f4xx_hal_can.o
    0x080012a8   0x080012a8   0x00000002   Code   RO          745    i.HAL_CAN_TxMailbox2AbortCallback  stm32f4xx_hal_can.o
    0x080012aa   0x080012aa   0x00000002   Code   RO          746    i.HAL_CAN_TxMailbox2CompleteCallback  stm32f4xx_hal_can.o
    0x080012ac   0x080012ac   0x00000002   Code   RO          748    i.HAL_CAN_WakeUpFromRxMsgCallback  stm32f4xx_hal_can.o
    0x080012ae   0x080012ae   0x000000aa   Code   RO         1454    i.HAL_DMA_Abort     stm32f4xx_hal_dma.o
    0x08001358   0x08001358   0x00000028   Code   RO         1455    i.HAL_DMA_Abort_IT  stm32f4xx_hal_dma.o
    0x08001380   0x08001380   0x00000240   Code   RO         1459    i.HAL_DMA_IRQHandler  stm32f4xx_hal_dma.o
    0x080015c0   0x080015c0   0x000000ec   Code   RO         1460    i.HAL_DMA_Init      stm32f4xx_hal_dma.o
    0x080016ac   0x080016ac   0x00000092   Code   RO         1464    i.HAL_DMA_Start_IT  stm32f4xx_hal_dma.o
    0x0800173e   0x0800173e   0x00000002   PAD
    0x08001740   0x08001740   0x00000200   Code   RO         1347    i.HAL_GPIO_Init     stm32f4xx_hal_gpio.o
    0x08001940   0x08001940   0x0000000c   Code   RO         1884    i.HAL_GetTick       stm32f4xx_hal.o
    0x0800194c   0x0800194c   0x00000018   Code   RO         1890    i.HAL_IncTick       stm32f4xx_hal.o
    0x08001964   0x08001964   0x0000003c   Code   RO         1891    i.HAL_Init          stm32f4xx_hal.o
    0x080019a0   0x080019a0   0x0000004c   Code   RO         1892    i.HAL_InitTick      stm32f4xx_hal.o
    0x080019ec   0x080019ec   0x00000048   Code   RO          621    i.HAL_MspInit       stm32f4xx_hal_msp.o
    0x08001a34   0x08001a34   0x00000020   Code   RO         1736    i.HAL_NVIC_EnableIRQ  stm32f4xx_hal_cortex.o
    0x08001a54   0x08001a54   0x0000007c   Code   RO         1742    i.HAL_NVIC_SetPriority  stm32f4xx_hal_cortex.o
    0x08001ad0   0x08001ad0   0x00000028   Code   RO         1743    i.HAL_NVIC_SetPriorityGrouping  stm32f4xx_hal_cortex.o
    0x08001af8   0x08001af8   0x00000184   Code   RO          948    i.HAL_RCC_ClockConfig  stm32f4xx_hal_rcc.o
    0x08001c7c   0x08001c7c   0x0000000c   Code   RO          953    i.HAL_RCC_GetHCLKFreq  stm32f4xx_hal_rcc.o
    0x08001c88   0x08001c88   0x00000020   Code   RO          955    i.HAL_RCC_GetPCLK1Freq  stm32f4xx_hal_rcc.o
    0x08001ca8   0x08001ca8   0x00000020   Code   RO          956    i.HAL_RCC_GetPCLK2Freq  stm32f4xx_hal_rcc.o
    0x08001cc8   0x08001cc8   0x000000b0   Code   RO          957    i.HAL_RCC_GetSysClockFreq  stm32f4xx_hal_rcc.o
    0x08001d78   0x08001d78   0x00000488   Code   RO          960    i.HAL_RCC_OscConfig  stm32f4xx_hal_rcc.o
    0x08002200   0x08002200   0x00000034   Code   RO         1747    i.HAL_SYSTICK_Config  stm32f4xx_hal_cortex.o
    0x08002234   0x08002234   0x00000066   Code   RO         2184    i.HAL_UART_DMAStop  stm32f4xx_hal_uart.o
    0x0800229a   0x0800229a   0x00000002   Code   RO         2186    i.HAL_UART_ErrorCallback  stm32f4xx_hal_uart.o
    0x0800229c   0x0800229c   0x00000154   Code   RO         2189    i.HAL_UART_IRQHandler  stm32f4xx_hal_uart.o
    0x080023f0   0x080023f0   0x00000072   Code   RO         2190    i.HAL_UART_Init     stm32f4xx_hal_uart.o
    0x08002462   0x08002462   0x00000002   PAD
    0x08002464   0x08002464   0x000001c4   Code   RO          431    i.HAL_UART_MspInit  usart.o
    0x08002628   0x08002628   0x000000c4   Code   RO         2194    i.HAL_UART_Receive_DMA  stm32f4xx_hal_uart.o
    0x080026ec   0x080026ec   0x00000002   Code   RO         2196    i.HAL_UART_RxCpltCallback  stm32f4xx_hal_uart.o
    0x080026ee   0x080026ee   0x00000002   Code   RO         2197    i.HAL_UART_RxHalfCpltCallback  stm32f4xx_hal_uart.o
    0x080026f0   0x080026f0   0x0000009c   Code   RO         2199    i.HAL_UART_Transmit_DMA  stm32f4xx_hal_uart.o
    0x0800278c   0x0800278c   0x00000002   Code   RO         2201    i.HAL_UART_TxCpltCallback  stm32f4xx_hal_uart.o
    0x0800278e   0x0800278e   0x00000002   Code   RO         2202    i.HAL_UART_TxHalfCpltCallback  stm32f4xx_hal_uart.o
    0x08002790   0x08002790   0x00000004   Code   RO          508    i.HardFault_Handler  stm32f4xx_it.o
    0x08002794   0x08002794   0x00000040   Code   RO          359    i.MX_CAN1_Init      can.o
    0x080027d4   0x080027d4   0x00000040   Code   RO          360    i.MX_CAN2_Init      can.o
    0x08002814   0x08002814   0x00000068   Code   RO          406    i.MX_DMA_Init       dma.o
    0x0800287c   0x0800287c   0x00000064   Code   RO          333    i.MX_GPIO_Init      gpio.o
    0x080028e0   0x080028e0   0x00000038   Code   RO          432    i.MX_USART1_UART_Init  usart.o
    0x08002918   0x08002918   0x00000038   Code   RO          433    i.MX_USART2_UART_Init  usart.o
    0x08002950   0x08002950   0x00000004   Code   RO          509    i.MemManage_Handler  stm32f4xx_it.o
    0x08002954   0x08002954   0x00000002   Code   RO          510    i.NMI_Handler       stm32f4xx_it.o
    0x08002956   0x08002956   0x00000002   Code   RO          511    i.PendSV_Handler    stm32f4xx_it.o
    0x08002958   0x08002958   0x0000005c   Code   RO           16    i.RM3508_CAN_Send_Data  rm3508.o
    0x080029b4   0x080029b4   0x00000040   Code   RO           18    i.RM3508_Get_Feedback  rm3508.o
    0x080029f4   0x080029f4   0x00000060   Code   RO           20    i.RM3508_Get_Speed  rm3508.o
    0x08002a54   0x08002a54   0x0000009c   Code   RO           22    i.RM3508_Pos_Rec    rm3508.o
    0x08002af0   0x08002af0   0x00000094   Code   RO           24    i.RM3508_Set_I      rm3508.o
    0x08002b84   0x08002b84   0x000002a4   Code   RO           27    i.RM3508_Set_Speed  rm3508.o
    0x08002e28   0x08002e28   0x00000002   Code   RO          512    i.SVC_Handler       stm32f4xx_it.o
    0x08002e2a   0x08002e2a   0x00000002   PAD
    0x08002e2c   0x08002e2c   0x0000007c   Code   RO          673    i.Speed_Robot_Coordinate  wheel_run.o
    0x08002ea8   0x08002ea8   0x00000008   Code   RO          513    i.SysTick_Handler   stm32f4xx_it.o
    0x08002eb0   0x08002eb0   0x000000b4   Code   RO          272    i.SystemClock_Config  main.o
    0x08002f64   0x08002f64   0x0000001c   Code   RO         2497    i.SystemInit        system_stm32f4xx.o
    0x08002f80   0x08002f80   0x00000014   Code   RO         2203    i.UART_DMAAbortOnError  stm32f4xx_hal_uart.o
    0x08002f94   0x08002f94   0x00000050   Code   RO         2204    i.UART_DMAError     stm32f4xx_hal_uart.o
    0x08002fe4   0x08002fe4   0x00000046   Code   RO         2205    i.UART_DMAReceiveCplt  stm32f4xx_hal_uart.o
    0x0800302a   0x0800302a   0x0000000e   Code   RO         2207    i.UART_DMARxHalfCplt  stm32f4xx_hal_uart.o
    0x08003038   0x08003038   0x00000036   Code   RO         2209    i.UART_DMATransmitCplt  stm32f4xx_hal_uart.o
    0x0800306e   0x0800306e   0x0000000e   Code   RO         2211    i.UART_DMATxHalfCplt  stm32f4xx_hal_uart.o
    0x0800307c   0x0800307c   0x00000020   Code   RO         2213    i.UART_EndRxTransfer  stm32f4xx_hal_uart.o
    0x0800309c   0x0800309c   0x00000020   Code   RO         2214    i.UART_EndTransmit_IT  stm32f4xx_hal_uart.o
    0x080030bc   0x080030bc   0x00000014   Code   RO         2215    i.UART_EndTxTransfer  stm32f4xx_hal_uart.o
    0x080030d0   0x080030d0   0x000000a6   Code   RO         2216    i.UART_Receive_IT   stm32f4xx_hal_uart.o
    0x08003176   0x08003176   0x00000002   PAD
    0x08003178   0x08003178   0x000003e8   Code   RO         2217    i.UART_SetConfig    stm32f4xx_hal_uart.o
    0x08003560   0x08003560   0x00000068   Code   RO         2218    i.UART_Transmit_IT  stm32f4xx_hal_uart.o
    0x080035c8   0x080035c8   0x00000014   Code   RO          514    i.USART1_IRQHandler  stm32f4xx_it.o
    0x080035dc   0x080035dc   0x00000010   Code   RO          515    i.USART2_IRQHandler  stm32f4xx_it.o
    0x080035ec   0x080035ec   0x000000b0   Code   RO          434    i.USAR_UART_IDLECallback  usart.o
    0x0800369c   0x0800369c   0x00000044   Code   RO          435    i.USER_UART_IRQHandler  usart.o
    0x080036e0   0x080036e0   0x00000004   Code   RO          516    i.UsageFault_Handler  stm32f4xx_it.o
    0x080036e4   0x080036e4   0x0000003c   Code   RO          674    i.Wheels_Run        wheel_run.o
    0x08003720   0x08003720   0x00000010   Code   RO         1749    i.__NVIC_GetPriorityGrouping  stm32f4xx_hal_cortex.o
    0x08003730   0x08003730   0x00000028   Code   RO         1750    i.__NVIC_SetPriority  stm32f4xx_hal_cortex.o
    0x08003758   0x08003758   0x0000000e   Code   RO         2580    i.__scatterload_copy  mc_w.l(handlers.o)
    0x08003766   0x08003766   0x00000002   Code   RO         2581    i.__scatterload_null  mc_w.l(handlers.o)
    0x08003768   0x08003768   0x0000000e   Code   RO         2582    i.__scatterload_zeroinit  mc_w.l(handlers.o)
    0x08003776   0x08003776   0x00000002   PAD
    0x08003778   0x08003778   0x00000178   Code   RO          645    i.catch_data        catch_data.o
    0x080038f0   0x080038f0   0x0000007c   Code   RO          273    i.main              main.o
    0x0800396c   0x0800396c   0x00000008   Data   RO         1466    .constdata          stm32f4xx_hal_dma.o
    0x08003974   0x08003974   0x00000018   Data   RO         2498    .constdata          system_stm32f4xx.o
    0x0800398c   0x0800398c   0x00000020   Data   RO         2578    Region$$Table       anon$$obj.o


    Execution Region RW_IRAM1 (Exec base: 0x20000000, Load base: 0x080039ac, Size: 0x00000b98, Max: 0x00020000, ABSOLUTE, COMPRESSED[0x0000009c])

    Exec Addr    Load Addr    Size         Type   Attr      Idx    E Section Name        Object

    0x20000000   COMPRESSED   0x00000410   Data   RW           31    .data               rm3508.o
    0x20000410   COMPRESSED   0x00000020   Data   RW          275    .data               main.o
    0x20000430   COMPRESSED   0x00000004   Data   RW          362    .data               can.o
    0x20000434   COMPRESSED   0x0000002c   Data   RW          675    .data               wheel_run.o
    0x20000460   COMPRESSED   0x00000009   Data   RW         1898    .data               stm32f4xx_hal.o
    0x20000469   COMPRESSED   0x00000003   PAD
    0x2000046c   COMPRESSED   0x00000004   Data   RW         2499    .data               system_stm32f4xx.o
    0x20000470        -       0x00000098   Zero   RW           29    .bss                rm3508.o
    0x20000508        -       0x000000ff   Zero   RW          274    .bss                main.o
    0x20000607   COMPRESSED   0x00000001   PAD
    0x20000608        -       0x00000050   Zero   RW          361    .bss                can.o
    0x20000658        -       0x00000140   Zero   RW          436    .bss                usart.o
    0x20000798        -       0x00000400   Zero   RW            1    STACK               startup_stm32f405xx.o


==============================================================================

Image component sizes


      Code (inc. data)   RO Data    RW Data    ZI Data      Debug   Object Name

       516         40          0          4         80       2330   can.o
       156         10          0          0          0        959   can_bsp.o
       376         22          0          0          0        901   catch_data.o
       104          6          0          0          0        762   dma.o
       100          4          0          0          0        791   gpio.o
       374         36          0         32        255       3006   main.o
      1320         62          0       1040        152     623274   rm3508.o
        36          8        392          0       1024        824   startup_stm32f405xx.o
       172         32          0          9          0       8653   stm32f4xx_hal.o
      2188          6          0          0          0      14741   stm32f4xx_hal_can.o
       304         22          0          0          0      34355   stm32f4xx_hal_cortex.o
      1434         16          8          0          0       6902   stm32f4xx_hal_dma.o
       512         46          0          0          0       1628   stm32f4xx_hal_gpio.o
        72          4          0          0          0        802   stm32f4xx_hal_msp.o
      1800         84          0          0          0       5516   stm32f4xx_hal_rcc.o
      2524         40          0          0          0      14877   stm32f4xx_hal_uart.o
       164         46          0          0          0       7834   stm32f4xx_it.o
        28          4         24          4          0       1091   system_stm32f4xx.o
       808         96          0          0        320       3733   usart.o
       184         20          0         44          0       1932   wheel_run.o

    ----------------------------------------------------------------------
     13186        604        456       1136       1832     734911   Object Totals
         0          0         32          0          0          0   (incl. Generated)
        14          0          0          3          1          0   (incl. Padding)

    ----------------------------------------------------------------------

      Code (inc. data)   RO Data    RW Data    ZI Data      Debug   Library Member Name

        86          0          0          0          0          0   __dczerorl2.o
         0          0          0          0          0          0   entry.o
         0          0          0          0          0          0   entry10a.o
         0          0          0          0          0          0   entry11a.o
         8          4          0          0          0          0   entry2.o
         4          0          0          0          0          0   entry5.o
         0          0          0          0          0          0   entry7b.o
         0          0          0          0          0          0   entry8b.o
         8          4          0          0          0          0   entry9a.o
        30          0          0          0          0          0   handlers.o
        36          8          0          0          0         68   init.o
         0          0          0          0          0          0   iusefp.o
        30          0          0          0          0         68   llshl.o
        32          0          0          0          0         68   llushr.o
        36          0          0          0          0        108   memseta.o
        98          0          0          0          0         92   uldiv.o
        48          0          0          0          0         68   cdcmple.o
        48          0          0          0          0         68   cdrcmple.o
        56          0          0          0          0         88   d2f.o
       186          0          0          0          0        176   depilogue.o
        34          0          0          0          0         76   dflti.o
       228          0          0          0          0         96   dmul.o
        38          0          0          0          0         68   f2d.o
       110          0          0          0          0        168   fepilogue.o

    ----------------------------------------------------------------------
      1122         16          0          0          0       1212   Library Totals
         6          0          0          0          0          0   (incl. Padding)

    ----------------------------------------------------------------------

      Code (inc. data)   RO Data    RW Data    ZI Data      Debug   Library Name

       368         16          0          0          0        404   mc_w.l
       748          0          0          0          0        808   mf_w.l

    ----------------------------------------------------------------------
      1122         16          0          0          0       1212   Library Totals

    ----------------------------------------------------------------------

==============================================================================


      Code (inc. data)   RO Data    RW Data    ZI Data      Debug   

     14308        620        456       1136       1832     725487   Grand Totals
     14308        620        456        156       1832     725487   ELF Image Totals (compressed)
     14308        620        456        156          0          0   ROM Totals

==============================================================================

    Total RO  Size (Code + RO Data)                14764 (  14.42kB)
    Total RW  Size (RW Data + ZI Data)              2968 (   2.90kB)
    Total ROM Size (Code + RO Data + RW Data)      14920 (  14.57kB)

==============================================================================

