Component: ARM Compiler 5.06 update 5 (build 528) Tool: armlink [4d35e2]

==============================================================================

Section Cross References

    startup_stm32f405xx.o(RESET) refers to startup_stm32f405xx.o(STACK) for __initial_sp
    startup_stm32f405xx.o(RESET) refers to startup_stm32f405xx.o(.text) for Reset_Handler
    startup_stm32f405xx.o(RESET) refers to stm32f4xx_it.o(i.NMI_Handler) for NMI_Handler
    startup_stm32f405xx.o(RESET) refers to stm32f4xx_it.o(i.HardFault_Handler) for HardFault_Handler
    startup_stm32f405xx.o(RESET) refers to stm32f4xx_it.o(i.MemManage_Handler) for MemManage_Handler
    startup_stm32f405xx.o(RESET) refers to stm32f4xx_it.o(i.BusFault_Handler) for BusFault_Handler
    startup_stm32f405xx.o(RESET) refers to stm32f4xx_it.o(i.UsageFault_Handler) for UsageFault_Handler
    startup_stm32f405xx.o(RESET) refers to stm32f4xx_it.o(i.SVC_Handler) for SVC_Handler
    startup_stm32f405xx.o(RESET) refers to stm32f4xx_it.o(i.DebugMon_Handler) for DebugMon_Handler
    startup_stm32f405xx.o(RESET) refers to stm32f4xx_it.o(i.PendSV_Handler) for PendSV_Handler
    startup_stm32f405xx.o(RESET) refers to stm32f4xx_it.o(i.SysTick_Handler) for SysTick_Handler
    startup_stm32f405xx.o(RESET) refers to stm32f4xx_it.o(i.DMA1_Stream5_IRQHandler) for DMA1_Stream5_IRQHandler
    startup_stm32f405xx.o(RESET) refers to stm32f4xx_it.o(i.CAN1_RX0_IRQHandler) for CAN1_RX0_IRQHandler
    startup_stm32f405xx.o(RESET) refers to stm32f4xx_it.o(i.CAN1_SCE_IRQHandler) for CAN1_SCE_IRQHandler
    startup_stm32f405xx.o(RESET) refers to stm32f4xx_it.o(i.USART2_IRQHandler) for USART2_IRQHandler
    startup_stm32f405xx.o(RESET) refers to stm32f4xx_it.o(i.CAN2_RX1_IRQHandler) for CAN2_RX1_IRQHandler
    startup_stm32f405xx.o(RESET) refers to stm32f4xx_it.o(i.CAN2_SCE_IRQHandler) for CAN2_SCE_IRQHandler
    startup_stm32f405xx.o(.text) refers to system_stm32f4xx.o(i.SystemInit) for SystemInit
    startup_stm32f405xx.o(.text) refers to entry.o(.ARM.Collect$$$$00000000) for __main
    can_bsp.o(i.CAN_Init) refers to stm32f4xx_hal_can.o(i.HAL_CAN_ConfigFilter) for HAL_CAN_ConfigFilter
    can_bsp.o(i.CAN_Init) refers to stm32f4xx_hal_can.o(i.HAL_CAN_Start) for HAL_CAN_Start
    can_bsp.o(i.CAN_Init) refers to stm32f4xx_hal_can.o(i.HAL_CAN_ActivateNotification) for HAL_CAN_ActivateNotification
    can_bsp.o(i.CAN_Init) refers to main.o(i.Error_Handler) for Error_Handler
    can_bsp.o(i.CAN_Init) refers to can.o(.bss) for hcan1
    can_bsp.o(i.CAN_SendData) refers to stm32f4xx_hal_can.o(i.HAL_CAN_GetTxMailboxesFreeLevel) for HAL_CAN_GetTxMailboxesFreeLevel
    can_bsp.o(i.CAN_SendData) refers to stm32f4xx_hal_can.o(i.HAL_CAN_AddTxMessage) for HAL_CAN_AddTxMessage
    catch_data.o(i.catch_arm) refers to stm32f4xx_hal_gpio.o(i.HAL_GPIO_TogglePin) for HAL_GPIO_TogglePin
    catch_data.o(i.catch_arm) refers to stm32f4xx_hal_gpio.o(i.HAL_GPIO_WritePin) for HAL_GPIO_WritePin
    catch_data.o(i.catch_arm) refers to main.o(.bss) for receive_buff1
    catch_data.o(i.catch_arm_gm6020) refers to main.o(.bss) for receive_buff1
    catch_data.o(i.catch_arm_gm6020) refers to main.o(.data) for turn
    catch_data.o(i.catch_arm_rm2006) refers to main.o(.bss) for receive_buff1
    catch_data.o(i.catch_arm_rm2006) refers to main.o(.data) for angle
    catch_data.o(i.catch_data) refers to catch_data.o(i.catch_direction) for catch_direction
    catch_data.o(i.catch_data) refers to catch_data.o(i.catch_speed) for catch_speed
    catch_data.o(i.catch_data) refers to catch_data.o(i.catch_arm) for catch_arm
    catch_data.o(i.catch_data) refers to catch_data.o(i.catch_arm_gm6020) for catch_arm_gm6020
    catch_data.o(i.catch_data) refers to catch_data.o(i.catch_arm_rm2006) for catch_arm_rm2006
    catch_data.o(i.catch_data) refers to catch_data.o(.data) for rx_flag
    catch_data.o(i.catch_data) refers to usart.o(.bss) for hdma_usart2_rx
    catch_data.o(i.catch_direction) refers to main.o(.bss) for receive_buff1
    catch_data.o(i.catch_direction) refers to catch_data.o(.data) for rx_flag
    catch_data.o(i.catch_direction) refers to main.o(.data) for getdata_x
    catch_data.o(i.catch_speed) refers to main.o(.bss) for receive_buff1
    catch_data.o(i.catch_speed) refers to main.o(.data) for speed
    wheel_run.o(i.Speed_Robot_Coordinate) refers to wheel_run.o(i.Wheels_Run) for Wheels_Run
    wheel_run.o(i.Speed_Robot_Coordinate) refers to wheel_run.o(.data) for Wheel_Info
    wheel_run.o(i.Wheels_Run) refers to rm3508.o(i.RM3508_Set_Speed) for RM3508_Set_Speed
    wheel_run.o(i.Wheels_Run) refers to wheel_run.o(.data) for Wheel_Info
    rm3508.o(i.FabsD) refers to cdrcmple.o(.text) for __aeabi_cdrcmple
    rm3508.o(i.FabsD) refers to cdcmple.o(.text) for __aeabi_cdcmple
    rm3508.o(i.Head_Set_Speed) refers to rm3508.o(i.RM3508_Get_Speed) for RM3508_Get_Speed
    rm3508.o(i.Head_Set_Speed) refers to rm3508.o(i.RM3508_Set_I) for RM3508_Set_I
[...]
    Removing stm32f4xx_hal_flash_ramfunc.o(.revsh_text), (4 bytes).
    Removing stm32f4xx_hal_flash_ramfunc.o(.rrx_text), (6 bytes).
    Removing stm32f4xx_hal_gpio.o(.rev16_text), (4 bytes).
    Removing stm32f4xx_hal_gpio.o(.revsh_text), (4 bytes).
    Removing stm32f4xx_hal_gpio.o(.rrx_text), (6 bytes).
    Removing stm32f4xx_hal_gpio.o(i.HAL_GPIO_DeInit), (356 bytes).
    Removing stm32f4xx_hal_gpio.o(i.HAL_GPIO_EXTI_Callback), (2 bytes).
    Removing stm32f4xx_hal_gpio.o(i.HAL_GPIO_EXTI_IRQHandler), (28 bytes).
    Removing stm32f4xx_hal_gpio.o(i.HAL_GPIO_LockPin), (46 bytes).
    Removing stm32f4xx_hal_gpio.o(i.HAL_GPIO_ReadPin), (16 bytes).
    Removing stm32f4xx_hal_dma_ex.o(.rev16_text), (4 bytes).
    Removing stm32f4xx_hal_dma_ex.o(.revsh_text), (4 bytes).
    Removing stm32f4xx_hal_dma_ex.o(.rrx_text), (6 bytes).
    Removing stm32f4xx_hal_dma_ex.o(i.DMA_MultiBufferSetConfig), (32 bytes).
    Removing stm32f4xx_hal_dma_ex.o(i.HAL_DMAEx_ChangeMemory), (18 bytes).
    Removing stm32f4xx_hal_dma_ex.o(i.HAL_DMAEx_MultiBufferStart), (124 bytes).
    Removing stm32f4xx_hal_dma_ex.o(i.HAL_DMAEx_MultiBufferStart_IT), (4056 bytes).
    Removing stm32f4xx_hal_dma.o(.rev16_text), (4 bytes).
    Removing stm32f4xx_hal_dma.o(.revsh_text), (4 bytes).
    Removing stm32f4xx_hal_dma.o(.rrx_text), (6 bytes).
    Removing stm32f4xx_hal_dma.o(i.HAL_DMA_DeInit), (112 bytes).
    Removing stm32f4xx_hal_dma.o(i.HAL_DMA_GetError), (6 bytes).
    Removing stm32f4xx_hal_dma.o(i.HAL_DMA_GetState), (8 bytes).
    Removing stm32f4xx_hal_dma.o(i.HAL_DMA_PollForTransfer), (346 bytes).
    Removing stm32f4xx_hal_dma.o(i.HAL_DMA_RegisterCallback), (94 bytes).
    Removing stm32f4xx_hal_dma.o(i.HAL_DMA_Start), (102 bytes).
    Removing stm32f4xx_hal_dma.o(i.HAL_DMA_UnRegisterCallback), (124 bytes).
    Removing stm32f4xx_hal_pwr.o(.rev16_text), (4 bytes).
    Removing stm32f4xx_hal_pwr.o(.revsh_text), (4 bytes).
    Removing stm32f4xx_hal_pwr.o(.rrx_text), (6 bytes).
    Removing stm32f4xx_hal_pwr.o(i.HAL_PWR_ConfigPVD), (180 bytes).
    Removing stm32f4xx_hal_pwr.o(i.HAL_PWR_DeInit), (28 bytes).
    Removing stm32f4xx_hal_pwr.o(i.HAL_PWR_DisableBkUpAccess), (12 bytes).
    Removing stm32f4xx_hal_pwr.o(i.HAL_PWR_DisablePVD), (12 bytes).
    Removing stm32f4xx_hal_pwr.o(i.HAL_PWR_DisableSEVOnPend), (20 bytes).
    Removing stm32f4xx_hal_pwr.o(i.HAL_PWR_DisableSleepOnExit), (20 bytes).
    Removing stm32f4xx_hal_pwr.o(i.HAL_PWR_DisableWakeUpPin), (16 bytes).
    Removing stm32f4xx_hal_pwr.o(i.HAL_PWR_EnableBkUpAccess), (12 bytes).
    Removing stm32f4xx_hal_pwr.o(i.HAL_PWR_EnablePVD), (12 bytes).
    Removing stm32f4xx_hal_pwr.o(i.HAL_PWR_EnableSEVOnPend), (20 bytes).
    Removing stm32f4xx_hal_pwr.o(i.HAL_PWR_EnableSleepOnExit), (20 bytes).
    Removing stm32f4xx_hal_pwr.o(i.HAL_PWR_EnableWakeUpPin), (16 bytes).
    Removing stm32f4xx_hal_pwr.o(i.HAL_PWR_EnterSLEEPMode), (32 bytes).
    Removing stm32f4xx_hal_pwr.o(i.HAL_PWR_EnterSTANDBYMode), (40 bytes).
    Removing stm32f4xx_hal_pwr.o(i.HAL_PWR_EnterSTOPMode), (64 bytes).
    Removing stm32f4xx_hal_pwr.o(i.HAL_PWR_PVDCallback), (2 bytes).
    Removing stm32f4xx_hal_pwr.o(i.HAL_PWR_PVD_IRQHandler), (32 bytes).
    Removing stm32f4xx_hal_pwr_ex.o(.rev16_text), (4 bytes).
    Removing stm32f4xx_hal_pwr_ex.o(.revsh_text), (4 bytes).
    Removing stm32f4xx_hal_pwr_ex.o(.rrx_text), (6 bytes).
    Removing stm32f4xx_hal_pwr_ex.o(i.HAL_PWREx_ControlVoltageScaling), (120 bytes).
    Removing stm32f4xx_hal_pwr_ex.o(i.HAL_PWREx_DisableBkUpReg), (60 bytes).
    Removing stm32f4xx_hal_pwr_ex.o(i.HAL_PWREx_DisableFlashPowerDown), (12 bytes).
    Removing stm32f4xx_hal_pwr_ex.o(i.HAL_PWREx_EnableBkUpReg), (60 bytes).
    Removing stm32f4xx_hal_pwr_ex.o(i.HAL_PWREx_EnableFlashPowerDown), (12 bytes).
    Removing stm32f4xx_hal_pwr_ex.o(i.HAL_PWREx_GetVoltageRange), (16 bytes).
    Removing stm32f4xx_hal_cortex.o(.rev16_text), (4 bytes).
    Removing stm32f4xx_hal_cortex.o(.revsh_text), (4 bytes).
    Removing stm32f4xx_hal_cortex.o(.rrx_text), (6 bytes).
    Removing stm32f4xx_hal_cortex.o(i.HAL_MPU_ConfigRegion), (92 bytes).
    Removing stm32f4xx_hal_cortex.o(i.HAL_MPU_Disable), (44 bytes).
    Removing stm32f4xx_hal_cortex.o(i.HAL_MPU_Enable), (64 bytes).
    Removing stm32f4xx_hal_cortex.o(i.HAL_NVIC_ClearPendingIRQ), (36 bytes).
    Removing stm32f4xx_hal_cortex.o(i.HAL_NVIC_DisableIRQ), (68 bytes).
    Removing stm32f4xx_hal_cortex.o(i.HAL_NVIC_GetActive), (48 bytes).
    Removing stm32f4xx_hal_cortex.o(i.HAL_NVIC_GetPendingIRQ), (48 bytes).
    Removing stm32f4xx_hal_cortex.o(i.HAL_NVIC_GetPriority), (148 bytes).
    Removing stm32f4xx_hal_cortex.o(i.HAL_NVIC_GetPriorityGrouping), (8 bytes).
    Removing stm32f4xx_hal_cortex.o(i.HAL_NVIC_SetPendingIRQ), (36 bytes).
    Removing stm32f4xx_hal_cortex.o(i.HAL_NVIC_SystemReset), (68 bytes).
    Removing stm32f4xx_hal_cortex.o(i.HAL_SYSTICK_CLKSourceConfig), (40 bytes).
    Removing stm32f4xx_hal_cortex.o(i.HAL_SYSTICK_Callback), (2 bytes).
    Removing stm32f4xx_hal_cortex.o(i.HAL_SYSTICK_IRQHandler), (8 bytes).
    Removing stm32f4xx_hal.o(.rev16_text), (4 bytes).
    Removing stm32f4xx_hal.o(.revsh_text), (4 bytes).
    Removing stm32f4xx_hal.o(.rrx_text), (6 bytes).
    Removing stm32f4xx_hal.o(i.HAL_DBGMCU_DisableDBGSleepMode), (20 bytes).
    Removing stm32f4xx_hal.o(i.HAL_DBGMCU_DisableDBGStandbyMode), (20 bytes).
    Removing stm32f4xx_hal.o(i.HAL_DBGMCU_DisableDBGStopMode), (20 bytes).
    Removing stm32f4xx_hal.o(i.HAL_DBGMCU_EnableDBGSleepMode), (20 bytes).
    Removing stm32f4xx_hal.o(i.HAL_DBGMCU_EnableDBGStandbyMode), (20 bytes).
    Removing stm32f4xx_hal.o(i.HAL_DBGMCU_EnableDBGStopMode), (20 bytes).
    Removing stm32f4xx_hal.o(i.HAL_DeInit), (68 bytes).
    Removing stm32f4xx_hal.o(i.HAL_DisableCompensationCell), (12 bytes).
    Removing stm32f4xx_hal.o(i.HAL_EnableCompensationCell), (12 bytes).
    Removing stm32f4xx_hal.o(i.HAL_GetDEVID), (16 bytes).
    Removing stm32f4xx_hal.o(i.HAL_GetHalVersion), (8 bytes).
    Removing stm32f4xx_hal.o(i.HAL_GetREVID), (12 bytes).
    Removing stm32f4xx_hal.o(i.HAL_GetTickFreq), (12 bytes).
    Removing stm32f4xx_hal.o(i.HAL_GetTickPrio), (12 bytes).
    Removing stm32f4xx_hal.o(i.HAL_GetUIDw0), (12 bytes).
    Removing stm32f4xx_hal.o(i.HAL_GetUIDw1), (12 bytes).
    Removing stm32f4xx_hal.o(i.HAL_GetUIDw2), (12 bytes).
    Removing stm32f4xx_hal.o(i.HAL_MspDeInit), (2 bytes).
    Removing stm32f4xx_hal.o(i.HAL_MspInit), (2 bytes).
    Removing stm32f4xx_hal.o(i.HAL_ResumeTick), (18 bytes).
    Removing stm32f4xx_hal.o(i.HAL_SetTickFreq), (48 bytes).
    Removing stm32f4xx_hal.o(i.HAL_SuspendTick), (18 bytes).
    Removing stm32f4xx_hal_exti.o(.rev16_text), (4 bytes).
    Removing stm32f4xx_hal_exti.o(.revsh_text), (4 bytes).
    Removing stm32f4xx_hal_exti.o(.rrx_text), (6 bytes).
    Removing stm32f4xx_hal_exti.o(i.HAL_EXTI_ClearConfigLine), (120 bytes).
    Removing stm32f4xx_hal_exti.o(i.HAL_EXTI_ClearPending), (28 bytes).
    Removing stm32f4xx_hal_exti.o(i.HAL_EXTI_GenerateSWI), (24 bytes).
    Removing stm32f4xx_hal_exti.o(i.HAL_EXTI_GetConfigLine), (176 bytes).
    Removing stm32f4xx_hal_exti.o(i.HAL_EXTI_GetHandle), (14 bytes).
    Removing stm32f4xx_hal_exti.o(i.HAL_EXTI_GetPending), (36 bytes).
    Removing stm32f4xx_hal_exti.o(i.HAL_EXTI_IRQHandler), (44 bytes).
    Removing stm32f4xx_hal_exti.o(i.HAL_EXTI_RegisterCallback), (20 bytes).
    Removing stm32f4xx_hal_exti.o(i.HAL_EXTI_SetConfigLine), (240 bytes).
    Removing stm32f4xx_hal_tim.o(.rev16_text), (4 bytes).
    Removing stm32f4xx_hal_tim.o(.revsh_text), (4 bytes).
    Removing stm32f4xx_hal_tim.o(.rrx_text), (6 bytes).
    Removing stm32f4xx_hal_tim_ex.o(.rev16_text), (4 bytes).
    Removing stm32f4xx_hal_tim_ex.o(.revsh_text), (4 bytes).
    Removing stm32f4xx_hal_tim_ex.o(.rrx_text), (6 bytes).
    Removing stm32f4xx_hal_uart.o(.rev16_text), (4 bytes).
    Removing stm32f4xx_hal_uart.o(.revsh_text), (4 bytes).
    Removing stm32f4xx_hal_uart.o(.rrx_text), (6 bytes).
    Removing stm32f4xx_hal_uart.o(i.HAL_HalfDuplex_EnableReceiver), (68 bytes).
    Removing stm32f4xx_hal_uart.o(i.HAL_HalfDuplex_EnableTransmitter), (68 bytes).
    Removing stm32f4xx_hal_uart.o(i.HAL_HalfDuplex_Init), (118 bytes).
    Removing stm32f4xx_hal_uart.o(i.HAL_LIN_Init), (142 bytes).
    Removing stm32f4xx_hal_uart.o(i.HAL_LIN_SendBreak), (62 bytes).
    Removing stm32f4xx_hal_uart.o(i.HAL_MultiProcessor_EnterMuteMode), (62 bytes).
    Removing stm32f4xx_hal_uart.o(i.HAL_MultiProcessor_ExitMuteMode), (62 bytes).
    Removing stm32f4xx_hal_uart.o(i.HAL_MultiProcessor_Init), (154 bytes).
    Removing stm32f4xx_hal_uart.o(i.HAL_UART_Abort), (170 bytes).
    Removing stm32f4xx_hal_uart.o(i.HAL_UART_AbortCpltCallback), (2 bytes).
    Removing stm32f4xx_hal_uart.o(i.HAL_UART_AbortReceive), (102 bytes).
    Removing stm32f4xx_hal_uart.o(i.HAL_UART_AbortReceiveCpltCallback), (2 bytes).
    Removing stm32f4xx_hal_uart.o(i.HAL_UART_AbortReceive_IT), (120 bytes).
    Removing stm32f4xx_hal_uart.o(i.HAL_UART_AbortTransmit), (90 bytes).
    Removing stm32f4xx_hal_uart.o(i.HAL_UART_AbortTransmitCpltCallback), (2 bytes).
    Removing stm32f4xx_hal_uart.o(i.HAL_UART_AbortTransmit_IT), (108 bytes).
    Removing stm32f4xx_hal_uart.o(i.HAL_UART_Abort_IT), (224 bytes).
    Removing stm32f4xx_hal_uart.o(i.HAL_UART_DMAPause), (124 bytes).
    Removing stm32f4xx_hal_uart.o(i.HAL_UART_DMAResume), (126 bytes).
    Removing stm32f4xx_hal_uart.o(i.HAL_UART_DeInit), (58 bytes).
    Removing stm32f4xx_hal_uart.o(i.HAL_UART_GetError), (6 bytes).
    Removing stm32f4xx_hal_uart.o(i.HAL_UART_GetState), (20 bytes).
    Removing stm32f4xx_hal_uart.o(i.HAL_UART_MspDeInit), (2 bytes).
    Removing stm32f4xx_hal_uart.o(i.HAL_UART_MspInit), (2 bytes).
    Removing stm32f4xx_hal_uart.o(i.HAL_UART_Receive), (224 bytes).
    Removing stm32f4xx_hal_uart.o(i.HAL_UART_Receive_IT), (112 bytes).
    Removing stm32f4xx_hal_uart.o(i.HAL_UART_Transmit), (216 bytes).
    Removing stm32f4xx_hal_uart.o(i.HAL_UART_Transmit_DMA), (156 bytes).
    Removing stm32f4xx_hal_uart.o(i.HAL_UART_Transmit_IT), (88 bytes).
    Removing stm32f4xx_hal_uart.o(i.HAL_UART_TxHalfCpltCallback), (2 bytes).
    Removing stm32f4xx_hal_uart.o(i.UART_DMARxAbortCallback), (52 bytes).
    Removing stm32f4xx_hal_uart.o(i.UART_DMARxOnlyAbortCallback), (24 bytes).
    Removing stm32f4xx_hal_uart.o(i.UART_DMATransmitCplt), (54 bytes).
    Removing stm32f4xx_hal_uart.o(i.UART_DMATxAbortCallback), (52 bytes).
    Removing stm32f4xx_hal_uart.o(i.UART_DMATxHalfCplt), (14 bytes).
    Removing stm32f4xx_hal_uart.o(i.UART_DMATxOnlyAbortCallback), (24 bytes).
    Removing stm32f4xx_hal_uart.o(i.UART_WaitOnFlagUntilTimeout), (108 bytes).
    Removing system_stm32f4xx.o(.rev16_text), (4 bytes).
    Removing system_stm32f4xx.o(.revsh_text), (4 bytes).
    Removing system_stm32f4xx.o(.rrx_text), (6 bytes).
    Removing system_stm32f4xx.o(i.SystemCoreClockUpdate), (192 bytes).
    Removing dmul.o(.text), (228 bytes).
    Removing ddiv.o(.text), (222 bytes).
    Removing dneg.o(.text), (6 bytes).
    Removing dflti.o(.text), (34 bytes).
    Removing dfixi.o(.text), (62 bytes).
    Removing depilogue.o(.text), (186 bytes).

312 unused section(s) (total 22432 bytes) removed from the image.

==============================================================================

Image Symbol Table

    Local Symbols

    Symbol Name                              Value     Ov Type        Size  Object(Section)

    ../Drivers/STM32F4xx_HAL_Driver/Src/stm32f4xx_hal.c 0x00000000   Number         0  stm32f4xx_hal.o ABSOLUTE
    ../Drivers/STM32F4xx_HAL_Driver/Src/stm32f4xx_hal_can.c 0x00000000   Number         0  stm32f4xx_hal_can.o ABSOLUTE
    ../Drivers/STM32F4xx_HAL_Driver/Src/stm32f4xx_hal_cortex.c 0x00000000   Number         0  stm32f4xx_hal_cortex.o ABSOLUTE
    ../Drivers/STM32F4xx_HAL_Driver/Src/stm32f4xx_hal_dma.c 0x00000000   Number         0  stm32f4xx_hal_dma.o ABSOLUTE
    ../Drivers/STM32F4xx_HAL_Driver/Src/stm32f4xx_hal_dma_ex.c 0x00000000   Number         0  stm32f4xx_hal_dma_ex.o ABSOLUTE
    ../Drivers/STM32F4xx_HAL_Driver/Src/stm32f4xx_hal_exti.c 0x00000000   Number         0  stm32f4xx_hal_exti.o ABSOLUTE
    ../Drivers/STM32F4xx_HAL_Driver/Src/stm32f4xx_hal_flash.c 0x00000000   Number         0  stm32f4xx_hal_flash.o ABSOLUTE
    ../Drivers/STM32F4xx_HAL_Driver/Src/stm32f4xx_hal_flash_ex.c 0x00000000   Number         0  stm32f4xx_hal_flash_ex.o ABSOLUTE
    ../Drivers/STM32F4xx_HAL_Driver/Src/stm32f4xx_hal_flash_ramfunc.c 0x00000000   Number         0  stm32f4xx_hal_flash_ramfunc.o ABSOLUTE
    ../Drivers/STM32F4xx_HAL_Driver/Src/stm32f4xx_hal_gpio.c 0x00000000   Number         0  stm32f4xx_hal_gpio.o ABSOLUTE
    ../Drivers/STM32F4xx_HAL_Driver/Src/stm32f4xx_hal_pwr.c 0x00000000   Number         0  stm32f4xx_hal_pwr.o ABSOLUTE
    ../Drivers/STM32F4xx_HAL_Driver/Src/stm32f4xx_hal_pwr_ex.c 0x00000000   Number         0  stm32f4xx_hal_pwr_ex.o ABSOLUTE
    ../Drivers/STM32F4xx_HAL_Driver/Src/stm32f4xx_hal_rcc.c 0x00000000   Number         0  stm32f4xx_hal_rcc.o ABSOLUTE
    ../Drivers/STM32F4xx_HAL_Driver/Src/stm32f4xx_hal_rcc_ex.c 0x00000000   Number         0  stm32f4xx_hal_rcc_ex.o ABSOLUTE
    ../Drivers/STM32F4xx_HAL_Driver/Src/stm32f4xx_hal_tim.c 0x00000000   Number         0  stm32f4xx_hal_tim.o ABSOLUTE
    ../Drivers/STM32F4xx_HAL_Driver/Src/stm32f4xx_hal_tim_ex.c 0x00000000   Number         0  stm32f4xx_hal_tim_ex.o ABSOLUTE
    ../Drivers/STM32F4xx_HAL_Driver/Src/stm32f4xx_hal_uart.c 0x00000000   Number         0  stm32f4xx_hal_uart.o ABSOLUTE
    ../Src/can.c                             0x00000000   Number         0  can.o ABSOLUTE
    ../Src/dma.c                             0x00000000   Number         0  dma.o ABSOLUTE
    ../Src/gpio.c                            0x00000000   Number         0  gpio.o ABSOLUTE
    ../Src/main.c                            0x00000000   Number         0  main.o ABSOLUTE
    ../Src/stm32f4xx_hal_msp.c               0x00000000   Number         0  stm32f4xx_hal_msp.o ABSOLUTE
    ../Src/stm32f4xx_it.c                    0x00000000   Number         0  stm32f4xx_it.o ABSOLUTE
    ../Src/system_stm32f4xx.c                0x00000000   Number         0  system_stm32f4xx.o ABSOLUTE
    ../Src/usart.c                           0x00000000   Number         0  usart.o ABSOLUTE
    ../clib/../cmprslib/zerorunl2.c          0x00000000   Number         0  __dczerorl2.o ABSOLUTE
    ../clib/microlib/division.c              0x00000000   Number         0  uldiv.o ABSOLUTE
    ../clib/microlib/init/entry.s            0x00000000   Number         0  entry.o ABSOLUTE
    ../clib/microlib/init/entry.s            0x00000000   Number         0  entry2.o ABSOLUTE
    ../clib/microlib/init/entry.s            0x00000000   Number         0  entry11b.o ABSOLUTE
    ../clib/microlib/init/entry.s            0x00000000   Number         0  entry11a.o ABSOLUTE
    ../clib/microlib/init/entry.s            0x00000000   Number         0  entry10b.o ABSOLUTE
    ../clib/microlib/init/entry.s            0x00000000   Number         0  entry7a.o ABSOLUTE
    ../clib/microlib/init/entry.s            0x00000000   Number         0  entry10a.o ABSOLUTE
    ../clib/microlib/init/entry.s            0x00000000   Number         0  entry9b.o ABSOLUTE
    ../clib/microlib/init/entry.s            0x00000000   Number         0  entry9a.o ABSOLUTE
    ../clib/microlib/init/entry.s            0x00000000   Number         0  entry8b.o ABSOLUTE
    ../clib/microlib/init/entry.s            0x00000000   Number         0  entry8a.o ABSOLUTE
    ../clib/microlib/init/entry.s            0x00000000   Number         0  entry7b.o ABSOLUTE
    ../clib/microlib/init/entry.s            0x00000000   Number         0  entry5.o ABSOLUTE
    ../clib/microlib/longlong.c              0x00000000   Number         0  llshl.o ABSOLUTE
    ../clib/microlib/longlong.c              0x00000000   Number         0  llushr.o ABSOLUTE
    ../clib/microlib/string/memset.c         0x00000000   Number         0  memseta.o ABSOLUTE
    ../clib/microlib/stubs.s                 0x00000000   Number         0  iusefp.o ABSOLUTE
    ../fplib/microlib/f2d.c                  0x00000000   Number         0  f2d.o ABSOLUTE
    ../fplib/microlib/fpdiv.c                0x00000000   Number         0  ddiv.o ABSOLUTE
    ../fplib/microlib/fpepilogue.c           0x00000000   Number         0  depilogue.o ABSOLUTE
    ../fplib/microlib/fpfix.c                0x00000000   Number         0  dfixi.o ABSOLUTE
    ../fplib/microlib/fpflt.c                0x00000000   Number         0  dflti.o ABSOLUTE
    ../fplib/microlib/fpmul.c                0x00000000   Number         0  dmul.o ABSOLUTE
    ../fplib/microlib/fpneg.c                0x00000000   Number         0  dneg.o ABSOLUTE
    ..\Drivers\STM32F4xx_HAL_Driver\Src\stm32f4xx_hal.c 0x00000000   Number         0  stm32f4xx_hal.o ABSOLUTE
    ..\Drivers\STM32F4xx_HAL_Driver\Src\stm32f4xx_hal_can.c 0x00000000   Number         0  stm32f4xx_hal_can.o ABSOLUTE
    ..\Drivers\STM32F4xx_HAL_Driver\Src\stm32f4xx_hal_cortex.c 0x00000000   Number         0  stm32f4xx_hal_cortex.o ABSOLUTE
    ..\Drivers\STM32F4xx_HAL_Driver\Src\stm32f4xx_hal_dma.c 0x00000000   Number         0  stm32f4xx_hal_dma.o ABSOLUTE
    ..\Drivers\STM32F4xx_HAL_Driver\Src\stm32f4xx_hal_dma_ex.c 0x00000000   Number         0  stm32f4xx_hal_dma_ex.o ABSOLUTE
    ..\Drivers\STM32F4xx_HAL_Driver\Src\stm32f4xx_hal_exti.c 0x00000000   Number         0  stm32f4xx_hal_exti.o ABSOLUTE
    ..\Drivers\STM32F4xx_HAL_Driver\Src\stm32f4xx_hal_flash.c 0x00000000   Number         0  stm32f4xx_hal_flash.o ABSOLUTE
    ..\Drivers\STM32F4xx_HAL_Driver\Src\stm32f4xx_hal_flash_ex.c 0x00000000   Number         0  stm32f4xx_hal_flash_ex.o ABSOLUTE
    ..\Drivers\STM32F4xx_HAL_Driver\Src\stm32f4xx_hal_flash_ramfunc.c 0x00000000   Number         0  stm32f4xx_hal_flash_ramfunc.o ABSOLUTE
    ..\Drivers\STM32F4xx_HAL_Driver\Src\stm32f4xx_hal_gpio.c 0x00000000   Number         0  stm32f4xx_hal_gpio.o ABSOLUTE
    ..\Drivers\STM32F4xx_HAL_Driver\Src\stm32f4xx_hal_pwr.c 0x00000000   Number         0  stm32f4xx_hal_pwr.o ABSOLUTE
    ..\Drivers\STM32F4xx_HAL_Driver\Src\stm32f4xx_hal_pwr_ex.c 0x00000000   Number         0  stm32f4xx_hal_pwr_ex.o ABSOLUTE
    ..\Drivers\STM32F4xx_HAL_Driver\Src\stm32f4xx_hal_rcc.c 0x00000000   Number         0  stm32f4xx_hal_rcc.o ABSOLUTE
    ..\Drivers\STM32F4xx_HAL_Driver\Src\stm32f4xx_hal_rcc_ex.c 0x00000000   Number         0  stm32f4xx_hal_rcc_ex.o ABSOLUTE
    ..\Drivers\STM32F4xx_HAL_Driver\Src\stm32f4xx_hal_tim.c 0x00000000   Number         0  stm32f4xx_hal_tim.o ABSOLUTE
    ..\Drivers\STM32F4xx_HAL_Driver\Src\stm32f4xx_hal_tim_ex.c 0x00000000   Number         0  stm32f4xx_hal_tim_ex.o ABSOLUTE
    ..\Drivers\STM32F4xx_HAL_Driver\Src\stm32f4xx_hal_uart.c 0x00000000   Number         0  stm32f4xx_hal_uart.o ABSOLUTE
    ..\Src\GM6020.c                          0x00000000   Number         0  gm6020.o ABSOLUTE
    ..\Src\RM3508.c                          0x00000000   Number         0  rm3508.o ABSOLUTE
    ..\Src\can.c                             0x00000000   Number         0  can.o ABSOLUTE
    ..\Src\can_bsp.c                         0x00000000   Number         0  can_bsp.o ABSOLUTE
    ..\Src\catch_data.c                      0x00000000   Number         0  catch_data.o ABSOLUTE
    ..\Src\dma.c                             0x00000000   Number         0  dma.o ABSOLUTE
    ..\Src\gpio.c                            0x00000000   Number         0  gpio.o ABSOLUTE
    ..\Src\main.c                            0x00000000   Number         0  main.o ABSOLUTE
    ..\Src\rm2006.c                          0x00000000   Number         0  rm2006.o ABSOLUTE
    ..\Src\stm32f4xx_hal_msp.c               0x00000000   Number         0  stm32f4xx_hal_msp.o ABSOLUTE
    ..\Src\stm32f4xx_it.c                    0x00000000   Number         0  stm32f4xx_it.o ABSOLUTE
    ..\Src\system_stm32f4xx.c                0x00000000   Number         0  system_stm32f4xx.o ABSOLUTE
    ..\Src\usart.c                           0x00000000   Number         0  usart.o ABSOLUTE
    ..\Src\wheel_run.c                       0x00000000   Number         0  wheel_run.o ABSOLUTE
    ..\\Src\\GM6020.c                        0x00000000   Number         0  gm6020.o ABSOLUTE
    ..\\Src\\RM3508.c                        0x00000000   Number         0  rm3508.o ABSOLUTE
    ..\\Src\\can_bsp.c                       0x00000000   Number         0  can_bsp.o ABSOLUTE
    ..\\Src\\catch_data.c                    0x00000000   Number         0  catch_data.o ABSOLUTE
    ..\\Src\\rm2006.c                        0x00000000   Number         0  rm2006.o ABSOLUTE
    ..\\Src\\wheel_run.c                     0x00000000   Number         0  wheel_run.o ABSOLUTE
    cdcmple.s                                0x00000000   Number         0  cdcmple.o ABSOLUTE
    cdrcmple.s                               0x00000000   Number         0  cdrcmple.o ABSOLUTE
    dc.s                                     0x00000000   Number         0  dc.o ABSOLUTE
    handlers.s                               0x00000000   Number         0  handlers.o ABSOLUTE
    init.s                                   0x00000000   Number         0  init.o ABSOLUTE
    startup_stm32f405xx.s                    0x00000000   Number         0  startup_stm32f405xx.o ABSOLUTE
    RESET                                    0x08000000   Section      392  startup_stm32f405xx.o(RESET)
    .ARM.Collect$$$$00000000                 0x08000188   Section        0  entry.o(.ARM.Collect$$$$00000000)
    .ARM.Collect$$$$00000001                 0x08000188   Section        4  entry2.o(.ARM.Collect$$$$00000001)
    .ARM.Collect$$$$00000004                 0x0800018c   Section        4  entry5.o(.ARM.Collect$$$$00000004)
    .ARM.Collect$$$$00000008                 0x08000190   Section        0  entry7b.o(.ARM.Collect$$$$00000008)
    .ARM.Collect$$$$0000000A                 0x08000190   Section        0  entry8b.o(.ARM.Collect$$$$0000000A)
    .ARM.Collect$$$$0000000B                 0x08000190   Section        8  entry9a.o(.ARM.Collect$$$$0000000B)
    .ARM.Collect$$$$0000000D                 0x08000198   Section        0  entry10a.o(.ARM.Collect$$$$0000000D)
    .ARM.Collect$$$$0000000F                 0x08000198   Section        0  entry11a.o(.ARM.Collect$$$$0000000F)
    .ARM.Collect$$$$00002712                 0x08000198   Section        4  entry2.o(.ARM.Collect$$$$00002712)
    __lit__00000000                          0x08000198   Data           4  entry2.o(.ARM.Collect$$$$00002712)
    .text                                    0x0800019c   Section       36  startup_stm32f405xx.o(.text)
    $v0                                      0x0800019c   Number         0  startup_stm32f405xx.o(.text)
    .text                                    0x080001c0   Section        0  uldiv.o(.text)
    .text                                    0x08000222   Section        0  memseta.o(.text)
    .text                                    0x08000246   Section        0  f2d.o(.text)
    .text                                    0x0800026c   Section       48  cdcmple.o(.text)
    .text                                    0x0800029c   Section       48  cdrcmple.o(.text)
    .text                                    0x080002cc   Section        0  llshl.o(.text)
    .text                                    0x080002ea   Section        0  llushr.o(.text)
    .text                                    0x0800030a   Section        0  iusefp.o(.text)
    .text                                    0x0800030c   Section       36  init.o(.text)
    .text                                    0x08000330   Section        0  __dczerorl2.o(.text)
    i.BusFault_Handler                       0x08000386   Section        0  stm32f4xx_it.o(i.BusFault_Handler)
    i.CAN1_RX0_IRQHandler                    0x0800038c   Section        0  stm32f4xx_it.o(i.CAN1_RX0_IRQHandler)
    i.CAN1_SCE_IRQHandler                    0x0800039c   Section        0  stm32f4xx_it.o(i.CAN1_SCE_IRQHandler)
    i.CAN2_RX1_IRQHandler                    0x080003ac   Section        0  stm32f4xx_it.o(i.CAN2_RX1_IRQHandler)
    i.CAN2_SCE_IRQHandler                    0x080003bc   Section        0  stm32f4xx_it.o(i.CAN2_SCE_IRQHandler)
    i.CAN_Init                               0x080003cc   Section        0  can_bsp.o(i.CAN_Init)
    i.DMA1_Stream5_IRQHandler                0x08000468   Section        0  stm32f4xx_it.o(i.DMA1_Stream5_IRQHandler)
    i.DMA_CalcBaseAndBitshift                0x08000478   Section        0  stm32f4xx_hal_dma.o(i.DMA_CalcBaseAndBitshift)
    DMA_CalcBaseAndBitshift                  0x08000479   Thumb Code    46  stm32f4xx_hal_dma.o(i.DMA_CalcBaseAndBitshift)
    i.DMA_CheckFifoParam                     0x080004ac   Section        0  stm32f4xx_hal_dma.o(i.DMA_CheckFifoParam)
    DMA_CheckFifoParam                       0x080004ad   Thumb Code   170  stm32f4xx_hal_dma.o(i.DMA_CheckFifoParam)
    i.DMA_SetConfig                          0x08000556   Section        0  stm32f4xx_hal_dma.o(i.DMA_SetConfig)
    DMA_SetConfig                            0x08000557   Thumb Code    44  stm32f4xx_hal_dma.o(i.DMA_SetConfig)
    i.DebugMon_Handler                       0x08000582   Section        0  stm32f4xx_it.o(i.DebugMon_Handler)
    i.Error_Handler                          0x08000584   Section        0  main.o(i.Error_Handler)
    i.FabsD                                  0x08000588   Section        0  rm3508.o(i.FabsD)
    i.GM6020_Ang2Cnt                         0x080005e0   Section        0  gm6020.o(i.GM6020_Ang2Cnt)
    i.GM6020_CAN_Send_Data                   0x08000610   Section        0  gm6020.o(i.GM6020_CAN_Send_Data)
    i.GM6020_Get_Feedback                    0x0800066c   Section        0  gm6020.o(i.GM6020_Get_Feedback)
    i.GM6020_Get_Pos                         0x080006a8   Section        0  gm6020.o(i.GM6020_Get_Pos)
    i.GM6020_Get_Speed                       0x080006b8   Section        0  gm6020.o(i.GM6020_Get_Speed)
    i.GM6020_Pos_Rec                         0x08000724   Section        0  gm6020.o(i.GM6020_Pos_Rec)
    i.GM6020_Set_Pos                         0x080007c4   Section        0  gm6020.o(i.GM6020_Set_Pos)
    i.GM6020_Set_Speed                       0x080009f8   Section        0  gm6020.o(i.GM6020_Set_Speed)
    i.GM6020_Set_V                           0x08000c34   Section        0  gm6020.o(i.GM6020_Set_V)
    i.HAL_CAN_ActivateNotification           0x08000ca0   Section        0  stm32f4xx_hal_can.o(i.HAL_CAN_ActivateNotification)
    i.HAL_CAN_AddTxMessage                   0x08000cca   Section        0  stm32f4xx_hal_can.o(i.HAL_CAN_AddTxMessage)
    i.HAL_CAN_ConfigFilter                   0x08000e20   Section        0  stm32f4xx_hal_can.o(i.HAL_CAN_ConfigFilter)
    i.HAL_CAN_ErrorCallback                  0x08000f44   Section        0  stm32f4xx_hal_can.o(i.HAL_CAN_ErrorCallback)
    i.HAL_CAN_GetRxMessage                   0x08000f46   Section        0  stm32f4xx_hal_can.o(i.HAL_CAN_GetRxMessage)
    i.HAL_CAN_GetTxMailboxesFreeLevel        0x080010c0   Section        0  stm32f4xx_hal_can.o(i.HAL_CAN_GetTxMailboxesFreeLevel)
    i.HAL_CAN_IRQHandler                     0x080010f6   Section        0  stm32f4xx_hal_can.o(i.HAL_CAN_IRQHandler)
    i.HAL_CAN_Init                           0x08001344   Section        0  stm32f4xx_hal_can.o(i.HAL_CAN_Init)
    i.HAL_CAN_MspInit                        0x080014b8   Section        0  can.o(i.HAL_CAN_MspInit)
    i.HAL_CAN_RxFifo0FullCallback            0x0800163c   Section        0  stm32f4xx_hal_can.o(i.HAL_CAN_RxFifo0FullCallback)
    i.HAL_CAN_RxFifo0MsgPendingCallback      0x08001640   Section        0  main.o(i.HAL_CAN_RxFifo0MsgPendingCallback)
    i.HAL_CAN_RxFifo1FullCallback            0x08001688   Section        0  stm32f4xx_hal_can.o(i.HAL_CAN_RxFifo1FullCallback)
    i.HAL_CAN_RxFifo1MsgPendingCallback      0x0800168c   Section        0  main.o(i.HAL_CAN_RxFifo1MsgPendingCallback)
    i.HAL_CAN_SleepCallback                  0x080016d4   Section        0  stm32f4xx_hal_can.o(i.HAL_CAN_SleepCallback)
    i.HAL_CAN_Start                          0x080016d6   Section        0  stm32f4xx_hal_can.o(i.HAL_CAN_Start)
    i.HAL_CAN_TxMailbox0AbortCallback        0x08001734   Section        0  stm32f4xx_hal_can.o(i.HAL_CAN_TxMailbox0AbortCallback)
    i.HAL_CAN_TxMailbox0CompleteCallback     0x08001736   Section        0  stm32f4xx_hal_can.o(i.HAL_CAN_TxMailbox0CompleteCallback)
    i.HAL_CAN_TxMailbox1AbortCallback        0x08001738   Section        0  stm32f4xx_hal_can.o(i.HAL_CAN_TxMailbox1AbortCallback)
    i.HAL_CAN_TxMailbox1CompleteCallback     0x0800173a   Section        0  stm32f4xx_hal_can.o(i.HAL_CAN_TxMailbox1CompleteCallback)
    i.HAL_CAN_TxMailbox2AbortCallback        0x0800173c   Section        0  stm32f4xx_hal_can.o(i.HAL_CAN_TxMailbox2AbortCallback)
    i.HAL_CAN_TxMailbox2CompleteCallback     0x0800173e   Section        0  stm32f4xx_hal_can.o(i.HAL_CAN_TxMailbox2CompleteCallback)
    i.HAL_CAN_WakeUpFromRxMsgCallback        0x08001740   Section        0  stm32f4xx_hal_can.o(i.HAL_CAN_WakeUpFromRxMsgCallback)
    i.HAL_DMA_Abort                          0x08001742   Section        0  stm32f4xx_hal_dma.o(i.HAL_DMA_Abort)
    i.HAL_DMA_Abort_IT                       0x080017ec   Section        0  stm32f4xx_hal_dma.o(i.HAL_DMA_Abort_IT)
    i.HAL_DMA_IRQHandler                     0x08001814   Section        0  stm32f4xx_hal_dma.o(i.HAL_DMA_IRQHandler)
    i.HAL_DMA_Init                           0x08001a54   Section        0  stm32f4xx_hal_dma.o(i.HAL_DMA_Init)
    i.HAL_DMA_Start_IT                       0x08001b40   Section        0  stm32f4xx_hal_dma.o(i.HAL_DMA_Start_IT)
    i.HAL_Delay                              0x08001bd4   Section        0  stm32f4xx_hal.o(i.HAL_Delay)
    i.HAL_GPIO_Init                          0x08001bfc   Section        0  stm32f4xx_hal_gpio.o(i.HAL_GPIO_Init)
    i.HAL_GPIO_TogglePin                     0x08001dfc   Section        0  stm32f4xx_hal_gpio.o(i.HAL_GPIO_TogglePin)
    i.HAL_GPIO_WritePin                      0x08001e0e   Section        0  stm32f4xx_hal_gpio.o(i.HAL_GPIO_WritePin)
    i.HAL_GetTick                            0x08001e1c   Section        0  stm32f4xx_hal.o(i.HAL_GetTick)
    i.HAL_IncTick                            0x08001e28   Section        0  stm32f4xx_hal.o(i.HAL_IncTick)
    i.HAL_Init                               0x08001e40   Section        0  stm32f4xx_hal.o(i.HAL_Init)
    i.HAL_InitTick                           0x08001e7c   Section        0  stm32f4xx_hal.o(i.HAL_InitTick)
    i.HAL_MspInit                            0x08001ec8   Section        0  stm32f4xx_hal_msp.o(i.HAL_MspInit)
    i.HAL_NVIC_EnableIRQ                     0x08001f10   Section        0  stm32f4xx_hal_cortex.o(i.HAL_NVIC_EnableIRQ)
    i.HAL_NVIC_SetPriority                   0x08001f30   Section        0  stm32f4xx_hal_cortex.o(i.HAL_NVIC_SetPriority)
    i.HAL_NVIC_SetPriorityGrouping           0x08001fac   Section        0  stm32f4xx_hal_cortex.o(i.HAL_NVIC_SetPriorityGrouping)
    i.HAL_RCC_ClockConfig                    0x08001fd4   Section        0  stm32f4xx_hal_rcc.o(i.HAL_RCC_ClockConfig)
    i.HAL_RCC_GetHCLKFreq                    0x08002158   Section        0  stm32f4xx_hal_rcc.o(i.HAL_RCC_GetHCLKFreq)
    i.HAL_RCC_GetPCLK1Freq                   0x08002164   Section        0  stm32f4xx_hal_rcc.o(i.HAL_RCC_GetPCLK1Freq)
    i.HAL_RCC_GetPCLK2Freq                   0x08002184   Section        0  stm32f4xx_hal_rcc.o(i.HAL_RCC_GetPCLK2Freq)
    i.HAL_RCC_GetSysClockFreq                0x080021a4   Section        0  stm32f4xx_hal_rcc.o(i.HAL_RCC_GetSysClockFreq)
    i.HAL_RCC_OscConfig                      0x08002254   Section        0  stm32f4xx_hal_rcc.o(i.HAL_RCC_OscConfig)
    i.HAL_SYSTICK_Config                     0x080026dc   Section        0  stm32f4xx_hal_cortex.o(i.HAL_SYSTICK_Config)
    i.HAL_UART_DMAStop                       0x08002710   Section        0  stm32f4xx_hal_uart.o(i.HAL_UART_DMAStop)
    i.HAL_UART_ErrorCallback                 0x08002776   Section        0  stm32f4xx_hal_uart.o(i.HAL_UART_ErrorCallback)
    i.HAL_UART_IRQHandler                    0x08002778   Section        0  stm32f4xx_hal_uart.o(i.HAL_UART_IRQHandler)
    i.HAL_UART_Init                          0x080028cc   Section        0  stm32f4xx_hal_uart.o(i.HAL_UART_Init)
    i.HAL_UART_MspInit                       0x08002940   Section        0  usart.o(i.HAL_UART_MspInit)
    i.HAL_UART_Receive_DMA                   0x08002a3c   Section        0  stm32f4xx_hal_uart.o(i.HAL_UART_Receive_DMA)
    i.HAL_UART_RxCpltCallback                0x08002b00   Section        0  stm32f4xx_hal_uart.o(i.HAL_UART_RxCpltCallback)
    i.HAL_UART_RxHalfCpltCallback            0x08002b02   Section        0  stm32f4xx_hal_uart.o(i.HAL_UART_RxHalfCpltCallback)
    i.HAL_UART_TxCpltCallback                0x08002b04   Section        0  stm32f4xx_hal_uart.o(i.HAL_UART_TxCpltCallback)
    i.HardFault_Handler                      0x08002b06   Section        0  stm32f4xx_it.o(i.HardFault_Handler)
    i.MX_CAN1_Init                           0x08002b0c   Section        0  can.o(i.MX_CAN1_Init)
    i.MX_CAN2_Init                           0x08002b4c   Section        0  can.o(i.MX_CAN2_Init)
    i.MX_DMA_Init                            0x08002b8c   Section        0  dma.o(i.MX_DMA_Init)
    i.MX_GPIO_Init                           0x08002bc4   Section        0  gpio.o(i.MX_GPIO_Init)
    i.MX_USART2_UART_Init                    0x08002ce4   Section        0  usart.o(i.MX_USART2_UART_Init)
    i.MemManage_Handler                      0x08002d1c   Section        0  stm32f4xx_it.o(i.MemManage_Handler)
    i.NMI_Handler                            0x08002d20   Section        0  stm32f4xx_it.o(i.NMI_Handler)
    i.PendSV_Handler                         0x08002d22   Section        0  stm32f4xx_it.o(i.PendSV_Handler)
    i.RM3508_Ang2Cnt                         0x08002d24   Section        0  rm3508.o(i.RM3508_Ang2Cnt)
    i.RM3508_CAN_Send_Data                   0x08002d54   Section        0  rm3508.o(i.RM3508_CAN_Send_Data)
    i.RM3508_Get_Feedback                    0x08002db0   Section        0  rm3508.o(i.RM3508_Get_Feedback)
    i.RM3508_Get_Pos                         0x08002df0   Section        0  rm3508.o(i.RM3508_Get_Pos)
    i.RM3508_Get_Speed                       0x08002e00   Section        0  rm3508.o(i.RM3508_Get_Speed)
    i.RM3508_Pos_Rec                         0x08002e60   Section        0  rm3508.o(i.RM3508_Pos_Rec)
    i.RM3508_Set_Ang                         0x08002efc   Section        0  rm3508.o(i.RM3508_Set_Ang)
    i.RM3508_Set_I                           0x080031a4   Section        0  rm3508.o(i.RM3508_Set_I)
    i.RM3508_Set_Speed                       0x08003238   Section        0  rm3508.o(i.RM3508_Set_Speed)
    i.SVC_Handler                            0x080034dc   Section        0  stm32f4xx_it.o(i.SVC_Handler)
    i.Speed_Robot_Coordinate                 0x080034e0   Section        0  wheel_run.o(i.Speed_Robot_Coordinate)
    i.SysTick_Handler                        0x08003554   Section        0  stm32f4xx_it.o(i.SysTick_Handler)
    i.SystemClock_Config                     0x0800355c   Section        0  main.o(i.SystemClock_Config)
    i.SystemInit                             0x08003610   Section        0  system_stm32f4xx.o(i.SystemInit)
    i.UART_DMAAbortOnError                   0x0800362c   Section        0  stm32f4xx_hal_uart.o(i.UART_DMAAbortOnError)
    UART_DMAAbortOnError                     0x0800362d   Thumb Code    20  stm32f4xx_hal_uart.o(i.UART_DMAAbortOnError)
    i.UART_DMAError                          0x08003640   Section        0  stm32f4xx_hal_uart.o(i.UART_DMAError)
    UART_DMAError                            0x08003641   Thumb Code    80  stm32f4xx_hal_uart.o(i.UART_DMAError)
    i.UART_DMAReceiveCplt                    0x08003690   Section        0  stm32f4xx_hal_uart.o(i.UART_DMAReceiveCplt)
    UART_DMAReceiveCplt                      0x08003691   Thumb Code    70  stm32f4xx_hal_uart.o(i.UART_DMAReceiveCplt)
    i.UART_DMARxHalfCplt                     0x080036d6   Section        0  stm32f4xx_hal_uart.o(i.UART_DMARxHalfCplt)
    UART_DMARxHalfCplt                       0x080036d7   Thumb Code    14  stm32f4xx_hal_uart.o(i.UART_DMARxHalfCplt)
    i.UART_EndRxTransfer                     0x080036e4   Section        0  stm32f4xx_hal_uart.o(i.UART_EndRxTransfer)
    UART_EndRxTransfer                       0x080036e5   Thumb Code    32  stm32f4xx_hal_uart.o(i.UART_EndRxTransfer)
    i.UART_EndTransmit_IT                    0x08003704   Section        0  stm32f4xx_hal_uart.o(i.UART_EndTransmit_IT)
    UART_EndTransmit_IT                      0x08003705   Thumb Code    32  stm32f4xx_hal_uart.o(i.UART_EndTransmit_IT)
    i.UART_EndTxTransfer                     0x08003724   Section        0  stm32f4xx_hal_uart.o(i.UART_EndTxTransfer)
    UART_EndTxTransfer                       0x08003725   Thumb Code    20  stm32f4xx_hal_uart.o(i.UART_EndTxTransfer)
    i.UART_Receive_IT                        0x08003738   Section        0  stm32f4xx_hal_uart.o(i.UART_Receive_IT)
    UART_Receive_IT                          0x08003739   Thumb Code   166  stm32f4xx_hal_uart.o(i.UART_Receive_IT)
    i.UART_SetConfig                         0x080037e0   Section        0  stm32f4xx_hal_uart.o(i.UART_SetConfig)
    UART_SetConfig                           0x080037e1   Thumb Code   992  stm32f4xx_hal_uart.o(i.UART_SetConfig)
    i.UART_Transmit_IT                       0x08003bc8   Section        0  stm32f4xx_hal_uart.o(i.UART_Transmit_IT)
    UART_Transmit_IT                         0x08003bc9   Thumb Code   104  stm32f4xx_hal_uart.o(i.UART_Transmit_IT)
    i.USART2_IRQHandler                      0x08003c30   Section        0  stm32f4xx_it.o(i.USART2_IRQHandler)
    i.USAR_UART_IDLECallback                 0x08003c44   Section        0  usart.o(i.USAR_UART_IDLECallback)
    i.USER_UART_IRQHandler                   0x08003c78   Section        0  usart.o(i.USER_UART_IRQHandler)
    i.UsageFault_Handler                     0x08003cbc   Section        0  stm32f4xx_it.o(i.UsageFault_Handler)
    i.Wheels_Run                             0x08003cc0   Section        0  wheel_run.o(i.Wheels_Run)
    i.__NVIC_GetPriorityGrouping             0x08003cfc   Section        0  stm32f4xx_hal_cortex.o(i.__NVIC_GetPriorityGrouping)
    __NVIC_GetPriorityGrouping               0x08003cfd   Thumb Code    10  stm32f4xx_hal_cortex.o(i.__NVIC_GetPriorityGrouping)
    i.__NVIC_SetPriority                     0x08003d0c   Section        0  stm32f4xx_hal_cortex.o(i.__NVIC_SetPriority)
    __NVIC_SetPriority                       0x08003d0d   Thumb Code    32  stm32f4xx_hal_cortex.o(i.__NVIC_SetPriority)
    i.__scatterload_copy                     0x08003d34   Section       14  handlers.o(i.__scatterload_copy)
    i.__scatterload_null                     0x08003d42   Section        2  handlers.o(i.__scatterload_null)
    i.__scatterload_zeroinit                 0x08003d44   Section       14  handlers.o(i.__scatterload_zeroinit)
    i.catch_arm                              0x08003d54   Section        0  catch_data.o(i.catch_arm)
    i.catch_arm_gm6020                       0x08003df4   Section        0  catch_data.o(i.catch_arm_gm6020)
    i.catch_arm_rm2006                       0x08003e90   Section        0  catch_data.o(i.catch_arm_rm2006)
    i.catch_data                             0x08003f2c   Section        0  catch_data.o(i.catch_data)
    i.catch_direction                        0x08003f90   Section        0  catch_data.o(i.catch_direction)
    i.catch_speed                            0x08004164   Section        0  catch_data.o(i.catch_speed)
    i.main                                   0x080041c8   Section        0  main.o(i.main)
    .constdata                               0x08004340   Section        8  rm3508.o(.constdata)
    .constdata                               0x08004348   Section        8  gm6020.o(.constdata)
    .constdata                               0x08004350   Section        8  stm32f4xx_hal_dma.o(.constdata)
    flagBitshiftOffset                       0x08004350   Data           8  stm32f4xx_hal_dma.o(.constdata)
    .constdata                               0x08004358   Section       24  system_stm32f4xx.o(.constdata)
    .data                                    0x20000000   Section        8  catch_data.o(.data)
    .data                                    0x20000008   Section       32  wheel_run.o(.data)
    .data                                    0x20000028   Section     1040  rm3508.o(.data)
    .data                                    0x20000438   Section      776  gm6020.o(.data)
    .data                                    0x20000740   Section       24  main.o(.data)
    .data                                    0x20000758   Section        4  can.o(.data)
    HAL_RCC_CAN1_CLK_ENABLED                 0x20000758   Data           4  can.o(.data)
    .data                                    0x2000075c   Section        9  stm32f4xx_hal.o(.data)
    .data                                    0x20000768   Section        4  system_stm32f4xx.o(.data)
    .bss                                     0x2000076c   Section      152  rm3508.o(.bss)
    RM3508_base                              0x200007c4   Data          32  rm3508.o(.bss)
    RM3508tmp_pre                            0x200007e4   Data          32  rm3508.o(.bss)
    .bss                                     0x20000804   Section      144  gm6020.o(.bss)
    GM6020_base                              0x20000854   Data          32  gm6020.o(.bss)
    GM6020tmp_pre                            0x20000874   Data          32  gm6020.o(.bss)
    .bss                                     0x20000894   Section      255  main.o(.bss)
    .bss                                     0x20000994   Section       80  can.o(.bss)
    .bss                                     0x200009e4   Section      160  usart.o(.bss)
    STACK                                    0x20000a88   Section     1024  startup_stm32f405xx.o(STACK)

    Global Symbols

    Symbol Name                              Value     Ov Type        Size  Object(Section)

    BuildAttributes$$THM_ISAv4$E$P$D$K$B$S$7EM$VFPi3$EXTD16$VFPS$VFMA$PE$A:L22UL41UL21$X:L11$S22US41US21$IEEE1$IW$USESV6$~STKCKD$USESV7$~SHL$OSPACE$ROPI$EBA8$MICROLIB$REQ8$PRES8$EABIv2 0x00000000   Number         0  anon$$obj.o ABSOLUTE
    __ARM_use_no_argv                        0x00000000   Number         0  main.o ABSOLUTE
    __cpp_initialize__aeabi_                  - Undefined Weak Reference
    __cxa_finalize                            - Undefined Weak Reference
    _clock_init                               - Undefined Weak Reference
    _microlib_exit                            - Undefined Weak Reference
    __Vectors_Size                           0x00000188   Number         0  startup_stm32f405xx.o ABSOLUTE
    __Vectors                                0x08000000   Data           4  startup_stm32f405xx.o(RESET)
    __Vectors_End                            0x08000188   Data           0  startup_stm32f405xx.o(RESET)
    __main                                   0x08000189   Thumb Code     0  entry.o(.ARM.Collect$$$$00000000)
    _main_stk                                0x08000189   Thumb Code     0  entry2.o(.ARM.Collect$$$$00000001)
    _main_scatterload                        0x0800018d   Thumb Code     0  entry5.o(.ARM.Collect$$$$00000004)
    __main_after_scatterload                 0x08000191   Thumb Code     0  entry5.o(.ARM.Collect$$$$00000004)
    _main_clock                              0x08000191   Thumb Code     0  entry7b.o(.ARM.Collect$$$$00000008)
    _main_cpp_init                           0x08000191   Thumb Code     0  entry8b.o(.ARM.Collect$$$$0000000A)
    _main_init                               0x08000191   Thumb Code     0  entry9a.o(.ARM.Collect$$$$0000000B)
    __rt_final_cpp                           0x08000199   Thumb Code     0  entry10a.o(.ARM.Collect$$$$0000000D)
    __rt_final_exit                          0x08000199   Thumb Code     0  entry11a.o(.ARM.Collect$$$$0000000F)
    Reset_Handler                            0x0800019d   Thumb Code     8  startup_stm32f405xx.o(.text)
    ADC_IRQHandler                           0x080001b7   Thumb Code     0  startup_stm32f405xx.o(.text)
    CAN1_RX1_IRQHandler                      0x080001b7   Thumb Code     0  startup_stm32f405xx.o(.text)
    CAN1_TX_IRQHandler                       0x080001b7   Thumb Code     0  startup_stm32f405xx.o(.text)
    CAN2_RX0_IRQHandler                      0x080001b7   Thumb Code     0  startup_stm32f405xx.o(.text)
    CAN2_TX_IRQHandler                       0x080001b7   Thumb Code     0  startup_stm32f405xx.o(.text)
    DMA1_Stream0_IRQHandler                  0x080001b7   Thumb Code     0  startup_stm32f405xx.o(.text)
    DMA1_Stream1_IRQHandler                  0x080001b7   Thumb Code     0  startup_stm32f405xx.o(.text)
    DMA1_Stream2_IRQHandler                  0x080001b7   Thumb Code     0  startup_stm32f405xx.o(.text)
    DMA1_Stream3_IRQHandler                  0x080001b7   Thumb Code     0  startup_stm32f405xx.o(.text)
    DMA1_Stream4_IRQHandler                  0x080001b7   Thumb Code     0  startup_stm32f405xx.o(.text)
    DMA1_Stream6_IRQHandler                  0x080001b7   Thumb Code     0  startup_stm32f405xx.o(.text)
    DMA1_Stream7_IRQHandler                  0x080001b7   Thumb Code     0  startup_stm32f405xx.o(.text)
    DMA2_Stream0_IRQHandler                  0x080001b7   Thumb Code     0  startup_stm32f405xx.o(.text)
    DMA2_Stream1_IRQHandler                  0x080001b7   Thumb Code     0  startup_stm32f405xx.o(.text)
    DMA2_Stream2_IRQHandler                  0x080001b7   Thumb Code     0  startup_stm32f405xx.o(.text)
    DMA2_Stream3_IRQHandler                  0x080001b7   Thumb Code     0  startup_stm32f405xx.o(.text)
    DMA2_Stream4_IRQHandler                  0x080001b7   Thumb Code     0  startup_stm32f405xx.o(.text)
    DMA2_Stream5_IRQHandler                  0x080001b7   Thumb Code     0  startup_stm32f405xx.o(.text)
    DMA2_Stream6_IRQHandler                  0x080001b7   Thumb Code     0  startup_stm32f405xx.o(.text)
    DMA2_Stream7_IRQHandler                  0x080001b7   Thumb Code     0  startup_stm32f405xx.o(.text)
    EXTI0_IRQHandler                         0x080001b7   Thumb Code     0  startup_stm32f405xx.o(.text)
    EXTI15_10_IRQHandler                     0x080001b7   Thumb Code     0  startup_stm32f405xx.o(.text)
    EXTI1_IRQHandler                         0x080001b7   Thumb Code     0  startup_stm32f405xx.o(.text)
    EXTI2_IRQHandler                         0x080001b7   Thumb Code     0  startup_stm32f405xx.o(.text)
    EXTI3_IRQHandler                         0x080001b7   Thumb Code     0  startup_stm32f405xx.o(.text)
    EXTI4_IRQHandler                         0x080001b7   Thumb Code     0  startup_stm32f405xx.o(.text)
    EXTI9_5_IRQHandler                       0x080001b7   Thumb Code     0  startup_stm32f405xx.o(.text)
    FLASH_IRQHandler                         0x080001b7   Thumb Code     0  startup_stm32f405xx.o(.text)
    FMC_IRQHandler                           0x080001b7   Thumb Code     0  startup_stm32f405xx.o(.text)
    FPU_IRQHandler                           0x080001b7   Thumb Code     0  startup_stm32f405xx.o(.text)
    HASH_RNG_IRQHandler                      0x080001b7   Thumb Code     0  startup_stm32f405xx.o(.text)
    I2C1_ER_IRQHandler                       0x080001b7   Thumb Code     0  startup_stm32f405xx.o(.text)
    I2C1_EV_IRQHandler                       0x080001b7   Thumb Code     0  startup_stm32f405xx.o(.text)
    I2C2_ER_IRQHandler                       0x080001b7   Thumb Code     0  startup_stm32f405xx.o(.text)
    I2C2_EV_IRQHandler                       0x080001b7   Thumb Code     0  startup_stm32f405xx.o(.text)
    I2C3_ER_IRQHandler                       0x080001b7   Thumb Code     0  startup_stm32f405xx.o(.text)
    I2C3_EV_IRQHandler                       0x080001b7   Thumb Code     0  startup_stm32f405xx.o(.text)
    OTG_FS_IRQHandler                        0x080001b7   Thumb Code     0  startup_stm32f405xx.o(.text)
    OTG_FS_WKUP_IRQHandler                   0x080001b7   Thumb Code     0  startup_stm32f405xx.o(.text)
    OTG_HS_EP1_IN_IRQHandler                 0x080001b7   Thumb Code     0  startup_stm32f405xx.o(.text)
    OTG_HS_EP1_OUT_IRQHandler                0x080001b7   Thumb Code     0  startup_stm32f405xx.o(.text)
    OTG_HS_IRQHandler                        0x080001b7   Thumb Code     0  startup_stm32f405xx.o(.text)
    OTG_HS_WKUP_IRQHandler                   0x080001b7   Thumb Code     0  startup_stm32f405xx.o(.text)
    PVD_IRQHandler                           0x080001b7   Thumb Code     0  startup_stm32f405xx.o(.text)
    RCC_IRQHandler                           0x080001b7   Thumb Code     0  startup_stm32f405xx.o(.text)
    RTC_Alarm_IRQHandler                     0x080001b7   Thumb Code     0  startup_stm32f405xx.o(.text)
    RTC_WKUP_IRQHandler                      0x080001b7   Thumb Code     0  startup_stm32f405xx.o(.text)
    SDIO_IRQHandler                          0x080001b7   Thumb Code     0  startup_stm32f405xx.o(.text)
    SPI1_IRQHandler                          0x080001b7   Thumb Code     0  startup_stm32f405xx.o(.text)
    SPI2_IRQHandler                          0x080001b7   Thumb Code     0  startup_stm32f405xx.o(.text)
    SPI3_IRQHandler                          0x080001b7   Thumb Code     0  startup_stm32f405xx.o(.text)
    TAMP_STAMP_IRQHandler                    0x080001b7   Thumb Code     0  startup_stm32f405xx.o(.text)
    TIM1_BRK_TIM9_IRQHandler                 0x080001b7   Thumb Code     0  startup_stm32f405xx.o(.text)
    TIM1_CC_IRQHandler                       0x080001b7   Thumb Code     0  startup_stm32f405xx.o(.text)
    TIM1_TRG_COM_TIM11_IRQHandler            0x080001b7   Thumb Code     0  startup_stm32f405xx.o(.text)
    TIM1_UP_TIM10_IRQHandler                 0x080001b7   Thumb Code     0  startup_stm32f405xx.o(.text)
    TIM2_IRQHandler                          0x080001b7   Thumb Code     0  startup_stm32f405xx.o(.text)
    TIM3_IRQHandler                          0x080001b7   Thumb Code     0  startup_stm32f405xx.o(.text)
    TIM4_IRQHandler                          0x080001b7   Thumb Code     0  startup_stm32f405xx.o(.text)
    TIM5_IRQHandler                          0x080001b7   Thumb Code     0  startup_stm32f405xx.o(.text)
    TIM6_DAC_IRQHandler                      0x080001b7   Thumb Code     0  startup_stm32f405xx.o(.text)
    TIM7_IRQHandler                          0x080001b7   Thumb Code     0  startup_stm32f405xx.o(.text)
    TIM8_BRK_TIM12_IRQHandler                0x080001b7   Thumb Code     0  startup_stm32f405xx.o(.text)
    TIM8_CC_IRQHandler                       0x080001b7   Thumb Code     0  startup_stm32f405xx.o(.text)
    TIM8_TRG_COM_TIM14_IRQHandler            0x080001b7   Thumb Code     0  startup_stm32f405xx.o(.text)
    TIM8_UP_TIM13_IRQHandler                 0x080001b7   Thumb Code     0  startup_stm32f405xx.o(.text)
    UART4_IRQHandler                         0x080001b7   Thumb Code     0  startup_stm32f405xx.o(.text)
    UART5_IRQHandler                         0x080001b7   Thumb Code     0  startup_stm32f405xx.o(.text)
    USART1_IRQHandler                        0x080001b7   Thumb Code     0  startup_stm32f405xx.o(.text)
    USART3_IRQHandler                        0x080001b7   Thumb Code     0  startup_stm32f405xx.o(.text)
    USART6_IRQHandler                        0x080001b7   Thumb Code     0  startup_stm32f405xx.o(.text)
    WWDG_IRQHandler                          0x080001b7   Thumb Code     0  startup_stm32f405xx.o(.text)
    __aeabi_uldivmod                         0x080001c1   Thumb Code    98  uldiv.o(.text)
    __aeabi_memset                           0x08000223   Thumb Code    14  memseta.o(.text)
    __aeabi_memset4                          0x08000223   Thumb Code     0  memseta.o(.text)
    __aeabi_memset8                          0x08000223   Thumb Code     0  memseta.o(.text)
    __aeabi_memclr                           0x08000231   Thumb Code     4  memseta.o(.text)
    __aeabi_memclr4                          0x08000231   Thumb Code     0  memseta.o(.text)
    __aeabi_memclr8                          0x08000231   Thumb Code     0  memseta.o(.text)
    _memset$wrapper                          0x08000235   Thumb Code    18  memseta.o(.text)
    __aeabi_f2d                              0x08000247   Thumb Code    38  f2d.o(.text)
    __aeabi_cdcmpeq                          0x0800026d   Thumb Code     0  cdcmple.o(.text)
    __aeabi_cdcmple                          0x0800026d   Thumb Code    48  cdcmple.o(.text)
    __aeabi_cdrcmple                         0x0800029d   Thumb Code    48  cdrcmple.o(.text)
    __aeabi_llsl                             0x080002cd   Thumb Code    30  llshl.o(.text)
    _ll_shift_l                              0x080002cd   Thumb Code     0  llshl.o(.text)
    __aeabi_llsr                             0x080002eb   Thumb Code    32  llushr.o(.text)
    _ll_ushift_r                             0x080002eb   Thumb Code     0  llushr.o(.text)
    __I$use$fp                               0x0800030b   Thumb Code     0  iusefp.o(.text)
    __scatterload                            0x0800030d   Thumb Code    28  init.o(.text)
    __scatterload_rt2                        0x0800030d   Thumb Code     0  init.o(.text)
    __decompress                             0x08000331   Thumb Code     0  __dczerorl2.o(.text)
    __decompress1                            0x08000331   Thumb Code    86  __dczerorl2.o(.text)
    BusFault_Handler                         0x08000387   Thumb Code     4  stm32f4xx_it.o(i.BusFault_Handler)
    CAN1_RX0_IRQHandler                      0x0800038d   Thumb Code    10  stm32f4xx_it.o(i.CAN1_RX0_IRQHandler)
    CAN1_SCE_IRQHandler                      0x0800039d   Thumb Code    10  stm32f4xx_it.o(i.CAN1_SCE_IRQHandler)
    CAN2_RX1_IRQHandler                      0x080003ad   Thumb Code    10  stm32f4xx_it.o(i.CAN2_RX1_IRQHandler)
    CAN2_SCE_IRQHandler                      0x080003bd   Thumb Code    10  stm32f4xx_it.o(i.CAN2_SCE_IRQHandler)
    CAN_Init                                 0x080003cd   Thumb Code   146  can_bsp.o(i.CAN_Init)
    DMA1_Stream5_IRQHandler                  0x08000469   Thumb Code    10  stm32f4xx_it.o(i.DMA1_Stream5_IRQHandler)
    DebugMon_Handler                         0x08000583   Thumb Code     2  stm32f4xx_it.o(i.DebugMon_Handler)
    Error_Handler                            0x08000585   Thumb Code     2  main.o(i.Error_Handler)
    FabsD                                    0x08000589   Thumb Code    78  rm3508.o(i.FabsD)
    GM6020_Ang2Cnt                           0x080005e1   Thumb Code    40  gm6020.o(i.GM6020_Ang2Cnt)
    GM6020_CAN_Send_Data                     0x08000611   Thumb Code    92  gm6020.o(i.GM6020_CAN_Send_Data)
    GM6020_Get_Feedback                      0x0800066d   Thumb Code    56  gm6020.o(i.GM6020_Get_Feedback)
    GM6020_Get_Pos                           0x080006a9   Thumb Code    12  gm6020.o(i.GM6020_Get_Pos)
    GM6020_Get_Speed                         0x080006b9   Thumb Code   102  gm6020.o(i.GM6020_Get_Speed)
    GM6020_Pos_Rec                           0x08000725   Thumb Code   144  gm6020.o(i.GM6020_Pos_Rec)
    GM6020_Set_Pos                           0x080007c5   Thumb Code   556  gm6020.o(i.GM6020_Set_Pos)
    GM6020_Set_Speed                         0x080009f9   Thumb Code   562  gm6020.o(i.GM6020_Set_Speed)
    GM6020_Set_V                             0x08000c35   Thumb Code    94  gm6020.o(i.GM6020_Set_V)
    HAL_CAN_ActivateNotification             0x08000ca1   Thumb Code    42  stm32f4xx_hal_can.o(i.HAL_CAN_ActivateNotification)
    HAL_CAN_AddTxMessage                     0x08000ccb   Thumb Code   342  stm32f4xx_hal_can.o(i.HAL_CAN_AddTxMessage)
    HAL_CAN_ConfigFilter                     0x08000e21   Thumb Code   286  stm32f4xx_hal_can.o(i.HAL_CAN_ConfigFilter)
    HAL_CAN_ErrorCallback                    0x08000f45   Thumb Code     2  stm32f4xx_hal_can.o(i.HAL_CAN_ErrorCallback)
    HAL_CAN_GetRxMessage                     0x08000f47   Thumb Code   378  stm32f4xx_hal_can.o(i.HAL_CAN_GetRxMessage)
    HAL_CAN_GetTxMailboxesFreeLevel          0x080010c1   Thumb Code    54  stm32f4xx_hal_can.o(i.HAL_CAN_GetTxMailboxesFreeLevel)
    HAL_CAN_IRQHandler                       0x080010f7   Thumb Code   590  stm32f4xx_hal_can.o(i.HAL_CAN_IRQHandler)
    HAL_CAN_Init                             0x08001345   Thumb Code   372  stm32f4xx_hal_can.o(i.HAL_CAN_Init)
    HAL_CAN_MspInit                          0x080014b9   Thumb Code   364  can.o(i.HAL_CAN_MspInit)
    HAL_CAN_RxFifo0FullCallback              0x0800163d   Thumb Code     2  stm32f4xx_hal_can.o(i.HAL_CAN_RxFifo0FullCallback)
    HAL_CAN_RxFifo0MsgPendingCallback        0x08001641   Thumb Code    66  main.o(i.HAL_CAN_RxFifo0MsgPendingCallback)
    HAL_CAN_RxFifo1FullCallback              0x08001689   Thumb Code     2  stm32f4xx_hal_can.o(i.HAL_CAN_RxFifo1FullCallback)
    HAL_CAN_RxFifo1MsgPendingCallback        0x0800168d   Thumb Code    66  main.o(i.HAL_CAN_RxFifo1MsgPendingCallback)
    HAL_CAN_SleepCallback                    0x080016d5   Thumb Code     2  stm32f4xx_hal_can.o(i.HAL_CAN_SleepCallback)
    HAL_CAN_Start                            0x080016d7   Thumb Code    94  stm32f4xx_hal_can.o(i.HAL_CAN_Start)
    HAL_CAN_TxMailbox0AbortCallback          0x08001735   Thumb Code     2  stm32f4xx_hal_can.o(i.HAL_CAN_TxMailbox0AbortCallback)
    HAL_CAN_TxMailbox0CompleteCallback       0x08001737   Thumb Code     2  stm32f4xx_hal_can.o(i.HAL_CAN_TxMailbox0CompleteCallback)
    HAL_CAN_TxMailbox1AbortCallback          0x08001739   Thumb Code     2  stm32f4xx_hal_can.o(i.HAL_CAN_TxMailbox1AbortCallback)
    HAL_CAN_TxMailbox1CompleteCallback       0x0800173b   Thumb Code     2  stm32f4xx_hal_can.o(i.HAL_CAN_TxMailbox1CompleteCallback)
    HAL_CAN_TxMailbox2AbortCallback          0x0800173d   Thumb Code     2  stm32f4xx_hal_can.o(i.HAL_CAN_TxMailbox2AbortCallback)
    HAL_CAN_TxMailbox2CompleteCallback       0x0800173f   Thumb Code     2  stm32f4xx_hal_can.o(i.HAL_CAN_TxMailbox2CompleteCallback)
    HAL_CAN_WakeUpFromRxMsgCallback          0x08001741   Thumb Code     2  stm32f4xx_hal_can.o(i.HAL_CAN_WakeUpFromRxMsgCallback)
    HAL_DMA_Abort                            0x08001743   Thumb Code   170  stm32f4xx_hal_dma.o(i.HAL_DMA_Abort)
    HAL_DMA_Abort_IT                         0x080017ed   Thumb Code    40  stm32f4xx_hal_dma.o(i.HAL_DMA_Abort_IT)
    HAL_DMA_IRQHandler                       0x08001815   Thumb Code   570  stm32f4xx_hal_dma.o(i.HAL_DMA_IRQHandler)
    HAL_DMA_Init                             0x08001a55   Thumb Code   232  stm32f4xx_hal_dma.o(i.HAL_DMA_Init)
    HAL_DMA_Start_IT                         0x08001b41   Thumb Code   146  stm32f4xx_hal_dma.o(i.HAL_DMA_Start_IT)
    HAL_Delay                                0x08001bd5   Thumb Code    36  stm32f4xx_hal.o(i.HAL_Delay)
    HAL_GPIO_Init                            0x08001bfd   Thumb Code   466  stm32f4xx_hal_gpio.o(i.HAL_GPIO_Init)
    HAL_GPIO_TogglePin                       0x08001dfd   Thumb Code    18  stm32f4xx_hal_gpio.o(i.HAL_GPIO_TogglePin)
    HAL_GPIO_WritePin                        0x08001e0f   Thumb Code    12  stm32f4xx_hal_gpio.o(i.HAL_GPIO_WritePin)
    HAL_GetTick                              0x08001e1d   Thumb Code     6  stm32f4xx_hal.o(i.HAL_GetTick)
    HAL_IncTick                              0x08001e29   Thumb Code    16  stm32f4xx_hal.o(i.HAL_IncTick)
    HAL_Init                                 0x08001e41   Thumb Code    54  stm32f4xx_hal.o(i.HAL_Init)
    HAL_InitTick                             0x08001e7d   Thumb Code    64  stm32f4xx_hal.o(i.HAL_InitTick)
    HAL_MspInit                              0x08001ec9   Thumb Code    68  stm32f4xx_hal_msp.o(i.HAL_MspInit)
    HAL_NVIC_EnableIRQ                       0x08001f11   Thumb Code    32  stm32f4xx_hal_cortex.o(i.HAL_NVIC_EnableIRQ)
    HAL_NVIC_SetPriority                     0x08001f31   Thumb Code   124  stm32f4xx_hal_cortex.o(i.HAL_NVIC_SetPriority)
    HAL_NVIC_SetPriorityGrouping             0x08001fad   Thumb Code    32  stm32f4xx_hal_cortex.o(i.HAL_NVIC_SetPriorityGrouping)
    HAL_RCC_ClockConfig                      0x08001fd5   Thumb Code   368  stm32f4xx_hal_rcc.o(i.HAL_RCC_ClockConfig)
    HAL_RCC_GetHCLKFreq                      0x08002159   Thumb Code     6  stm32f4xx_hal_rcc.o(i.HAL_RCC_GetHCLKFreq)
    HAL_RCC_GetPCLK1Freq                     0x08002165   Thumb Code    22  stm32f4xx_hal_rcc.o(i.HAL_RCC_GetPCLK1Freq)
    HAL_RCC_GetPCLK2Freq                     0x08002185   Thumb Code    22  stm32f4xx_hal_rcc.o(i.HAL_RCC_GetPCLK2Freq)
    HAL_RCC_GetSysClockFreq                  0x080021a5   Thumb Code   162  stm32f4xx_hal_rcc.o(i.HAL_RCC_GetSysClockFreq)
    HAL_RCC_OscConfig                        0x08002255   Thumb Code  1152  stm32f4xx_hal_rcc.o(i.HAL_RCC_OscConfig)
    HAL_SYSTICK_Config                       0x080026dd   Thumb Code    52  stm32f4xx_hal_cortex.o(i.HAL_SYSTICK_Config)
    HAL_UART_DMAStop                         0x08002711   Thumb Code   102  stm32f4xx_hal_uart.o(i.HAL_UART_DMAStop)
    HAL_UART_ErrorCallback                   0x08002777   Thumb Code     2  stm32f4xx_hal_uart.o(i.HAL_UART_ErrorCallback)
    HAL_UART_IRQHandler                      0x08002779   Thumb Code   336  stm32f4xx_hal_uart.o(i.HAL_UART_IRQHandler)
    HAL_UART_Init                            0x080028cd   Thumb Code   114  stm32f4xx_hal_uart.o(i.HAL_UART_Init)
    HAL_UART_MspInit                         0x08002941   Thumb Code   230  usart.o(i.HAL_UART_MspInit)
    HAL_UART_Receive_DMA                     0x08002a3d   Thumb Code   182  stm32f4xx_hal_uart.o(i.HAL_UART_Receive_DMA)
    HAL_UART_RxCpltCallback                  0x08002b01   Thumb Code     2  stm32f4xx_hal_uart.o(i.HAL_UART_RxCpltCallback)
    HAL_UART_RxHalfCpltCallback              0x08002b03   Thumb Code     2  stm32f4xx_hal_uart.o(i.HAL_UART_RxHalfCpltCallback)
    HAL_UART_TxCpltCallback                  0x08002b05   Thumb Code     2  stm32f4xx_hal_uart.o(i.HAL_UART_TxCpltCallback)
    HardFault_Handler                        0x08002b07   Thumb Code     4  stm32f4xx_it.o(i.HardFault_Handler)
    MX_CAN1_Init                             0x08002b0d   Thumb Code    56  can.o(i.MX_CAN1_Init)
    MX_CAN2_Init                             0x08002b4d   Thumb Code    56  can.o(i.MX_CAN2_Init)
    MX_DMA_Init                              0x08002b8d   Thumb Code    52  dma.o(i.MX_DMA_Init)
    MX_GPIO_Init                             0x08002bc5   Thumb Code   272  gpio.o(i.MX_GPIO_Init)
    MX_USART2_UART_Init                      0x08002ce5   Thumb Code    46  usart.o(i.MX_USART2_UART_Init)
    MemManage_Handler                        0x08002d1d   Thumb Code     4  stm32f4xx_it.o(i.MemManage_Handler)
    NMI_Handler                              0x08002d21   Thumb Code     2  stm32f4xx_it.o(i.NMI_Handler)
    PendSV_Handler                           0x08002d23   Thumb Code     2  stm32f4xx_it.o(i.PendSV_Handler)
    RM3508_Ang2Cnt                           0x08002d25   Thumb Code    40  rm3508.o(i.RM3508_Ang2Cnt)
    RM3508_CAN_Send_Data                     0x08002d55   Thumb Code    92  rm3508.o(i.RM3508_CAN_Send_Data)
    RM3508_Get_Feedback                      0x08002db1   Thumb Code    58  rm3508.o(i.RM3508_Get_Feedback)
    RM3508_Get_Pos                           0x08002df1   Thumb Code    12  rm3508.o(i.RM3508_Get_Pos)
    RM3508_Get_Speed                         0x08002e01   Thumb Code    92  rm3508.o(i.RM3508_Get_Speed)
    RM3508_Pos_Rec                           0x08002e61   Thumb Code   140  rm3508.o(i.RM3508_Pos_Rec)
    RM3508_Set_Ang                           0x08002efd   Thumb Code   672  rm3508.o(i.RM3508_Set_Ang)
    RM3508_Set_I                             0x080031a5   Thumb Code   132  rm3508.o(i.RM3508_Set_I)
    RM3508_Set_Speed                         0x08003239   Thumb Code   666  rm3508.o(i.RM3508_Set_Speed)
    SVC_Handler                              0x080034dd   Thumb Code     2  stm32f4xx_it.o(i.SVC_Handler)
    Speed_Robot_Coordinate                   0x080034e1   Thumb Code   110  wheel_run.o(i.Speed_Robot_Coordinate)
    SysTick_Handler                          0x08003555   Thumb Code     8  stm32f4xx_it.o(i.SysTick_Handler)
    SystemClock_Config                       0x0800355d   Thumb Code   172  main.o(i.SystemClock_Config)
    SystemInit                               0x08003611   Thumb Code    24  system_stm32f4xx.o(i.SystemInit)
    USART2_IRQHandler                        0x08003c31   Thumb Code    16  stm32f4xx_it.o(i.USART2_IRQHandler)
    USAR_UART_IDLECallback                   0x08003c45   Thumb Code    40  usart.o(i.USAR_UART_IDLECallback)
    USER_UART_IRQHandler                     0x08003c79   Thumb Code    60  usart.o(i.USER_UART_IRQHandler)
    UsageFault_Handler                       0x08003cbd   Thumb Code     4  stm32f4xx_it.o(i.UsageFault_Handler)
    Wheels_Run                               0x08003cc1   Thumb Code    56  wheel_run.o(i.Wheels_Run)
    __scatterload_copy                       0x08003d35   Thumb Code    14  handlers.o(i.__scatterload_copy)
    __scatterload_null                       0x08003d43   Thumb Code     2  handlers.o(i.__scatterload_null)
    __scatterload_zeroinit                   0x08003d45   Thumb Code    14  handlers.o(i.__scatterload_zeroinit)
    catch_arm                                0x08003d55   Thumb Code   142  catch_data.o(i.catch_arm)
    catch_arm_gm6020                         0x08003df5   Thumb Code   148  catch_data.o(i.catch_arm_gm6020)
    catch_arm_rm2006                         0x08003e91   Thumb Code   144  catch_data.o(i.catch_arm_rm2006)
    catch_data                               0x08003f2d   Thumb Code    80  catch_data.o(i.catch_data)
    catch_direction                          0x08003f91   Thumb Code   436  catch_data.o(i.catch_direction)
    catch_speed                              0x08004165   Thumb Code    88  catch_data.o(i.catch_speed)
    main                                     0x080041c9   Thumb Code   328  main.o(i.main)
    RM3508_Reduction_Ratio                   0x08004340   Data           8  rm3508.o(.constdata)
    GM6020_Reduction_Ratio                   0x08004348   Data           8  gm6020.o(.constdata)
    AHBPrescTable                            0x08004358   Data          16  system_stm32f4xx.o(.constdata)
    APBPrescTable                            0x08004368   Data           8  system_stm32f4xx.o(.constdata)
    Region$$Table$$Base                      0x08004370   Number         0  anon$$obj.o(Region$$Table)
    Region$$Table$$Limit                     0x08004390   Number         0  anon$$obj.o(Region$$Table)
    rx_flag                                  0x20000000   Data           1  catch_data.o(.data)
    flag_x                                   0x20000001   Data           1  catch_data.o(.data)
    rw_flag                                  0x20000002   Data           1  catch_data.o(.data)
    negative                                 0x20000004   Data           4  catch_data.o(.data)
    Wheel_Info                               0x20000008   Data          32  wheel_run.o(.data)
    M3508_Speed_Pid                          0x20000028   Data         512  rm3508.o(.data)
    M3508_Pos_Pid                            0x20000228   Data         512  rm3508.o(.data)
    RM3508_Sendbuf1                          0x20000428   Data           8  rm3508.o(.data)
    RM3508_Sendbuf2                          0x20000430   Data           8  rm3508.o(.data)
    GM6020_Speed_Pid                         0x20000438   Data         384  gm6020.o(.data)
    GM6020_Pos_Pid                           0x200005b8   Data         384  gm6020.o(.data)
    can_Sendbuf                              0x20000738   Data           8  gm6020.o(.data)
    speed                                    0x20000740   Data           4  main.o(.data)
    angle                                    0x20000744   Data           4  main.o(.data)
    getdata_x                                0x20000748   Data           4  main.o(.data)
    getdata_y                                0x2000074c   Data           4  main.o(.data)
    getdata_w                                0x20000750   Data           4  main.o(.data)
    turn                                     0x20000754   Data           4  main.o(.data)
    uwTick                                   0x2000075c   Data           4  stm32f4xx_hal.o(.data)
    uwTickPrio                               0x20000760   Data           4  stm32f4xx_hal.o(.data)
    uwTickFreq                               0x20000764   Data           1  stm32f4xx_hal.o(.data)
    SystemCoreClock                          0x20000768   Data           4  system_stm32f4xx.o(.data)
    RM3508_Feedback_Buf                      0x2000076c   Data          56  rm3508.o(.bss)
    RM3508_Pos                               0x200007a4   Data          32  rm3508.o(.bss)
    GM6020_Feedback_Buf                      0x20000804   Data          48  gm6020.o(.bss)
    GM6020_Pos                               0x20000834   Data          32  gm6020.o(.bss)
    receive_buff1                            0x20000894   Data         255  main.o(.bss)
    hcan1                                    0x20000994   Data          40  can.o(.bss)
    hcan2                                    0x200009bc   Data          40  can.o(.bss)
    huart2                                   0x200009e4   Data          64  usart.o(.bss)
    hdma_usart2_rx                           0x20000a24   Data          96  usart.o(.bss)
    __initial_sp                             0x20000e88   Data           0  startup_stm32f405xx.o(STACK)



==============================================================================

Memory Map of the image

  Image Entry point : 0x08000189

  Load Region LR_IROM1 (Base: 0x08000000, Size: 0x00004afc, Max: 0x00100000, ABSOLUTE, COMPRESSED[0x00004474])

    Execution Region ER_IROM1 (Exec base: 0x08000000, Load base: 0x08000000, Size: 0x00004390, Max: 0x00100000, ABSOLUTE)

    Exec Addr    Load Addr    Size         Type   Attr      Idx    E Section Name        Object

    0x08000000   0x08000000   0x00000188   Data   RO            3    RESET               startup_stm32f405xx.o
    0x08000188   0x08000188   0x00000000   Code   RO         2745  * .ARM.Collect$$$$00000000  mc_w.l(entry.o)
    0x08000188   0x08000188   0x00000004   Code   RO         2768    .ARM.Collect$$$$00000001  mc_w.l(entry2.o)
    0x0800018c   0x0800018c   0x00000004   Code   RO         2771    .ARM.Collect$$$$00000004  mc_w.l(entry5.o)
    0x08000190   0x08000190   0x00000000   Code   RO         2773    .ARM.Collect$$$$00000008  mc_w.l(entry7b.o)
    0x08000190   0x08000190   0x00000000   Code   RO         2775    .ARM.Collect$$$$0000000A  mc_w.l(entry8b.o)
    0x08000190   0x08000190   0x00000008   Code   RO         2776    .ARM.Collect$$$$0000000B  mc_w.l(entry9a.o)
    0x08000198   0x08000198   0x00000000   Code   RO         2778    .ARM.Collect$$$$0000000D  mc_w.l(entry10a.o)
    0x08000198   0x08000198   0x00000000   Code   RO         2780    .ARM.Collect$$$$0000000F  mc_w.l(entry11a.o)
    0x08000198   0x08000198   0x00000004   Code   RO         2769    .ARM.Collect$$$$00002712  mc_w.l(entry2.o)
    0x0800019c   0x0800019c   0x00000024   Code   RO            4    .text               startup_stm32f405xx.o
    0x080001c0   0x080001c0   0x00000062   Code   RO         2748    .text               mc_w.l(uldiv.o)
    0x08000222   0x08000222   0x00000024   Code   RO         2750    .text               mc_w.l(memseta.o)
    0x08000246   0x08000246   0x00000026   Code   RO         2762    .text               mf_w.l(f2d.o)
    0x0800026c   0x0800026c   0x00000030   Code   RO         2764    .text               mf_w.l(cdcmple.o)
    0x0800029c   0x0800029c   0x00000030   Code   RO         2766    .text               mf_w.l(cdrcmple.o)
    0x080002cc   0x080002cc   0x0000001e   Code   RO         2782    .text               mc_w.l(llshl.o)
    0x080002ea   0x080002ea   0x00000020   Code   RO         2784    .text               mc_w.l(llushr.o)
    0x0800030a   0x0800030a   0x00000000   Code   RO         2786    .text               mc_w.l(iusefp.o)
    0x0800030a   0x0800030a   0x00000002   PAD
    0x0800030c   0x0800030c   0x00000024   Code   RO         2789    .text               mc_w.l(init.o)
    0x08000330   0x08000330   0x00000056   Code   RO         2799    .text               mc_w.l(__dczerorl2.o)
    0x08000386   0x08000386   0x00000004   Code   RO          795    i.BusFault_Handler  stm32f4xx_it.o
    0x0800038a   0x0800038a   0x00000002   PAD
    0x0800038c   0x0800038c   0x00000010   Code   RO          796    i.CAN1_RX0_IRQHandler  stm32f4xx_it.o
    0x0800039c   0x0800039c   0x00000010   Code   RO          797    i.CAN1_SCE_IRQHandler  stm32f4xx_it.o
    0x080003ac   0x080003ac   0x00000010   Code   RO          798    i.CAN2_RX1_IRQHandler  stm32f4xx_it.o
    0x080003bc   0x080003bc   0x00000010   Code   RO          799    i.CAN2_SCE_IRQHandler  stm32f4xx_it.o
    0x080003cc   0x080003cc   0x0000009c   Code   RO           13    i.CAN_Init          can_bsp.o
    0x08000468   0x08000468   0x00000010   Code   RO          800    i.DMA1_Stream5_IRQHandler  stm32f4xx_it.o
    0x08000478   0x08000478   0x00000034   Code   RO         1666    i.DMA_CalcBaseAndBitshift  stm32f4xx_hal_dma.o
    0x080004ac   0x080004ac   0x000000aa   Code   RO         1667    i.DMA_CheckFifoParam  stm32f4xx_hal_dma.o
    0x08000556   0x08000556   0x0000002c   Code   RO         1668    i.DMA_SetConfig     stm32f4xx_hal_dma.o
    0x08000582   0x08000582   0x00000002   Code   RO          801    i.DebugMon_Handler  stm32f4xx_it.o
    0x08000584   0x08000584   0x00000002   Code   RO          564    i.Error_Handler     main.o
    0x08000586   0x08000586   0x00000002   PAD
    0x08000588   0x08000588   0x00000058   Code   RO          256    i.FabsD             rm3508.o
    0x080005e0   0x080005e0   0x00000030   Code   RO          472    i.GM6020_Ang2Cnt    gm6020.o
    0x08000610   0x08000610   0x0000005c   Code   RO          473    i.GM6020_CAN_Send_Data  gm6020.o
    0x0800066c   0x0800066c   0x0000003c   Code   RO          475    i.GM6020_Get_Feedback  gm6020.o
    0x080006a8   0x080006a8   0x00000010   Code   RO          476    i.GM6020_Get_Pos    gm6020.o
    0x080006b8   0x080006b8   0x0000006c   Code   RO          477    i.GM6020_Get_Speed  gm6020.o
    0x08000724   0x08000724   0x000000a0   Code   RO          479    i.GM6020_Pos_Rec    gm6020.o
    0x080007c4   0x080007c4   0x00000234   Code   RO          480    i.GM6020_Set_Pos    gm6020.o
    0x080009f8   0x080009f8   0x0000023c   Code   RO          481    i.GM6020_Set_Speed  gm6020.o
    0x08000c34   0x08000c34   0x0000006c   Code   RO          482    i.GM6020_Set_V      gm6020.o
    0x08000ca0   0x08000ca0   0x0000002a   Code   RO          929    i.HAL_CAN_ActivateNotification  stm32f4xx_hal_can.o
    0x08000cca   0x08000cca   0x00000156   Code   RO          930    i.HAL_CAN_AddTxMessage  stm32f4xx_hal_can.o
    0x08000e20   0x08000e20   0x00000124   Code   RO          931    i.HAL_CAN_ConfigFilter  stm32f4xx_hal_can.o
    0x08000f44   0x08000f44   0x00000002   Code   RO          934    i.HAL_CAN_ErrorCallback  stm32f4xx_hal_can.o
    0x08000f46   0x08000f46   0x0000017a   Code   RO          937    i.HAL_CAN_GetRxMessage  stm32f4xx_hal_can.o
    0x080010c0   0x080010c0   0x00000036   Code   RO          939    i.HAL_CAN_GetTxMailboxesFreeLevel  stm32f4xx_hal_can.o
    0x080010f6   0x080010f6   0x0000024e   Code   RO          941    i.HAL_CAN_IRQHandler  stm32f4xx_hal_can.o
    0x08001344   0x08001344   0x00000174   Code   RO          942    i.HAL_CAN_Init      stm32f4xx_hal_can.o
    0x080014b8   0x080014b8   0x00000184   Code   RO          665    i.HAL_CAN_MspInit   can.o
    0x0800163c   0x0800163c   0x00000002   Code   RO          949    i.HAL_CAN_RxFifo0FullCallback  stm32f4xx_hal_can.o
    0x0800163e   0x0800163e   0x00000002   PAD
    0x08001640   0x08001640   0x00000048   Code   RO          565    i.HAL_CAN_RxFifo0MsgPendingCallback  main.o
    0x08001688   0x08001688   0x00000002   Code   RO          951    i.HAL_CAN_RxFifo1FullCallback  stm32f4xx_hal_can.o
    0x0800168a   0x0800168a   0x00000002   PAD
    0x0800168c   0x0800168c   0x00000048   Code   RO          566    i.HAL_CAN_RxFifo1MsgPendingCallback  main.o
    0x080016d4   0x080016d4   0x00000002   Code   RO          953    i.HAL_CAN_SleepCallback  stm32f4xx_hal_can.o
    0x080016d6   0x080016d6   0x0000005e   Code   RO          954    i.HAL_CAN_Start     stm32f4xx_hal_can.o
    0x08001734   0x08001734   0x00000002   Code   RO          956    i.HAL_CAN_TxMailbox0AbortCallback  stm32f4xx_hal_can.o
    0x08001736   0x08001736   0x00000002   Code   RO          957    i.HAL_CAN_TxMailbox0CompleteCallback  stm32f4xx_hal_can.o
    0x08001738   0x08001738   0x00000002   Code   RO          958    i.HAL_CAN_TxMailbox1AbortCallback  stm32f4xx_hal_can.o
    0x0800173a   0x0800173a   0x00000002   Code   RO          959    i.HAL_CAN_TxMailbox1CompleteCallback  stm32f4xx_hal_can.o
    0x0800173c   0x0800173c   0x00000002   Code   RO          960    i.HAL_CAN_TxMailbox2AbortCallback  stm32f4xx_hal_can.o
    0x0800173e   0x0800173e   0x00000002   Code   RO          961    i.HAL_CAN_TxMailbox2CompleteCallback  stm32f4xx_hal_can.o
    0x08001740   0x08001740   0x00000002   Code   RO          963    i.HAL_CAN_WakeUpFromRxMsgCallback  stm32f4xx_hal_can.o
    0x08001742   0x08001742   0x000000aa   Code   RO         1669    i.HAL_DMA_Abort     stm32f4xx_hal_dma.o
    0x080017ec   0x080017ec   0x00000028   Code   RO         1670    i.HAL_DMA_Abort_IT  stm32f4xx_hal_dma.o
    0x08001814   0x08001814   0x00000240   Code   RO         1674    i.HAL_DMA_IRQHandler  stm32f4xx_hal_dma.o
    0x08001a54   0x08001a54   0x000000ec   Code   RO         1675    i.HAL_DMA_Init      stm32f4xx_hal_dma.o
    0x08001b40   0x08001b40   0x00000092   Code   RO         1679    i.HAL_DMA_Start_IT  stm32f4xx_hal_dma.o
    0x08001bd2   0x08001bd2   0x00000002   PAD
    0x08001bd4   0x08001bd4   0x00000028   Code   RO         2093    i.HAL_Delay         stm32f4xx_hal.o
    0x08001bfc   0x08001bfc   0x00000200   Code   RO         1562    i.HAL_GPIO_Init     stm32f4xx_hal_gpio.o
    0x08001dfc   0x08001dfc   0x00000012   Code   RO         1565    i.HAL_GPIO_TogglePin  stm32f4xx_hal_gpio.o
    0x08001e0e   0x08001e0e   0x0000000c   Code   RO         1566    i.HAL_GPIO_WritePin  stm32f4xx_hal_gpio.o
    0x08001e1a   0x08001e1a   0x00000002   PAD
    0x08001e1c   0x08001e1c   0x0000000c   Code   RO         2099    i.HAL_GetTick       stm32f4xx_hal.o
    0x08001e28   0x08001e28   0x00000018   Code   RO         2105    i.HAL_IncTick       stm32f4xx_hal.o
    0x08001e40   0x08001e40   0x0000003c   Code   RO         2106    i.HAL_Init          stm32f4xx_hal.o
    0x08001e7c   0x08001e7c   0x0000004c   Code   RO         2107    i.HAL_InitTick      stm32f4xx_hal.o
    0x08001ec8   0x08001ec8   0x00000048   Code   RO          904    i.HAL_MspInit       stm32f4xx_hal_msp.o
    0x08001f10   0x08001f10   0x00000020   Code   RO         1951    i.HAL_NVIC_EnableIRQ  stm32f4xx_hal_cortex.o
    0x08001f30   0x08001f30   0x0000007c   Code   RO         1957    i.HAL_NVIC_SetPriority  stm32f4xx_hal_cortex.o
    0x08001fac   0x08001fac   0x00000028   Code   RO         1958    i.HAL_NVIC_SetPriorityGrouping  stm32f4xx_hal_cortex.o
    0x08001fd4   0x08001fd4   0x00000184   Code   RO         1163    i.HAL_RCC_ClockConfig  stm32f4xx_hal_rcc.o
    0x08002158   0x08002158   0x0000000c   Code   RO         1168    i.HAL_RCC_GetHCLKFreq  stm32f4xx_hal_rcc.o
    0x08002164   0x08002164   0x00000020   Code   RO         1170    i.HAL_RCC_GetPCLK1Freq  stm32f4xx_hal_rcc.o
    0x08002184   0x08002184   0x00000020   Code   RO         1171    i.HAL_RCC_GetPCLK2Freq  stm32f4xx_hal_rcc.o
    0x080021a4   0x080021a4   0x000000b0   Code   RO         1172    i.HAL_RCC_GetSysClockFreq  stm32f4xx_hal_rcc.o
    0x08002254   0x08002254   0x00000488   Code   RO         1175    i.HAL_RCC_OscConfig  stm32f4xx_hal_rcc.o
    0x080026dc   0x080026dc   0x00000034   Code   RO         1962    i.HAL_SYSTICK_Config  stm32f4xx_hal_cortex.o
    0x08002710   0x08002710   0x00000066   Code   RO         2399    i.HAL_UART_DMAStop  stm32f4xx_hal_uart.o
    0x08002776   0x08002776   0x00000002   Code   RO         2401    i.HAL_UART_ErrorCallback  stm32f4xx_hal_uart.o
    0x08002778   0x08002778   0x00000154   Code   RO         2404    i.HAL_UART_IRQHandler  stm32f4xx_hal_uart.o
    0x080028cc   0x080028cc   0x00000072   Code   RO         2405    i.HAL_UART_Init     stm32f4xx_hal_uart.o
    0x0800293e   0x0800293e   0x00000002   PAD
    0x08002940   0x08002940   0x000000fc   Code   RO          738    i.HAL_UART_MspInit  usart.o
    0x08002a3c   0x08002a3c   0x000000c4   Code   RO         2409    i.HAL_UART_Receive_DMA  stm32f4xx_hal_uart.o
    0x08002b00   0x08002b00   0x00000002   Code   RO         2411    i.HAL_UART_RxCpltCallback  stm32f4xx_hal_uart.o
    0x08002b02   0x08002b02   0x00000002   Code   RO         2412    i.HAL_UART_RxHalfCpltCallback  stm32f4xx_hal_uart.o
    0x08002b04   0x08002b04   0x00000002   Code   RO         2416    i.HAL_UART_TxCpltCallback  stm32f4xx_hal_uart.o
    0x08002b06   0x08002b06   0x00000004   Code   RO          802    i.HardFault_Handler  stm32f4xx_it.o
    0x08002b0a   0x08002b0a   0x00000002   PAD
    0x08002b0c   0x08002b0c   0x00000040   Code   RO          666    i.MX_CAN1_Init      can.o
    0x08002b4c   0x08002b4c   0x00000040   Code   RO          667    i.MX_CAN2_Init      can.o
    0x08002b8c   0x08002b8c   0x00000038   Code   RO          713    i.MX_DMA_Init       dma.o
    0x08002bc4   0x08002bc4   0x00000120   Code   RO          640    i.MX_GPIO_Init      gpio.o
    0x08002ce4   0x08002ce4   0x00000038   Code   RO          739    i.MX_USART2_UART_Init  usart.o
    0x08002d1c   0x08002d1c   0x00000004   Code   RO          803    i.MemManage_Handler  stm32f4xx_it.o
    0x08002d20   0x08002d20   0x00000002   Code   RO          804    i.NMI_Handler       stm32f4xx_it.o
    0x08002d22   0x08002d22   0x00000002   Code   RO          805    i.PendSV_Handler    stm32f4xx_it.o
    0x08002d24   0x08002d24   0x00000030   Code   RO          258    i.RM3508_Ang2Cnt    rm3508.o
    0x08002d54   0x08002d54   0x0000005c   Code   RO          259    i.RM3508_CAN_Send_Data  rm3508.o
    0x08002db0   0x08002db0   0x00000040   Code   RO          261    i.RM3508_Get_Feedback  rm3508.o
    0x08002df0   0x08002df0   0x00000010   Code   RO          262    i.RM3508_Get_Pos    rm3508.o
    0x08002e00   0x08002e00   0x00000060   Code   RO          263    i.RM3508_Get_Speed  rm3508.o
    0x08002e60   0x08002e60   0x0000009c   Code   RO          265    i.RM3508_Pos_Rec    rm3508.o
    0x08002efc   0x08002efc   0x000002a8   Code   RO          266    i.RM3508_Set_Ang    rm3508.o
    0x080031a4   0x080031a4   0x00000094   Code   RO          267    i.RM3508_Set_I      rm3508.o
    0x08003238   0x08003238   0x000002a4   Code   RO          270    i.RM3508_Set_Speed  rm3508.o
    0x080034dc   0x080034dc   0x00000002   Code   RO          806    i.SVC_Handler       stm32f4xx_it.o
    0x080034de   0x080034de   0x00000002   PAD
    0x080034e0   0x080034e0   0x00000074   Code   RO          213    i.Speed_Robot_Coordinate  wheel_run.o
    0x08003554   0x08003554   0x00000008   Code   RO          807    i.SysTick_Handler   stm32f4xx_it.o
    0x0800355c   0x0800355c   0x000000b4   Code   RO          567    i.SystemClock_Config  main.o
    0x08003610   0x08003610   0x0000001c   Code   RO         2712    i.SystemInit        system_stm32f4xx.o
    0x0800362c   0x0800362c   0x00000014   Code   RO         2418    i.UART_DMAAbortOnError  stm32f4xx_hal_uart.o
    0x08003640   0x08003640   0x00000050   Code   RO         2419    i.UART_DMAError     stm32f4xx_hal_uart.o
    0x08003690   0x08003690   0x00000046   Code   RO         2420    i.UART_DMAReceiveCplt  stm32f4xx_hal_uart.o
    0x080036d6   0x080036d6   0x0000000e   Code   RO         2422    i.UART_DMARxHalfCplt  stm32f4xx_hal_uart.o
    0x080036e4   0x080036e4   0x00000020   Code   RO         2428    i.UART_EndRxTransfer  stm32f4xx_hal_uart.o
    0x08003704   0x08003704   0x00000020   Code   RO         2429    i.UART_EndTransmit_IT  stm32f4xx_hal_uart.o
    0x08003724   0x08003724   0x00000014   Code   RO         2430    i.UART_EndTxTransfer  stm32f4xx_hal_uart.o
    0x08003738   0x08003738   0x000000a6   Code   RO         2431    i.UART_Receive_IT   stm32f4xx_hal_uart.o
    0x080037de   0x080037de   0x00000002   PAD
    0x080037e0   0x080037e0   0x000003e8   Code   RO         2432    i.UART_SetConfig    stm32f4xx_hal_uart.o
    0x08003bc8   0x08003bc8   0x00000068   Code   RO         2433    i.UART_Transmit_IT  stm32f4xx_hal_uart.o
    0x08003c30   0x08003c30   0x00000014   Code   RO          808    i.USART2_IRQHandler  stm32f4xx_it.o
    0x08003c44   0x08003c44   0x00000034   Code   RO          740    i.USAR_UART_IDLECallback  usart.o
    0x08003c78   0x08003c78   0x00000044   Code   RO          741    i.USER_UART_IRQHandler  usart.o
    0x08003cbc   0x08003cbc   0x00000004   Code   RO          809    i.UsageFault_Handler  stm32f4xx_it.o
    0x08003cc0   0x08003cc0   0x0000003c   Code   RO          214    i.Wheels_Run        wheel_run.o
    0x08003cfc   0x08003cfc   0x00000010   Code   RO         1964    i.__NVIC_GetPriorityGrouping  stm32f4xx_hal_cortex.o
    0x08003d0c   0x08003d0c   0x00000028   Code   RO         1965    i.__NVIC_SetPriority  stm32f4xx_hal_cortex.o
    0x08003d34   0x08003d34   0x0000000e   Code   RO         2793    i.__scatterload_copy  mc_w.l(handlers.o)
    0x08003d42   0x08003d42   0x00000002   Code   RO         2794    i.__scatterload_null  mc_w.l(handlers.o)
    0x08003d44   0x08003d44   0x0000000e   Code   RO         2795    i.__scatterload_zeroinit  mc_w.l(handlers.o)
    0x08003d52   0x08003d52   0x00000002   PAD
    0x08003d54   0x08003d54   0x000000a0   Code   RO          144    i.catch_arm         catch_data.o
    0x08003df4   0x08003df4   0x0000009c   Code   RO          145    i.catch_arm_gm6020  catch_data.o
    0x08003e90   0x08003e90   0x0000009c   Code   RO          146    i.catch_arm_rm2006  catch_data.o
    0x08003f2c   0x08003f2c   0x00000064   Code   RO          147    i.catch_data        catch_data.o
    0x08003f90   0x08003f90   0x000001d4   Code   RO          148    i.catch_direction   catch_data.o
    0x08004164   0x08004164   0x00000064   Code   RO          149    i.catch_speed       catch_data.o
    0x080041c8   0x080041c8   0x00000178   Code   RO          568    i.main              main.o
    0x08004340   0x08004340   0x00000008   Data   RO          273    .constdata          rm3508.o
    0x08004348   0x08004348   0x00000008   Data   RO          484    .constdata          gm6020.o
    0x08004350   0x08004350   0x00000008   Data   RO         1681    .constdata          stm32f4xx_hal_dma.o
    0x08004358   0x08004358   0x00000018   Data   RO         2713    .constdata          system_stm32f4xx.o
    0x08004370   0x08004370   0x00000020   Data   RO         2791    Region$$Table       anon$$obj.o


    Execution Region RW_IRAM1 (Exec base: 0x20000000, Load base: 0x08004390, Size: 0x00000e88, Max: 0x00020000, ABSOLUTE, COMPRESSED[0x000000e4])

    Exec Addr    Load Addr    Size         Type   Attr      Idx    E Section Name        Object

    0x20000000   COMPRESSED   0x00000008   Data   RW          150    .data               catch_data.o
    0x20000008   COMPRESSED   0x00000020   Data   RW          215    .data               wheel_run.o
    0x20000028   COMPRESSED   0x00000410   Data   RW          274    .data               rm3508.o
    0x20000438   COMPRESSED   0x00000308   Data   RW          485    .data               gm6020.o
    0x20000740   COMPRESSED   0x00000018   Data   RW          570    .data               main.o
    0x20000758   COMPRESSED   0x00000004   Data   RW          669    .data               can.o
    0x2000075c   COMPRESSED   0x00000009   Data   RW         2113    .data               stm32f4xx_hal.o
    0x20000765   COMPRESSED   0x00000003   PAD
    0x20000768   COMPRESSED   0x00000004   Data   RW         2714    .data               system_stm32f4xx.o
    0x2000076c        -       0x00000098   Zero   RW          272    .bss                rm3508.o
    0x20000804        -       0x00000090   Zero   RW          483    .bss                gm6020.o
    0x20000894        -       0x000000ff   Zero   RW          569    .bss                main.o
    0x20000993   COMPRESSED   0x00000001   PAD
    0x20000994        -       0x00000050   Zero   RW          668    .bss                can.o
    0x200009e4        -       0x000000a0   Zero   RW          742    .bss                usart.o
    0x20000a84   COMPRESSED   0x00000004   PAD
    0x20000a88        -       0x00000400   Zero   RW            1    STACK               startup_stm32f405xx.o


==============================================================================

Image component sizes


      Code (inc. data)   RO Data    RW Data    ZI Data      Debug   Object Name

       516         40          0          4         80       2330   can.o
       156         10          0          0          0     617471   can_bsp.o
      1140        102          0          8          0       3881   catch_data.o
        56          4          0          0          0        714   dma.o
      1728         70          8        776        144       7510   gm6020.o
       288         16          0          0          0        979   gpio.o
       702         68          0         24        255       3899   main.o
      2064         82          8       1040        152       8621   rm3508.o
        36          8        392          0       1024        824   startup_stm32f405xx.o
       212         36          0          9          0       9281   stm32f4xx_hal.o
      2186          6          0          0          0      14161   stm32f4xx_hal_can.o
       304         22          0          0          0      34355   stm32f4xx_hal_cortex.o
      1434         16          8          0          0       6902   stm32f4xx_hal_dma.o
       542         46          0          0          0       2877   stm32f4xx_hal_gpio.o
        72          4          0          0          0        802   stm32f4xx_hal_msp.o
      1800         84          0          0          0       5516   stm32f4xx_hal_rcc.o
      2298         26          0          0          0      12275   stm32f4xx_hal_uart.o
       132         34          0          0          0       6876   stm32f4xx_it.o
        28          4         24          4          0       1091   system_stm32f4xx.o
       428         52          0          0        160       2925   usart.o
       176         10          0         32          0       1855   wheel_run.o

    ----------------------------------------------------------------------
     16318        740        472       1900       1820     745145   Object Totals
         0          0         32          0          0          0   (incl. Generated)
        20          0          0          3          5          0   (incl. Padding)

    ----------------------------------------------------------------------

      Code (inc. data)   RO Data    RW Data    ZI Data      Debug   Library Member Name

        86          0          0          0          0          0   __dczerorl2.o
         0          0          0          0          0          0   entry.o
         0          0          0          0          0          0   entry10a.o
         0          0          0          0          0          0   entry11a.o
         8          4          0          0          0          0   entry2.o
         4          0          0          0          0          0   entry5.o
         0          0          0          0          0          0   entry7b.o
         0          0          0          0          0          0   entry8b.o
         8          4          0          0          0          0   entry9a.o
        30          0          0          0          0          0   handlers.o
        36          8          0          0          0         68   init.o
         0          0          0          0          0          0   iusefp.o
        30          0          0          0          0         68   llshl.o
        32          0          0          0          0         68   llushr.o
        36          0          0          0          0        108   memseta.o
        98          0          0          0          0         92   uldiv.o
        48          0          0          0          0         68   cdcmple.o
        48          0          0          0          0         68   cdrcmple.o
        38          0          0          0          0         68   f2d.o

    ----------------------------------------------------------------------
       506         16          0          0          0        608   Library Totals
         4          0          0          0          0          0   (incl. Padding)

    ----------------------------------------------------------------------

      Code (inc. data)   RO Data    RW Data    ZI Data      Debug   Library Name

       368         16          0          0          0        404   mc_w.l
       134          0          0          0          0        204   mf_w.l

    ----------------------------------------------------------------------
       506         16          0          0          0        608   Library Totals

    ----------------------------------------------------------------------

==============================================================================


      Code (inc. data)   RO Data    RW Data    ZI Data      Debug   

     16824        756        472       1900       1820     734329   Grand Totals
     16824        756        472        228       1820     734329   ELF Image Totals (compressed)
     16824        756        472        228          0          0   ROM Totals

==============================================================================

    Total RO  Size (Code + RO Data)                17296 (  16.89kB)
    Total RW  Size (RW Data + ZI Data)              3720 (   3.63kB)
    Total ROM Size (Code + RO Data + RW Data)      17524 (  17.11kB)

==============================================================================

